
Epoch 1/200:   0%|          | 0/150 [00:00<?, ?it/s]
Epoch 1/200:   1%|          | 1/150 [00:00<00:21,  6.91it/s]
Epoch 1/200:  15%|█▌        | 23/150 [00:00<00:01, 112.68it/s]
Epoch 1/200:  29%|██▊       | 43/150 [00:00<00:00, 147.67it/s]
Epoch 1/200:  43%|████▎     | 64/150 [00:00<00:00, 168.95it/s]
Epoch 1/200:  56%|█████▌    | 84/150 [00:00<00:00, 178.91it/s]
Epoch 1/200:  69%|██████▉   | 104/150 [00:00<00:00, 185.66it/s]
Epoch 1/200:  83%|████████▎ | 124/150 [00:00<00:00, 189.33it/s]
Epoch 1/200:  96%|█████████▌| 144/150 [00:00<00:00, 191.99it/s]
Epoch 1/200: 100%|██████████| 150/150 [00:00<00:00, 169.71it/s]

Epoch 2/200:   0%|          | 0/150 [00:00<?, ?it/s]
Epoch 2/200:  13%|█▎        | 20/150 [00:00<00:00, 191.56it/s]
Epoch 2/200:  27%|██▋       | 40/150 [00:00<00:00, 195.46it/s]
Epoch 2/200:  40%|████      | 60/150 [00:00<00:00, 197.46it/s]
Epoch 2/200:  53%|█████▎    | 80/150 [00:00<00:00, 197.92it/s]
Epoch 2/200:  67%|██████▋   | 100/150 [00:00<00:00, 198.02it/s]
Epoch 2/200:  80%|████████  | 120/150 [00:00<00:00, 195.99it/s]
Epoch 2/200:  93%|█████████▎| 140/150 [00:00<00:00, 196.66it/s]
Epoch 2/200: 100%|██████████| 150/150 [00:00<00:00, 196.75it/s]

Epoch 3/200:   0%|          | 0/150 [00:00<?, ?it/s]
Epoch 3/200:  13%|█▎        | 20/150 [00:00<00:00, 192.11it/s]
Epoch 3/200:  27%|██▋       | 40/150 [00:00<00:00, 194.63it/s]
Epoch 3/200:  40%|████      | 60/150 [00:00<00:00, 196.23it/s]
Epoch 3/200:  53%|█████▎    | 80/150 [00:00<00:00, 196.68it/s]
Epoch 3/200:  67%|██████▋   | 100/150 [00:00<00:00, 197.04it/s]
Epoch 3/200:  80%|████████  | 120/150 [00:00<00:00, 197.37it/s]
Epoch 3/200:  93%|█████████▎| 140/150 [00:00<00:00, 197.53it/s]
Epoch 3/200: 100%|██████████| 150/150 [00:00<00:00, 196.94it/s]

Epoch 4/200:   0%|          | 0/150 [00:00<?, ?it/s]
Epoch 4/200:  13%|█▎        | 19/150 [00:00<00:00, 189.86it/s]
Epoch 4/200:  26%|██▌       | 39/150 [00:00<00:00, 194.23it/s]
Epoch 4/200:  39%|███▉      | 59/150 [00:00<00:00, 196.06it/s]
Epoch 4/200:  53%|█████▎    | 79/150 [00:00<00:00, 196.76it/s]
Epoch 4/200:  66%|██████▌   | 99/150 [00:00<00:00, 193.48it/s]
Epoch 4/200:  79%|███████▉  | 119/150 [00:00<00:00, 193.97it/s]
Epoch 4/200:  93%|█████████▎| 139/150 [00:00<00:00, 194.55it/s]
Epoch 4/200: 100%|██████████| 150/150 [00:00<00:00, 194.81it/s]

Epoch 5/200:   0%|          | 0/150 [00:00<?, ?it/s]
Epoch 5/200:  13%|█▎        | 20/150 [00:00<00:00, 191.96it/s]
Epoch 5/200:  27%|██▋       | 40/150 [00:00<00:00, 189.83it/s]
Epoch 5/200:  40%|████      | 60/150 [00:00<00:00, 192.34it/s]
Epoch 5/200:  53%|█████▎    | 80/150 [00:00<00:00, 195.15it/s]
Epoch 5/200:  67%|██████▋   | 100/150 [00:00<00:00, 196.21it/s]
Epoch 5/200:  80%|████████  | 120/150 [00:00<00:00, 197.31it/s]
Epoch 5/200:  93%|█████████▎| 140/150 [00:00<00:00, 197.84it/s]
Epoch 5/200: 100%|██████████| 150/150 [00:00<00:00, 196.22it/s]

Epoch 6/200:   0%|          | 0/150 [00:00<?, ?it/s]
Epoch 6/200:  13%|█▎        | 20/150 [00:00<00:00, 199.26it/s]
Epoch 6/200:  27%|██▋       | 40/150 [00:00<00:00, 199.28it/s]
Epoch 6/200:  40%|████      | 60/150 [00:00<00:00, 199.16it/s]
Epoch 6/200:  54%|█████▍    | 81/150 [00:00<00:00, 199.58it/s]
Epoch 6/200:  68%|██████▊   | 102/150 [00:00<00:00, 199.85it/s]
Epoch 6/200:  81%|████████▏ | 122/150 [00:00<00:00, 199.08it/s]
Epoch 6/200:  95%|█████████▌| 143/150 [00:00<00:00, 199.52it/s]
Epoch 6/200: 100%|██████████| 150/150 [00:00<00:00, 199.52it/s]

Epoch 7/200:   0%|          | 0/150 [00:00<?, ?it/s]
Epoch 7/200:  13%|█▎        | 20/150 [00:00<00:00, 192.16it/s]
Epoch 7/200:  27%|██▋       | 40/150 [00:00<00:00, 196.43it/s]
Epoch 7/200:  40%|████      | 60/150 [00:00<00:00, 197.55it/s]
Epoch 7/200:  53%|█████▎    | 80/150 [00:00<00:00, 198.25it/s]
Epoch 7/200:  67%|██████▋   | 100/150 [00:00<00:00, 198.45it/s]
Epoch 7/200:  80%|████████  | 120/150 [00:00<00:00, 198.85it/s]
Epoch 7/200:  93%|█████████▎| 140/150 [00:00<00:00, 193.41it/s]
Epoch 7/200: 100%|██████████| 150/150 [00:00<00:00, 196.24it/s]

Epoch 8/200:   0%|          | 0/150 [00:00<?, ?it/s]
Epoch 8/200:  13%|█▎        | 20/150 [00:00<00:00, 194.87it/s]
Epoch 8/200:  27%|██▋       | 40/150 [00:00<00:00, 197.02it/s]
Epoch 8/200:  40%|████      | 60/150 [00:00<00:00, 197.30it/s]
Epoch 8/200:  53%|█████▎    | 80/150 [00:00<00:00, 196.56it/s]
Epoch 8/200:  67%|██████▋   | 100/150 [00:00<00:00, 196.36it/s]
Epoch 8/200:  80%|████████  | 120/150 [00:00<00:00, 196.60it/s]
Epoch 8/200:  93%|█████████▎| 140/150 [00:00<00:00, 197.20it/s]
Epoch 8/200: 100%|██████████| 150/150 [00:00<00:00, 197.07it/s]

Epoch 9/200:   0%|          | 0/150 [00:00<?, ?it/s]
Epoch 9/200:  13%|█▎        | 20/150 [00:00<00:00, 192.39it/s]
Epoch 9/200:  27%|██▋       | 40/150 [00:00<00:00, 195.80it/s]
Epoch 9/200:  40%|████      | 60/150 [00:00<00:00, 196.54it/s]
Epoch 9/200:  53%|█████▎    | 80/150 [00:00<00:00, 197.58it/s]
Epoch 9/200:  67%|██████▋   | 100/150 [00:00<00:00, 198.10it/s]
Epoch 9/200:  80%|████████  | 120/150 [00:00<00:00, 197.63it/s]
Epoch 9/200:  93%|█████████▎| 140/150 [00:00<00:00, 197.83it/s]
Epoch 9/200: 100%|██████████| 150/150 [00:00<00:00, 197.41it/s]

Epoch 10/200:   0%|          | 0/150 [00:00<?, ?it/s]
Epoch 10/200:  13%|█▎        | 20/150 [00:00<00:00, 192.86it/s]
Epoch 10/200:  27%|██▋       | 40/150 [00:00<00:00, 195.81it/s]
Epoch 10/200:  40%|████      | 60/150 [00:00<00:00, 196.81it/s]
Epoch 10/200:  53%|█████▎    | 80/150 [00:00<00:00, 191.40it/s]
Epoch 10/200:  67%|██████▋   | 100/150 [00:00<00:00, 194.34it/s]
Epoch 10/200:  80%|████████  | 120/150 [00:00<00:00, 195.49it/s]
Epoch 10/200:  93%|█████████▎| 140/150 [00:00<00:00, 196.21it/s]
Epoch 10/200: 100%|██████████| 150/150 [00:00<00:00, 195.50it/s]

Epoch 11/200:   0%|          | 0/150 [00:00<?, ?it/s]
Epoch 11/200:  13%|█▎        | 20/150 [00:00<00:00, 193.96it/s]
Epoch 11/200:  27%|██▋       | 40/150 [00:00<00:00, 197.25it/s]
Epoch 11/200:  40%|████      | 60/150 [00:00<00:00, 198.07it/s]
Epoch 11/200:  53%|█████▎    | 80/150 [00:00<00:00, 198.60it/s]
Epoch 11/200:  67%|██████▋   | 100/150 [00:00<00:00, 199.05it/s]
Epoch 11/200:  80%|████████  | 120/150 [00:00<00:00, 199.36it/s]
Epoch 11/200:  93%|█████████▎| 140/150 [00:00<00:00, 199.38it/s]
Epoch 11/200: 100%|██████████| 150/150 [00:00<00:00, 198.81it/s]

Epoch 12/200:   0%|          | 0/150 [00:00<?, ?it/s]
Epoch 12/200:  13%|█▎        | 20/150 [00:00<00:00, 193.82it/s]
Epoch 12/200:  27%|██▋       | 40/150 [00:00<00:00, 196.10it/s]
Epoch 12/200:  40%|████      | 60/150 [00:00<00:00, 196.58it/s]
Epoch 12/200:  53%|█████▎    | 80/150 [00:00<00:00, 196.99it/s]
Epoch 12/200:  67%|██████▋   | 100/150 [00:00<00:00, 198.04it/s]
Epoch 12/200:  80%|████████  | 120/150 [00:00<00:00, 198.19it/s]
Epoch 12/200:  94%|█████████▍| 141/150 [00:00<00:00, 199.00it/s]
Epoch 12/200: 100%|██████████| 150/150 [00:00<00:00, 198.15it/s]

Epoch 13/200:   0%|          | 0/150 [00:00<?, ?it/s]
Epoch 13/200:  13%|█▎        | 19/150 [00:00<00:00, 180.66it/s]
Epoch 13/200:  27%|██▋       | 40/150 [00:00<00:00, 192.68it/s]
Epoch 13/200:  41%|████      | 61/150 [00:00<00:00, 196.13it/s]
Epoch 13/200:  54%|█████▍    | 81/150 [00:00<00:00, 197.04it/s]
Epoch 13/200:  67%|██████▋   | 101/150 [00:00<00:00, 197.60it/s]
Epoch 13/200:  81%|████████  | 121/150 [00:00<00:00, 198.14it/s]
Epoch 13/200:  94%|█████████▍| 141/150 [00:00<00:00, 198.30it/s]
Epoch 13/200: 100%|██████████| 150/150 [00:00<00:00, 197.02it/s]

Epoch 14/200:   0%|          | 0/150 [00:00<?, ?it/s]
Epoch 14/200:  13%|█▎        | 20/150 [00:00<00:00, 199.47it/s]
Epoch 14/200:  27%|██▋       | 41/150 [00:00<00:00, 201.39it/s]
Epoch 14/200:  41%|████▏     | 62/150 [00:00<00:00, 200.16it/s]
Epoch 14/200:  55%|█████▌    | 83/150 [00:00<00:00, 199.19it/s]
Epoch 14/200:  69%|██████▊   | 103/150 [00:00<00:00, 198.85it/s]
Epoch 14/200:  82%|████████▏ | 123/150 [00:00<00:00, 198.20it/s]
Epoch 14/200:  95%|█████████▌| 143/150 [00:00<00:00, 198.03it/s]
Epoch 14/200: 100%|██████████| 150/150 [00:00<00:00, 198.94it/s]

Epoch 15/200:   0%|          | 0/150 [00:00<?, ?it/s]
Epoch 15/200:  13%|█▎        | 20/150 [00:00<00:00, 192.25it/s]
Epoch 15/200:  27%|██▋       | 40/150 [00:00<00:00, 194.63it/s]
Epoch 15/200:  40%|████      | 60/150 [00:00<00:00, 196.00it/s]
Epoch 15/200:  54%|█████▍    | 81/150 [00:00<00:00, 197.64it/s]
Epoch 15/200:  67%|██████▋   | 101/150 [00:00<00:00, 198.05it/s]
Epoch 15/200:  81%|████████  | 121/150 [00:00<00:00, 192.97it/s]
Epoch 15/200:  94%|█████████▍| 141/150 [00:00<00:00, 195.12it/s]
Epoch 15/200: 100%|██████████| 150/150 [00:00<00:00, 195.68it/s]

Epoch 16/200:   0%|          | 0/150 [00:00<?, ?it/s]
Epoch 16/200:  13%|█▎        | 20/150 [00:00<00:00, 193.02it/s]
Epoch 16/200:  27%|██▋       | 40/150 [00:00<00:00, 196.30it/s]
Epoch 16/200:  40%|████      | 60/150 [00:00<00:00, 197.87it/s]
Epoch 16/200:  53%|█████▎    | 80/150 [00:00<00:00, 198.53it/s]
Epoch 16/200:  67%|██████▋   | 101/150 [00:00<00:00, 199.31it/s]
Epoch 16/200:  81%|████████▏ | 122/150 [00:00<00:00, 199.66it/s]
Epoch 16/200:  95%|█████████▌| 143/150 [00:00<00:00, 199.88it/s]
Epoch 16/200: 100%|██████████| 150/150 [00:00<00:00, 199.01it/s]

Epoch 17/200:   0%|          | 0/150 [00:00<?, ?it/s]
Epoch 17/200:  13%|█▎        | 20/150 [00:00<00:00, 191.31it/s]
Epoch 17/200:  27%|██▋       | 40/150 [00:00<00:00, 195.60it/s]
Epoch 17/200:  40%|████      | 60/150 [00:00<00:00, 197.12it/s]
Epoch 17/200:  53%|█████▎    | 80/150 [00:00<00:00, 197.97it/s]
Epoch 17/200:  67%|██████▋   | 100/150 [00:00<00:00, 198.19it/s]
Epoch 17/200:  80%|████████  | 120/150 [00:00<00:00, 198.64it/s]
Epoch 17/200:  93%|█████████▎| 140/150 [00:00<00:00, 199.04it/s]
Epoch 17/200: 100%|██████████| 150/150 [00:00<00:00, 197.79it/s]

Epoch 18/200:   0%|          | 0/150 [00:00<?, ?it/s]
Epoch 18/200:  13%|█▎        | 20/150 [00:00<00:00, 194.89it/s]
Epoch 18/200:  27%|██▋       | 40/150 [00:00<00:00, 196.98it/s]
Epoch 18/200:  40%|████      | 60/150 [00:00<00:00, 193.07it/s]
Epoch 18/200:  54%|█████▍    | 81/150 [00:00<00:00, 196.51it/s]
Epoch 18/200:  67%|██████▋   | 101/150 [00:00<00:00, 197.33it/s]
Epoch 18/200:  81%|████████  | 121/150 [00:00<00:00, 197.89it/s]
Epoch 18/200:  94%|█████████▍| 141/150 [00:00<00:00, 198.30it/s]
Epoch 18/200: 100%|██████████| 150/150 [00:00<00:00, 197.22it/s]

Epoch 19/200:   0%|          | 0/150 [00:00<?, ?it/s]
Epoch 19/200:  13%|█▎        | 20/150 [00:00<00:00, 193.73it/s]
Epoch 19/200:  27%|██▋       | 40/150 [00:00<00:00, 197.05it/s]
Epoch 19/200:  40%|████      | 60/150 [00:00<00:00, 197.61it/s]
Epoch 19/200:  54%|█████▍    | 81/150 [00:00<00:00, 198.83it/s]
Epoch 19/200:  67%|██████▋   | 101/150 [00:00<00:00, 198.97it/s]
Epoch 19/200:  81%|████████▏ | 122/150 [00:00<00:00, 199.40it/s]
Epoch 19/200:  95%|█████████▍| 142/150 [00:00<00:00, 199.58it/s]
Epoch 19/200: 100%|██████████| 150/150 [00:00<00:00, 198.91it/s]

Epoch 20/200:   0%|          | 0/150 [00:00<?, ?it/s]
Epoch 20/200:  13%|█▎        | 20/150 [00:00<00:00, 193.86it/s]
Epoch 20/200:  27%|██▋       | 40/150 [00:00<00:00, 195.99it/s]
Epoch 20/200:  40%|████      | 60/150 [00:00<00:00, 197.53it/s]
Epoch 20/200:  53%|█████▎    | 80/150 [00:00<00:00, 197.92it/s]
Epoch 20/200:  67%|██████▋   | 100/150 [00:00<00:00, 198.56it/s]
Epoch 20/200:  80%|████████  | 120/150 [00:00<00:00, 198.41it/s]
Epoch 20/200:  93%|█████████▎| 140/150 [00:00<00:00, 198.38it/s]
Epoch 20/200: 100%|██████████| 150/150 [00:00<00:00, 196.67it/s]

Epoch 21/200:   0%|          | 0/150 [00:00<?, ?it/s]
Epoch 21/200:  14%|█▍        | 21/150 [00:00<00:00, 202.35it/s]
Epoch 21/200:  28%|██▊       | 42/150 [00:00<00:00, 200.04it/s]
Epoch 21/200:  42%|████▏     | 63/150 [00:00<00:00, 199.89it/s]
Epoch 21/200:  55%|█████▌    | 83/150 [00:00<00:00, 199.53it/s]
Epoch 21/200:  69%|██████▊   | 103/150 [00:00<00:00, 199.18it/s]
Epoch 21/200:  82%|████████▏ | 123/150 [00:00<00:00, 198.60it/s]
Epoch 21/200:  95%|█████████▌| 143/150 [00:00<00:00, 199.03it/s]
Epoch 21/200: 100%|██████████| 150/150 [00:00<00:00, 199.37it/s]

Epoch 22/200:   0%|          | 0/150 [00:00<?, ?it/s]
Epoch 22/200:  13%|█▎        | 20/150 [00:00<00:00, 192.91it/s]
Epoch 22/200:  27%|██▋       | 40/150 [00:00<00:00, 195.99it/s]
Epoch 22/200:  40%|████      | 60/150 [00:00<00:00, 197.37it/s]
Epoch 22/200:  53%|█████▎    | 80/150 [00:00<00:00, 197.98it/s]
Epoch 22/200:  67%|██████▋   | 100/150 [00:00<00:00, 198.11it/s]
Epoch 22/200:  80%|████████  | 120/150 [00:00<00:00, 198.53it/s]
Epoch 22/200:  93%|█████████▎| 140/150 [00:00<00:00, 198.94it/s]
Epoch 22/200: 100%|██████████| 150/150 [00:00<00:00, 198.16it/s]

Epoch 23/200:   0%|          | 0/150 [00:00<?, ?it/s]
Epoch 23/200:  13%|█▎        | 20/150 [00:00<00:00, 194.89it/s]
Epoch 23/200:  27%|██▋       | 40/150 [00:00<00:00, 197.07it/s]
Epoch 23/200:  40%|████      | 60/150 [00:00<00:00, 198.00it/s]
Epoch 23/200:  54%|█████▍    | 81/150 [00:00<00:00, 198.95it/s]
Epoch 23/200:  67%|██████▋   | 101/150 [00:00<00:00, 194.45it/s]
Epoch 23/200:  81%|████████▏ | 122/150 [00:00<00:00, 196.25it/s]
Epoch 23/200:  95%|█████████▌| 143/150 [00:00<00:00, 197.55it/s]
Epoch 23/200: 100%|██████████| 150/150 [00:00<00:00, 197.36it/s]

Epoch 24/200:   0%|          | 0/150 [00:00<?, ?it/s]
Epoch 24/200:  13%|█▎        | 20/150 [00:00<00:00, 193.66it/s]
Epoch 24/200:  27%|██▋       | 40/150 [00:00<00:00, 197.05it/s]
Epoch 24/200:  41%|████      | 61/150 [00:00<00:00, 198.80it/s]
Epoch 24/200:  54%|█████▍    | 81/150 [00:00<00:00, 198.96it/s]
Epoch 24/200:  68%|██████▊   | 102/150 [00:00<00:00, 199.53it/s]
Epoch 24/200:  81%|████████▏ | 122/150 [00:00<00:00, 199.30it/s]
Epoch 24/200:  95%|█████████▍| 142/150 [00:00<00:00, 198.76it/s]
Epoch 24/200: 100%|██████████| 150/150 [00:00<00:00, 198.62it/s]

Epoch 25/200:   0%|          | 0/150 [00:00<?, ?it/s]
Epoch 25/200:  13%|█▎        | 20/150 [00:00<00:00, 195.02it/s]
Epoch 25/200:  27%|██▋       | 40/150 [00:00<00:00, 193.46it/s]
Epoch 25/200:  40%|████      | 60/150 [00:00<00:00, 195.83it/s]
Epoch 25/200:  53%|█████▎    | 80/150 [00:00<00:00, 196.66it/s]
Epoch 25/200:  67%|██████▋   | 100/150 [00:00<00:00, 197.39it/s]
Epoch 25/200:  80%|████████  | 120/150 [00:00<00:00, 194.07it/s]
Epoch 25/200:  93%|█████████▎| 140/150 [00:00<00:00, 194.93it/s]
Epoch 25/200: 100%|██████████| 150/150 [00:00<00:00, 195.65it/s]

Epoch 26/200:   0%|          | 0/150 [00:00<?, ?it/s]
Epoch 26/200:  13%|█▎        | 20/150 [00:00<00:00, 196.89it/s]
Epoch 26/200:  27%|██▋       | 40/150 [00:00<00:00, 193.44it/s]
Epoch 26/200:  40%|████      | 60/150 [00:00<00:00, 196.13it/s]
Epoch 26/200:  54%|█████▍    | 81/150 [00:00<00:00, 198.00it/s]
Epoch 26/200:  67%|██████▋   | 101/150 [00:00<00:00, 197.56it/s]
Epoch 26/200:  81%|████████▏ | 122/150 [00:00<00:00, 198.54it/s]
Epoch 26/200:  95%|█████████▍| 142/150 [00:00<00:00, 198.98it/s]
Epoch 26/200: 100%|██████████| 150/150 [00:00<00:00, 198.15it/s]

Epoch 27/200:   0%|          | 0/150 [00:00<?, ?it/s]
Epoch 27/200:  13%|█▎        | 20/150 [00:00<00:00, 195.56it/s]
Epoch 27/200:  27%|██▋       | 40/150 [00:00<00:00, 197.22it/s]
Epoch 27/200:  40%|████      | 60/150 [00:00<00:00, 193.43it/s]
Epoch 27/200:  53%|█████▎    | 80/150 [00:00<00:00, 195.58it/s]
Epoch 27/200:  67%|██████▋   | 100/150 [00:00<00:00, 196.50it/s]
Epoch 27/200:  80%|████████  | 120/150 [00:00<00:00, 197.31it/s]
Epoch 27/200:  93%|█████████▎| 140/150 [00:00<00:00, 197.87it/s]
Epoch 27/200: 100%|██████████| 150/150 [00:00<00:00, 197.13it/s]

Epoch 28/200:   0%|          | 0/150 [00:00<?, ?it/s]
Epoch 28/200:  13%|█▎        | 20/150 [00:00<00:00, 194.46it/s]
Epoch 28/200:  27%|██▋       | 40/150 [00:00<00:00, 197.56it/s]
Epoch 28/200:  40%|████      | 60/150 [00:00<00:00, 198.23it/s]
Epoch 28/200:  53%|█████▎    | 80/150 [00:00<00:00, 198.47it/s]
Epoch 28/200:  67%|██████▋   | 100/150 [00:00<00:00, 198.37it/s]
Epoch 28/200:  80%|████████  | 120/150 [00:00<00:00, 198.26it/s]
Epoch 28/200:  93%|█████████▎| 140/150 [00:00<00:00, 194.24it/s]
Epoch 28/200: 100%|██████████| 150/150 [00:00<00:00, 196.79it/s]

Epoch 29/200:   0%|          | 0/150 [00:00<?, ?it/s]
Epoch 29/200:  13%|█▎        | 20/150 [00:00<00:00, 193.68it/s]
Epoch 29/200:  27%|██▋       | 40/150 [00:00<00:00, 197.24it/s]
Epoch 29/200:  41%|████      | 61/150 [00:00<00:00, 199.16it/s]
Epoch 29/200:  55%|█████▍    | 82/150 [00:00<00:00, 200.25it/s]
Epoch 29/200:  69%|██████▊   | 103/150 [00:00<00:00, 199.69it/s]
Epoch 29/200:  82%|████████▏ | 123/150 [00:00<00:00, 199.60it/s]
Epoch 29/200:  95%|█████████▌| 143/150 [00:00<00:00, 199.14it/s]
Epoch 29/200: 100%|██████████| 150/150 [00:00<00:00, 199.17it/s]

Epoch 30/200:   0%|          | 0/150 [00:00<?, ?it/s]
Epoch 30/200:  13%|█▎        | 20/150 [00:00<00:00, 196.31it/s]
Epoch 30/200:  27%|██▋       | 40/150 [00:00<00:00, 197.46it/s]
Epoch 30/200:  40%|████      | 60/150 [00:00<00:00, 198.47it/s]
Epoch 30/200:  53%|█████▎    | 80/150 [00:00<00:00, 198.80it/s]
Epoch 30/200:  67%|██████▋   | 100/150 [00:00<00:00, 198.21it/s]
Epoch 30/200:  80%|████████  | 120/150 [00:00<00:00, 198.02it/s]
Epoch 30/200:  94%|█████████▍| 141/150 [00:00<00:00, 199.06it/s]
Epoch 30/200: 100%|██████████| 150/150 [00:00<00:00, 198.73it/s]

Epoch 31/200:   0%|          | 0/150 [00:00<?, ?it/s]
Epoch 31/200:  13%|█▎        | 19/150 [00:00<00:00, 189.13it/s]
Epoch 31/200:  26%|██▌       | 39/150 [00:00<00:00, 193.98it/s]
Epoch 31/200:  39%|███▉      | 59/150 [00:00<00:00, 195.89it/s]
Epoch 31/200:  53%|█████▎    | 79/150 [00:00<00:00, 189.46it/s]
Epoch 31/200:  67%|██████▋   | 100/150 [00:00<00:00, 193.36it/s]
Epoch 31/200:  81%|████████  | 121/150 [00:00<00:00, 195.98it/s]
Epoch 31/200:  95%|█████████▍| 142/150 [00:00<00:00, 197.42it/s]
Epoch 31/200: 100%|██████████| 150/150 [00:00<00:00, 195.54it/s]

Epoch 32/200:   0%|          | 0/150 [00:00<?, ?it/s]
Epoch 32/200:  13%|█▎        | 20/150 [00:00<00:00, 193.17it/s]
Epoch 32/200:  27%|██▋       | 41/150 [00:00<00:00, 197.29it/s]
Epoch 32/200:  41%|████      | 61/150 [00:00<00:00, 198.05it/s]
Epoch 32/200:  54%|█████▍    | 81/150 [00:00<00:00, 198.60it/s]
Epoch 32/200:  67%|██████▋   | 101/150 [00:00<00:00, 198.94it/s]
Epoch 32/200:  81%|████████  | 121/150 [00:00<00:00, 198.78it/s]
Epoch 32/200:  95%|█████████▍| 142/150 [00:00<00:00, 199.35it/s]
Epoch 32/200: 100%|██████████| 150/150 [00:00<00:00, 198.76it/s]

Epoch 33/200:   0%|          | 0/150 [00:00<?, ?it/s]
Epoch 33/200:  13%|█▎        | 20/150 [00:00<00:00, 195.91it/s]
Epoch 33/200:  27%|██▋       | 40/150 [00:00<00:00, 197.25it/s]
Epoch 33/200:  40%|████      | 60/150 [00:00<00:00, 198.12it/s]
Epoch 33/200:  53%|█████▎    | 80/150 [00:00<00:00, 198.66it/s]
Epoch 33/200:  67%|██████▋   | 100/150 [00:00<00:00, 198.94it/s]
Epoch 33/200:  80%|████████  | 120/150 [00:00<00:00, 199.22it/s]
Epoch 33/200:  93%|█████████▎| 140/150 [00:00<00:00, 197.98it/s]
Epoch 33/200: 100%|██████████| 150/150 [00:00<00:00, 198.26it/s]

Epoch 34/200:   0%|          | 0/150 [00:00<?, ?it/s]
Epoch 34/200:  13%|█▎        | 19/150 [00:00<00:00, 188.61it/s]
Epoch 34/200:  26%|██▌       | 39/150 [00:00<00:00, 193.40it/s]
Epoch 34/200:  39%|███▉      | 59/150 [00:00<00:00, 195.79it/s]
Epoch 34/200:  53%|█████▎    | 79/150 [00:00<00:00, 196.72it/s]
Epoch 34/200:  66%|██████▌   | 99/150 [00:00<00:00, 197.10it/s]
Epoch 34/200:  79%|███████▉  | 119/150 [00:00<00:00, 197.42it/s]
Epoch 34/200:  93%|█████████▎| 139/150 [00:00<00:00, 197.06it/s]
Epoch 34/200: 100%|██████████| 150/150 [00:00<00:00, 196.59it/s]

Epoch 35/200:   0%|          | 0/150 [00:00<?, ?it/s]
Epoch 35/200:  13%|█▎        | 20/150 [00:00<00:00, 193.42it/s]
Epoch 35/200:  27%|██▋       | 40/150 [00:00<00:00, 196.13it/s]
Epoch 35/200:  40%|████      | 60/150 [00:00<00:00, 197.41it/s]
Epoch 35/200:  53%|█████▎    | 80/150 [00:00<00:00, 198.41it/s]
Epoch 35/200:  67%|██████▋   | 100/150 [00:00<00:00, 198.90it/s]
Epoch 35/200:  80%|████████  | 120/150 [00:00<00:00, 198.73it/s]
Epoch 35/200:  93%|█████████▎| 140/150 [00:00<00:00, 199.01it/s]
Epoch 35/200: 100%|██████████| 150/150 [00:00<00:00, 198.50it/s]

Epoch 36/200:   0%|          | 0/150 [00:00<?, ?it/s]
Epoch 36/200:  13%|█▎        | 19/150 [00:00<00:00, 188.00it/s]
Epoch 36/200:  26%|██▌       | 39/150 [00:00<00:00, 191.42it/s]
Epoch 36/200:  39%|███▉      | 59/150 [00:00<00:00, 194.92it/s]
Epoch 36/200:  53%|█████▎    | 79/150 [00:00<00:00, 196.14it/s]
Epoch 36/200:  66%|██████▌   | 99/150 [00:00<00:00, 196.69it/s]
Epoch 36/200:  79%|███████▉  | 119/150 [00:00<00:00, 189.82it/s]
Epoch 36/200:  93%|█████████▎| 139/150 [00:00<00:00, 192.27it/s]
Epoch 36/200: 100%|██████████| 150/150 [00:00<00:00, 193.24it/s]

Epoch 37/200:   0%|          | 0/150 [00:00<?, ?it/s]
Epoch 37/200:  13%|█▎        | 19/150 [00:00<00:00, 189.63it/s]
Epoch 37/200:  26%|██▌       | 39/150 [00:00<00:00, 193.53it/s]
Epoch 37/200:  39%|███▉      | 59/150 [00:00<00:00, 195.08it/s]
Epoch 37/200:  53%|█████▎    | 79/150 [00:00<00:00, 196.40it/s]
Epoch 37/200:  66%|██████▌   | 99/150 [00:00<00:00, 196.21it/s]
Epoch 37/200:  79%|███████▉  | 119/150 [00:00<00:00, 196.64it/s]
Epoch 37/200:  93%|█████████▎| 139/150 [00:00<00:00, 197.24it/s]
Epoch 37/200: 100%|██████████| 150/150 [00:00<00:00, 196.34it/s]

Epoch 38/200:   0%|          | 0/150 [00:00<?, ?it/s]
Epoch 38/200:  13%|█▎        | 20/150 [00:00<00:00, 194.17it/s]
Epoch 38/200:  27%|██▋       | 40/150 [00:00<00:00, 195.98it/s]
Epoch 38/200:  40%|████      | 60/150 [00:00<00:00, 196.86it/s]
Epoch 38/200:  53%|█████▎    | 80/150 [00:00<00:00, 196.97it/s]
Epoch 38/200:  67%|██████▋   | 100/150 [00:00<00:00, 197.45it/s]
Epoch 38/200:  80%|████████  | 120/150 [00:00<00:00, 197.35it/s]
Epoch 38/200:  93%|█████████▎| 140/150 [00:00<00:00, 197.06it/s]
Epoch 38/200: 100%|██████████| 150/150 [00:00<00:00, 197.03it/s]

Epoch 39/200:   0%|          | 0/150 [00:00<?, ?it/s]
Epoch 39/200:  13%|█▎        | 20/150 [00:00<00:00, 192.41it/s]
Epoch 39/200:  27%|██▋       | 40/150 [00:00<00:00, 190.60it/s]
Epoch 39/200:  40%|████      | 60/150 [00:00<00:00, 194.25it/s]
Epoch 39/200:  53%|█████▎    | 80/150 [00:00<00:00, 195.93it/s]
Epoch 39/200:  67%|██████▋   | 100/150 [00:00<00:00, 196.75it/s]
Epoch 39/200:  80%|████████  | 120/150 [00:00<00:00, 197.26it/s]
Epoch 39/200:  94%|█████████▍| 141/150 [00:00<00:00, 198.25it/s]
Epoch 39/200: 100%|██████████| 150/150 [00:00<00:00, 196.79it/s]

Epoch 40/200:   0%|          | 0/150 [00:00<?, ?it/s]
Epoch 40/200:  13%|█▎        | 20/150 [00:00<00:00, 193.65it/s]
Epoch 40/200:  27%|██▋       | 40/150 [00:00<00:00, 196.77it/s]
Epoch 40/200:  40%|████      | 60/150 [00:00<00:00, 197.54it/s]
Epoch 40/200:  53%|█████▎    | 80/150 [00:00<00:00, 198.01it/s]
Epoch 40/200:  67%|██████▋   | 101/150 [00:00<00:00, 198.77it/s]
Epoch 40/200:  81%|████████  | 121/150 [00:00<00:00, 198.67it/s]
Epoch 40/200:  94%|█████████▍| 141/150 [00:00<00:00, 198.58it/s]
Epoch 40/200: 100%|██████████| 150/150 [00:00<00:00, 198.13it/s]

Epoch 41/200:   0%|          | 0/150 [00:00<?, ?it/s]
Epoch 41/200:  13%|█▎        | 20/150 [00:00<00:00, 190.95it/s]
Epoch 41/200:  27%|██▋       | 40/150 [00:00<00:00, 195.82it/s]
Epoch 41/200:  40%|████      | 60/150 [00:00<00:00, 196.38it/s]
Epoch 41/200:  53%|█████▎    | 80/150 [00:00<00:00, 196.62it/s]
Epoch 41/200:  67%|██████▋   | 100/150 [00:00<00:00, 197.33it/s]
Epoch 41/200:  80%|████████  | 120/150 [00:00<00:00, 195.97it/s]
Epoch 41/200:  93%|█████████▎| 140/150 [00:00<00:00, 194.57it/s]
Epoch 41/200: 100%|██████████| 150/150 [00:00<00:00, 195.79it/s]

Epoch 42/200:   0%|          | 0/150 [00:00<?, ?it/s]
Epoch 42/200:  13%|█▎        | 20/150 [00:00<00:00, 194.54it/s]
Epoch 42/200:  27%|██▋       | 40/150 [00:00<00:00, 196.93it/s]
Epoch 42/200:  40%|████      | 60/150 [00:00<00:00, 197.83it/s]
Epoch 42/200:  53%|█████▎    | 80/150 [00:00<00:00, 197.51it/s]
Epoch 42/200:  67%|██████▋   | 100/150 [00:00<00:00, 197.28it/s]
Epoch 42/200:  80%|████████  | 120/150 [00:00<00:00, 194.93it/s]
Epoch 42/200:  93%|█████████▎| 140/150 [00:00<00:00, 195.78it/s]
Epoch 42/200: 100%|██████████| 150/150 [00:00<00:00, 196.54it/s]

Epoch 43/200:   0%|          | 0/150 [00:00<?, ?it/s]
Epoch 43/200:  13%|█▎        | 20/150 [00:00<00:00, 194.37it/s]
Epoch 43/200:  27%|██▋       | 40/150 [00:00<00:00, 196.00it/s]
Epoch 43/200:  40%|████      | 60/150 [00:00<00:00, 197.45it/s]
Epoch 43/200:  53%|█████▎    | 80/150 [00:00<00:00, 198.30it/s]
Epoch 43/200:  67%|██████▋   | 100/150 [00:00<00:00, 198.71it/s]
Epoch 43/200:  80%|████████  | 120/150 [00:00<00:00, 198.79it/s]
Epoch 43/200:  93%|█████████▎| 140/150 [00:00<00:00, 199.02it/s]
Epoch 43/200: 100%|██████████| 150/150 [00:00<00:00, 198.41it/s]

Epoch 44/200:   0%|          | 0/150 [00:00<?, ?it/s]
Epoch 44/200:  13%|█▎        | 20/150 [00:00<00:00, 198.91it/s]
Epoch 44/200:  27%|██▋       | 40/150 [00:00<00:00, 197.64it/s]
Epoch 44/200:  40%|████      | 60/150 [00:00<00:00, 196.20it/s]
Epoch 44/200:  53%|█████▎    | 80/150 [00:00<00:00, 195.50it/s]
Epoch 44/200:  67%|██████▋   | 100/150 [00:00<00:00, 195.66it/s]
Epoch 44/200:  80%|████████  | 120/150 [00:00<00:00, 193.26it/s]
Epoch 44/200:  93%|█████████▎| 140/150 [00:00<00:00, 195.22it/s]
Epoch 44/200: 100%|██████████| 150/150 [00:00<00:00, 195.74it/s]

Epoch 45/200:   0%|          | 0/150 [00:00<?, ?it/s]
Epoch 45/200:  13%|█▎        | 20/150 [00:00<00:00, 195.11it/s]
Epoch 45/200:  27%|██▋       | 40/150 [00:00<00:00, 197.71it/s]
Epoch 45/200:  40%|████      | 60/150 [00:00<00:00, 197.97it/s]
Epoch 45/200:  53%|█████▎    | 80/150 [00:00<00:00, 198.38it/s]
Epoch 45/200:  67%|██████▋   | 100/150 [00:00<00:00, 198.83it/s]
Epoch 45/200:  80%|████████  | 120/150 [00:00<00:00, 199.18it/s]
Epoch 45/200:  93%|█████████▎| 140/150 [00:00<00:00, 199.02it/s]
Epoch 45/200: 100%|██████████| 150/150 [00:00<00:00, 198.70it/s]

Epoch 46/200:   0%|          | 0/150 [00:00<?, ?it/s]
Epoch 46/200:  13%|█▎        | 20/150 [00:00<00:00, 192.49it/s]
Epoch 46/200:  27%|██▋       | 40/150 [00:00<00:00, 196.19it/s]
Epoch 46/200:  40%|████      | 60/150 [00:00<00:00, 197.44it/s]
Epoch 46/200:  53%|█████▎    | 80/150 [00:00<00:00, 198.06it/s]
Epoch 46/200:  67%|██████▋   | 100/150 [00:00<00:00, 198.20it/s]
Epoch 46/200:  80%|████████  | 120/150 [00:00<00:00, 197.95it/s]
Epoch 46/200:  93%|█████████▎| 140/150 [00:00<00:00, 197.71it/s]
Epoch 46/200: 100%|██████████| 150/150 [00:00<00:00, 197.46it/s]

Epoch 47/200:   0%|          | 0/150 [00:00<?, ?it/s]
Epoch 47/200:  13%|█▎        | 19/150 [00:00<00:00, 189.95it/s]
Epoch 47/200:  26%|██▌       | 39/150 [00:00<00:00, 195.60it/s]
Epoch 47/200:  39%|███▉      | 59/150 [00:00<00:00, 196.46it/s]
Epoch 47/200:  53%|█████▎    | 79/150 [00:00<00:00, 197.48it/s]
Epoch 47/200:  66%|██████▌   | 99/150 [00:00<00:00, 197.53it/s]
Epoch 47/200:  79%|███████▉  | 119/150 [00:00<00:00, 198.21it/s]
Epoch 47/200:  93%|█████████▎| 140/150 [00:00<00:00, 198.88it/s]
Epoch 47/200: 100%|██████████| 150/150 [00:00<00:00, 197.91it/s]

Epoch 48/200:   0%|          | 0/150 [00:00<?, ?it/s]
Epoch 48/200:  13%|█▎        | 20/150 [00:00<00:00, 193.34it/s]
Epoch 48/200:  27%|██▋       | 40/150 [00:00<00:00, 196.56it/s]
Epoch 48/200:  40%|████      | 60/150 [00:00<00:00, 198.04it/s]
Epoch 48/200:  53%|█████▎    | 80/150 [00:00<00:00, 198.19it/s]
Epoch 48/200:  67%|██████▋   | 100/150 [00:00<00:00, 197.30it/s]
Epoch 48/200:  80%|████████  | 120/150 [00:00<00:00, 197.69it/s]
Epoch 48/200:  93%|█████████▎| 140/150 [00:00<00:00, 197.62it/s]
Epoch 48/200: 100%|██████████| 150/150 [00:00<00:00, 197.41it/s]

Epoch 49/200:   0%|          | 0/150 [00:00<?, ?it/s]
Epoch 49/200:  13%|█▎        | 20/150 [00:00<00:00, 192.43it/s]
Epoch 49/200:  27%|██▋       | 40/150 [00:00<00:00, 195.34it/s]
Epoch 49/200:  40%|████      | 60/150 [00:00<00:00, 196.35it/s]
Epoch 49/200:  54%|█████▍    | 81/150 [00:00<00:00, 197.93it/s]
Epoch 49/200:  67%|██████▋   | 101/150 [00:00<00:00, 196.63it/s]
Epoch 49/200:  81%|████████▏ | 122/150 [00:00<00:00, 198.74it/s]
Epoch 49/200:  95%|█████████▌| 143/150 [00:00<00:00, 199.39it/s]
Epoch 49/200: 100%|██████████| 150/150 [00:00<00:00, 198.16it/s]

Epoch 50/200:   0%|          | 0/150 [00:00<?, ?it/s]
Epoch 50/200:  13%|█▎        | 20/150 [00:00<00:00, 193.54it/s]
Epoch 50/200:  27%|██▋       | 40/150 [00:00<00:00, 196.80it/s]
Epoch 50/200:  40%|████      | 60/150 [00:00<00:00, 198.12it/s]
Epoch 50/200:  53%|█████▎    | 80/150 [00:00<00:00, 198.56it/s]
Epoch 50/200:  67%|██████▋   | 100/150 [00:00<00:00, 198.89it/s]
Epoch 50/200:  80%|████████  | 120/150 [00:00<00:00, 198.91it/s]
Epoch 50/200:  93%|█████████▎| 140/150 [00:00<00:00, 199.07it/s]
Epoch 50/200: 100%|██████████| 150/150 [00:00<00:00, 198.66it/s]

Epoch 51/200:   0%|          | 0/150 [00:00<?, ?it/s]
Epoch 51/200:  13%|█▎        | 20/150 [00:00<00:00, 194.19it/s]
Epoch 51/200:  27%|██▋       | 40/150 [00:00<00:00, 197.32it/s]
Epoch 51/200:  40%|████      | 60/150 [00:00<00:00, 198.05it/s]
Epoch 51/200:  53%|█████▎    | 80/150 [00:00<00:00, 198.16it/s]
Epoch 51/200:  67%|██████▋   | 100/150 [00:00<00:00, 198.61it/s]
Epoch 51/200:  80%|████████  | 120/150 [00:00<00:00, 198.99it/s]
Epoch 51/200:  93%|█████████▎| 140/150 [00:00<00:00, 198.31it/s]
Epoch 51/200: 100%|██████████| 150/150 [00:00<00:00, 198.35it/s]

Epoch 52/200:   0%|          | 0/150 [00:00<?, ?it/s]
Epoch 52/200:  13%|█▎        | 20/150 [00:00<00:00, 193.64it/s]
Epoch 52/200:  27%|██▋       | 40/150 [00:00<00:00, 195.73it/s]
Epoch 52/200:  40%|████      | 60/150 [00:00<00:00, 196.68it/s]
Epoch 52/200:  54%|█████▍    | 81/150 [00:00<00:00, 198.10it/s]
Epoch 52/200:  67%|██████▋   | 101/150 [00:00<00:00, 198.45it/s]
Epoch 52/200:  81%|████████  | 121/150 [00:00<00:00, 198.88it/s]
Epoch 52/200:  94%|█████████▍| 141/150 [00:00<00:00, 199.17it/s]
Epoch 52/200: 100%|██████████| 150/150 [00:00<00:00, 198.36it/s]

Epoch 53/200:   0%|          | 0/150 [00:00<?, ?it/s]
Epoch 53/200:  13%|█▎        | 20/150 [00:00<00:00, 195.99it/s]
Epoch 53/200:  27%|██▋       | 40/150 [00:00<00:00, 197.91it/s]
Epoch 53/200:  41%|████      | 61/150 [00:00<00:00, 198.96it/s]
Epoch 53/200:  54%|█████▍    | 81/150 [00:00<00:00, 199.35it/s]
Epoch 53/200:  67%|██████▋   | 101/150 [00:00<00:00, 198.84it/s]
Epoch 53/200:  81%|████████  | 121/150 [00:00<00:00, 199.20it/s]
Epoch 53/200:  94%|█████████▍| 141/150 [00:00<00:00, 198.96it/s]
Epoch 53/200: 100%|██████████| 150/150 [00:00<00:00, 198.90it/s]

Epoch 54/200:   0%|          | 0/150 [00:00<?, ?it/s]
Epoch 54/200:  13%|█▎        | 20/150 [00:00<00:00, 192.08it/s]
Epoch 54/200:  27%|██▋       | 40/150 [00:00<00:00, 195.83it/s]
Epoch 54/200:  40%|████      | 60/150 [00:00<00:00, 197.30it/s]
Epoch 54/200:  53%|█████▎    | 80/150 [00:00<00:00, 197.68it/s]
Epoch 54/200:  67%|██████▋   | 100/150 [00:00<00:00, 198.13it/s]
Epoch 54/200:  80%|████████  | 120/150 [00:00<00:00, 198.25it/s]
Epoch 54/200:  93%|█████████▎| 140/150 [00:00<00:00, 195.61it/s]
Epoch 54/200: 100%|██████████| 150/150 [00:00<00:00, 196.29it/s]

Epoch 55/200:   0%|          | 0/150 [00:00<?, ?it/s]
Epoch 55/200:  14%|█▍        | 21/150 [00:00<00:00, 205.00it/s]
Epoch 55/200:  28%|██▊       | 42/150 [00:00<00:00, 203.09it/s]
Epoch 55/200:  42%|████▏     | 63/150 [00:00<00:00, 201.34it/s]
Epoch 55/200:  56%|█████▌    | 84/150 [00:00<00:00, 200.40it/s]
Epoch 55/200:  70%|███████   | 105/150 [00:00<00:00, 199.85it/s]
Epoch 55/200:  83%|████████▎ | 125/150 [00:00<00:00, 199.13it/s]
Epoch 55/200:  97%|█████████▋| 145/150 [00:00<00:00, 199.36it/s]
Epoch 55/200: 100%|██████████| 150/150 [00:00<00:00, 199.89it/s]

Epoch 56/200:   0%|          | 0/150 [00:00<?, ?it/s]
Epoch 56/200:  13%|█▎        | 20/150 [00:00<00:00, 198.51it/s]
Epoch 56/200:  27%|██▋       | 41/150 [00:00<00:00, 200.84it/s]
Epoch 56/200:  41%|████▏     | 62/150 [00:00<00:00, 200.11it/s]
Epoch 56/200:  55%|█████▌    | 83/150 [00:00<00:00, 200.01it/s]
Epoch 56/200:  69%|██████▉   | 104/150 [00:00<00:00, 199.52it/s]
Epoch 56/200:  83%|████████▎ | 124/150 [00:00<00:00, 198.89it/s]
Epoch 56/200:  96%|█████████▌| 144/150 [00:00<00:00, 198.28it/s]
Epoch 56/200: 100%|██████████| 150/150 [00:00<00:00, 199.12it/s]

Epoch 57/200:   0%|          | 0/150 [00:00<?, ?it/s]
Epoch 57/200:  13%|█▎        | 20/150 [00:00<00:00, 193.51it/s]
Epoch 57/200:  27%|██▋       | 40/150 [00:00<00:00, 196.82it/s]
Epoch 57/200:  40%|████      | 60/150 [00:00<00:00, 198.24it/s]
Epoch 57/200:  53%|█████▎    | 80/150 [00:00<00:00, 195.99it/s]
Epoch 57/200:  67%|██████▋   | 100/150 [00:00<00:00, 195.76it/s]
Epoch 57/200:  81%|████████  | 121/150 [00:00<00:00, 198.15it/s]
Epoch 57/200:  94%|█████████▍| 141/150 [00:00<00:00, 198.72it/s]
Epoch 57/200: 100%|██████████| 150/150 [00:00<00:00, 197.73it/s]

Epoch 58/200:   0%|          | 0/150 [00:00<?, ?it/s]
Epoch 58/200:  13%|█▎        | 20/150 [00:00<00:00, 194.82it/s]
Epoch 58/200:  27%|██▋       | 40/150 [00:00<00:00, 196.96it/s]
Epoch 58/200:  40%|████      | 60/150 [00:00<00:00, 197.79it/s]
Epoch 58/200:  53%|█████▎    | 80/150 [00:00<00:00, 198.14it/s]
Epoch 58/200:  67%|██████▋   | 100/150 [00:00<00:00, 198.13it/s]
Epoch 58/200:  80%|████████  | 120/150 [00:00<00:00, 198.34it/s]
Epoch 58/200:  93%|█████████▎| 140/150 [00:00<00:00, 198.45it/s]
Epoch 58/200: 100%|██████████| 150/150 [00:00<00:00, 198.23it/s]

Epoch 59/200:   0%|          | 0/150 [00:00<?, ?it/s]
Epoch 59/200:  13%|█▎        | 20/150 [00:00<00:00, 193.26it/s]
Epoch 59/200:  27%|██▋       | 40/150 [00:00<00:00, 192.94it/s]
Epoch 59/200:  40%|████      | 60/150 [00:00<00:00, 191.41it/s]
Epoch 59/200:  53%|█████▎    | 80/150 [00:00<00:00, 194.14it/s]
Epoch 59/200:  67%|██████▋   | 100/150 [00:00<00:00, 195.60it/s]
Epoch 59/200:  80%|████████  | 120/150 [00:00<00:00, 196.64it/s]
Epoch 59/200:  93%|█████████▎| 140/150 [00:00<00:00, 197.63it/s]
Epoch 59/200: 100%|██████████| 150/150 [00:00<00:00, 196.10it/s]

Epoch 60/200:   0%|          | 0/150 [00:00<?, ?it/s]
Epoch 60/200:  13%|█▎        | 20/150 [00:00<00:00, 190.71it/s]
Epoch 60/200:  27%|██▋       | 40/150 [00:00<00:00, 191.76it/s]
Epoch 60/200:  41%|████      | 61/150 [00:00<00:00, 195.72it/s]
Epoch 60/200:  54%|█████▍    | 81/150 [00:00<00:00, 197.00it/s]
Epoch 60/200:  68%|██████▊   | 102/150 [00:00<00:00, 198.83it/s]
Epoch 60/200:  81%|████████▏ | 122/150 [00:00<00:00, 198.41it/s]
Epoch 60/200:  95%|█████████▍| 142/150 [00:00<00:00, 197.74it/s]
Epoch 60/200: 100%|██████████| 150/150 [00:00<00:00, 197.07it/s]

Epoch 61/200:   0%|          | 0/150 [00:00<?, ?it/s]
Epoch 61/200:  13%|█▎        | 20/150 [00:00<00:00, 196.55it/s]
Epoch 61/200:  27%|██▋       | 40/150 [00:00<00:00, 196.77it/s]
Epoch 61/200:  40%|████      | 60/150 [00:00<00:00, 198.09it/s]
Epoch 61/200:  53%|█████▎    | 80/150 [00:00<00:00, 197.65it/s]
Epoch 61/200:  67%|██████▋   | 100/150 [00:00<00:00, 197.63it/s]
Epoch 61/200:  80%|████████  | 120/150 [00:00<00:00, 197.75it/s]
Epoch 61/200:  93%|█████████▎| 140/150 [00:00<00:00, 198.44it/s]
Epoch 61/200: 100%|██████████| 150/150 [00:00<00:00, 198.39it/s]

Epoch 62/200:   0%|          | 0/150 [00:00<?, ?it/s]
Epoch 62/200:  13%|█▎        | 19/150 [00:00<00:00, 188.81it/s]
Epoch 62/200:  26%|██▌       | 39/150 [00:00<00:00, 194.04it/s]
Epoch 62/200:  39%|███▉      | 59/150 [00:00<00:00, 196.49it/s]
Epoch 62/200:  53%|█████▎    | 79/150 [00:00<00:00, 197.37it/s]
Epoch 62/200:  67%|██████▋   | 100/150 [00:00<00:00, 198.37it/s]
Epoch 62/200:  80%|████████  | 120/150 [00:00<00:00, 197.10it/s]
Epoch 62/200:  93%|█████████▎| 140/150 [00:00<00:00, 196.70it/s]
Epoch 62/200: 100%|██████████| 150/150 [00:00<00:00, 196.84it/s]

Epoch 63/200:   0%|          | 0/150 [00:00<?, ?it/s]
Epoch 63/200:  13%|█▎        | 20/150 [00:00<00:00, 193.78it/s]
Epoch 63/200:  27%|██▋       | 40/150 [00:00<00:00, 196.31it/s]
Epoch 63/200:  40%|████      | 60/150 [00:00<00:00, 197.78it/s]
Epoch 63/200:  53%|█████▎    | 80/150 [00:00<00:00, 198.17it/s]
Epoch 63/200:  67%|██████▋   | 100/150 [00:00<00:00, 198.44it/s]
Epoch 63/200:  80%|████████  | 120/150 [00:00<00:00, 198.89it/s]
Epoch 63/200:  93%|█████████▎| 140/150 [00:00<00:00, 198.92it/s]
Epoch 63/200: 100%|██████████| 150/150 [00:00<00:00, 198.46it/s]

Epoch 64/200:   0%|          | 0/150 [00:00<?, ?it/s]
Epoch 64/200:  13%|█▎        | 20/150 [00:00<00:00, 193.96it/s]
Epoch 64/200:  27%|██▋       | 40/150 [00:00<00:00, 196.19it/s]
Epoch 64/200:  40%|████      | 60/150 [00:00<00:00, 197.11it/s]
Epoch 64/200:  53%|█████▎    | 80/150 [00:00<00:00, 198.18it/s]
Epoch 64/200:  67%|██████▋   | 100/150 [00:00<00:00, 197.68it/s]
Epoch 64/200:  80%|████████  | 120/150 [00:00<00:00, 198.22it/s]
Epoch 64/200:  93%|█████████▎| 140/150 [00:00<00:00, 198.60it/s]
Epoch 64/200: 100%|██████████| 150/150 [00:00<00:00, 198.09it/s]

Epoch 65/200:   0%|          | 0/150 [00:00<?, ?it/s]
Epoch 65/200:  13%|█▎        | 20/150 [00:00<00:00, 195.41it/s]
Epoch 65/200:  27%|██▋       | 41/150 [00:00<00:00, 198.10it/s]
Epoch 65/200:  41%|████      | 61/150 [00:00<00:00, 196.12it/s]
Epoch 65/200:  54%|█████▍    | 81/150 [00:00<00:00, 195.56it/s]
Epoch 65/200:  67%|██████▋   | 101/150 [00:00<00:00, 195.98it/s]
Epoch 65/200:  81%|████████  | 121/150 [00:00<00:00, 194.16it/s]
Epoch 65/200:  94%|█████████▍| 141/150 [00:00<00:00, 195.38it/s]
Epoch 65/200: 100%|██████████| 150/150 [00:00<00:00, 195.86it/s]

Epoch 66/200:   0%|          | 0/150 [00:00<?, ?it/s]
Epoch 66/200:  13%|█▎        | 20/150 [00:00<00:00, 195.06it/s]
Epoch 66/200:  27%|██▋       | 40/150 [00:00<00:00, 197.42it/s]
Epoch 66/200:  40%|████      | 60/150 [00:00<00:00, 197.75it/s]
Epoch 66/200:  53%|█████▎    | 80/150 [00:00<00:00, 198.26it/s]
Epoch 66/200:  67%|██████▋   | 100/150 [00:00<00:00, 198.30it/s]
Epoch 66/200:  80%|████████  | 120/150 [00:00<00:00, 194.87it/s]
Epoch 66/200:  93%|█████████▎| 140/150 [00:00<00:00, 192.24it/s]
Epoch 66/200: 100%|██████████| 150/150 [00:00<00:00, 195.37it/s]

Epoch 67/200:   0%|          | 0/150 [00:00<?, ?it/s]
Epoch 67/200:  13%|█▎        | 20/150 [00:00<00:00, 196.92it/s]
Epoch 67/200:  27%|██▋       | 40/150 [00:00<00:00, 198.26it/s]
Epoch 67/200:  40%|████      | 60/150 [00:00<00:00, 199.00it/s]
Epoch 67/200:  53%|█████▎    | 80/150 [00:00<00:00, 197.70it/s]
Epoch 67/200:  67%|██████▋   | 100/150 [00:00<00:00, 197.96it/s]
Epoch 67/200:  81%|████████  | 121/150 [00:00<00:00, 198.93it/s]
Epoch 67/200:  94%|█████████▍| 141/150 [00:00<00:00, 199.24it/s]
Epoch 67/200: 100%|██████████| 150/150 [00:00<00:00, 198.07it/s]

Epoch 68/200:   0%|          | 0/150 [00:00<?, ?it/s]
Epoch 68/200:  13%|█▎        | 20/150 [00:00<00:00, 190.95it/s]
Epoch 68/200:  27%|██▋       | 40/150 [00:00<00:00, 194.90it/s]
Epoch 68/200:  40%|████      | 60/150 [00:00<00:00, 195.68it/s]
Epoch 68/200:  54%|█████▍    | 81/150 [00:00<00:00, 197.41it/s]
Epoch 68/200:  67%|██████▋   | 101/150 [00:00<00:00, 197.37it/s]
Epoch 68/200:  81%|████████  | 121/150 [00:00<00:00, 196.88it/s]
Epoch 68/200:  94%|█████████▍| 141/150 [00:00<00:00, 197.41it/s]
Epoch 68/200: 100%|██████████| 150/150 [00:00<00:00, 196.84it/s]

Epoch 69/200:   0%|          | 0/150 [00:00<?, ?it/s]
Epoch 69/200:  13%|█▎        | 20/150 [00:00<00:00, 197.04it/s]
Epoch 69/200:  27%|██▋       | 40/150 [00:00<00:00, 196.79it/s]
Epoch 69/200:  40%|████      | 60/150 [00:00<00:00, 197.61it/s]
Epoch 69/200:  54%|█████▍    | 81/150 [00:00<00:00, 199.46it/s]
Epoch 69/200:  67%|██████▋   | 101/150 [00:00<00:00, 199.53it/s]
Epoch 69/200:  81%|████████  | 121/150 [00:00<00:00, 199.45it/s]
Epoch 69/200:  94%|█████████▍| 141/150 [00:00<00:00, 199.49it/s]
Epoch 69/200: 100%|██████████| 150/150 [00:00<00:00, 199.19it/s]

Epoch 70/200:   0%|          | 0/150 [00:00<?, ?it/s]
Epoch 70/200:  13%|█▎        | 20/150 [00:00<00:00, 192.53it/s]
Epoch 70/200:  27%|██▋       | 41/150 [00:00<00:00, 197.09it/s]
Epoch 70/200:  41%|████      | 61/150 [00:00<00:00, 198.15it/s]
Epoch 70/200:  54%|█████▍    | 81/150 [00:00<00:00, 198.05it/s]
Epoch 70/200:  67%|██████▋   | 101/150 [00:00<00:00, 195.46it/s]
Epoch 70/200:  81%|████████  | 121/150 [00:00<00:00, 195.18it/s]
Epoch 70/200:  94%|█████████▍| 141/150 [00:00<00:00, 196.46it/s]
Epoch 70/200: 100%|██████████| 150/150 [00:00<00:00, 196.56it/s]
Fold 0 | Input Dim: 70 | Train: 4789, Val: 720, Test: 1347
Epoch 1, Train Loss: 0.2145, Train F1: 0.5090, Val F1: 0.5909, LR: 0.000040
✅ Model Saved (Best F1-score)
Epoch 2, Train Loss: 0.1929, Train F1: 0.5967, Val F1: 0.6017, LR: 0.000060
✅ Model Saved (Best F1-score)
Epoch 3, Train Loss: 0.1868, Train F1: 0.6178, Val F1: 0.6223, LR: 0.000080
✅ Model Saved (Best F1-score)
Epoch 4, Train Loss: 0.1837, Train F1: 0.6309, Val F1: 0.6487, LR: 0.000100
✅ Model Saved (Best F1-score)
Epoch 5, Train Loss: 0.1796, Train F1: 0.6428, Val F1: 0.6535, LR: 0.000100
✅ Model Saved (Best F1-score)
Epoch 6, Train Loss: 0.1757, Train F1: 0.6588, Val F1: 0.6735, LR: 0.000100
✅ Model Saved (Best F1-score)
Epoch 7, Train Loss: 0.1732, Train F1: 0.6658, Val F1: 0.6242, LR: 0.000100
Epoch 8, Train Loss: 0.1697, Train F1: 0.6726, Val F1: 0.6562, LR: 0.000100
Epoch 9, Train Loss: 0.1688, Train F1: 0.6752, Val F1: 0.6563, LR: 0.000100
Epoch 10, Train Loss: 0.1670, Train F1: 0.6824, Val F1: 0.6600, LR: 0.000100
Epoch 11, Train Loss: 0.1663, Train F1: 0.6881, Val F1: 0.6713, LR: 0.000100
Epoch 12, Train Loss: 0.1649, Train F1: 0.6873, Val F1: 0.6636, LR: 0.000100
Epoch 13, Train Loss: 0.1622, Train F1: 0.6974, Val F1: 0.6769, LR: 0.000100
✅ Model Saved (Best F1-score)
Epoch 14, Train Loss: 0.1623, Train F1: 0.6977, Val F1: 0.6473, LR: 0.000099
Epoch 15, Train Loss: 0.1601, Train F1: 0.7035, Val F1: 0.6557, LR: 0.000099
Epoch 16, Train Loss: 0.1580, Train F1: 0.7057, Val F1: 0.6778, LR: 0.000099
✅ Model Saved (Best F1-score)
Epoch 17, Train Loss: 0.1557, Train F1: 0.7103, Val F1: 0.6686, LR: 0.000099
Epoch 18, Train Loss: 0.1564, Train F1: 0.7104, Val F1: 0.6680, LR: 0.000099
Epoch 19, Train Loss: 0.1541, Train F1: 0.7148, Val F1: 0.6460, LR: 0.000099
Epoch 20, Train Loss: 0.1527, Train F1: 0.7214, Val F1: 0.6786, LR: 0.000099
✅ Model Saved (Best F1-score)
Epoch 21, Train Loss: 0.1525, Train F1: 0.7186, Val F1: 0.6766, LR: 0.000098
Epoch 22, Train Loss: 0.1499, Train F1: 0.7260, Val F1: 0.6661, LR: 0.000098
Epoch 23, Train Loss: 0.1489, Train F1: 0.7307, Val F1: 0.6594, LR: 0.000098
Epoch 24, Train Loss: 0.1459, Train F1: 0.7341, Val F1: 0.6676, LR: 0.000098
Epoch 25, Train Loss: 0.1456, Train F1: 0.7375, Val F1: 0.6504, LR: 0.000097
Epoch 26, Train Loss: 0.1433, Train F1: 0.7364, Val F1: 0.6656, LR: 0.000097
Epoch 27, Train Loss: 0.1419, Train F1: 0.7441, Val F1: 0.6590, LR: 0.000097
Epoch 28, Train Loss: 0.1417, Train F1: 0.7421, Val F1: 0.6702, LR: 0.000097
Epoch 29, Train Loss: 0.1378, Train F1: 0.7479, Val F1: 0.6721, LR: 0.000096
Epoch 30, Train Loss: 0.1378, Train F1: 0.7426, Val F1: 0.6556, LR: 0.000096
Epoch 31, Train Loss: 0.1365, Train F1: 0.7488, Val F1: 0.6578, LR: 0.000096
Epoch 32, Train Loss: 0.1353, Train F1: 0.7525, Val F1: 0.6672, LR: 0.000095
Epoch 33, Train Loss: 0.1339, Train F1: 0.7562, Val F1: 0.6607, LR: 0.000095
Epoch 34, Train Loss: 0.1318, Train F1: 0.7578, Val F1: 0.6621, LR: 0.000095
Epoch 35, Train Loss: 0.1302, Train F1: 0.7611, Val F1: 0.6631, LR: 0.000094
Epoch 36, Train Loss: 0.1272, Train F1: 0.7645, Val F1: 0.6531, LR: 0.000094
Epoch 37, Train Loss: 0.1270, Train F1: 0.7707, Val F1: 0.6513, LR: 0.000094
Epoch 38, Train Loss: 0.1246, Train F1: 0.7734, Val F1: 0.6511, LR: 0.000093
Epoch 39, Train Loss: 0.1240, Train F1: 0.7755, Val F1: 0.6402, LR: 0.000093
Epoch 40, Train Loss: 0.1211, Train F1: 0.7834, Val F1: 0.6575, LR: 0.000092
Epoch 41, Train Loss: 0.1200, Train F1: 0.7813, Val F1: 0.6568, LR: 0.000092
Epoch 42, Train Loss: 0.1182, Train F1: 0.7847, Val F1: 0.6468, LR: 0.000091
Epoch 43, Train Loss: 0.1172, Train F1: 0.7857, Val F1: 0.6480, LR: 0.000091
Epoch 44, Train Loss: 0.1148, Train F1: 0.7882, Val F1: 0.6535, LR: 0.000090
Epoch 45, Train Loss: 0.1124, Train F1: 0.7951, Val F1: 0.6462, LR: 0.000090
Epoch 46, Train Loss: 0.1106, Train F1: 0.7946, Val F1: 0.6480, LR: 0.000089
Epoch 47, Train Loss: 0.1090, Train F1: 0.8016, Val F1: 0.6498, LR: 0.000089
Epoch 48, Train Loss: 0.1073, Train F1: 0.8028, Val F1: 0.6456, LR: 0.000088
Epoch 49, Train Loss: 0.1057, Train F1: 0.8061, Val F1: 0.6443, LR: 0.000088
Epoch 50, Train Loss: 0.1040, Train F1: 0.8090, Val F1: 0.6419, LR: 0.000087
Epoch 51, Train Loss: 0.1028, Train F1: 0.8101, Val F1: 0.6571, LR: 0.000087
Epoch 52, Train Loss: 0.1006, Train F1: 0.8182, Val F1: 0.6171, LR: 0.000086
Epoch 53, Train Loss: 0.0996, Train F1: 0.8145, Val F1: 0.6344, LR: 0.000086
Epoch 54, Train Loss: 0.0971, Train F1: 0.8201, Val F1: 0.6426, LR: 0.000085
Epoch 55, Train Loss: 0.0956, Train F1: 0.8257, Val F1: 0.6375, LR: 0.000085
Epoch 56, Train Loss: 0.0938, Train F1: 0.8301, Val F1: 0.6312, LR: 0.000084
Epoch 57, Train Loss: 0.0899, Train F1: 0.8350, Val F1: 0.6225, LR: 0.000083
Epoch 58, Train Loss: 0.0909, Train F1: 0.8331, Val F1: 0.6505, LR: 0.000083
Epoch 59, Train Loss: 0.0894, Train F1: 0.8359, Val F1: 0.6531, LR: 0.000082
Epoch 60, Train Loss: 0.0890, Train F1: 0.8387, Val F1: 0.6144, LR: 0.000082
Epoch 61, Train Loss: 0.0867, Train F1: 0.8412, Val F1: 0.6147, LR: 0.000081
Epoch 62, Train Loss: 0.0878, Train F1: 0.8383, Val F1: 0.6224, LR: 0.000080
Epoch 63, Train Loss: 0.0846, Train F1: 0.8449, Val F1: 0.6355, LR: 0.000080
Epoch 64, Train Loss: 0.0822, Train F1: 0.8478, Val F1: 0.6350, LR: 0.000079
Epoch 65, Train Loss: 0.0836, Train F1: 0.8491, Val F1: 0.6507, LR: 0.000078
Epoch 66, Train Loss: 0.0798, Train F1: 0.8541, Val F1: 0.6449, LR: 0.000078
Epoch 67, Train Loss: 0.0793, Train F1: 0.8557, Val F1: 0.6259, LR: 0.000077
Epoch 68, Train Loss: 0.0783, Train F1: 0.8573, Val F1: 0.6297, LR: 0.000076
Epoch 69, Train Loss: 0.0762, Train F1: 0.8594, Val F1: 0.6352, LR: 0.000076
Epoch 70, Train Loss: 0.0771, Train F1: 0.8607, Val F1: 0.6332, LR: 0.000075
⏹️ Early Stopping Triggered
Fold 0 Test F1: 0.6775, Accuracy: 0.3690, cost 9.723300834718066e-06 sec

✅ F1 scores from each Fold:
Fold 0: Macro F1 = 0.6775, Accuracy: 0.3690, cost time = 0.000010 sec
  - Correct: F1 = 0.4978
  - Far from the shins: F1 = 0.7265
  - Hips rise first: F1 = 0.7134
  - Collide with the knees: F1 = 0.5957
  - Lower back rounding: F1 = 0.6745

📊 Average F1 Score: 0.6775 ± 0.0000
  Average F1 Score per Class:
  - Correct: 0.4978 ± 0.0000
  - Far from the shins: 0.7265 ± 0.0000
  - Hips rise first: 0.7134 ± 0.0000
  - Collide with the knees: 0.5957 ± 0.0000
  - Lower back rounding: 0.6745 ± 0.0000
🏆 Best F1: 0.6775 from Fold 0
📁 Best model saved at: ./models/deadlift/TST_Deadlift_3D/phase5.0_ultimate/PatchTST_model_fold0.pth

✅ 寫入完成：./models/deadlift/TST_Deadlift_3D/phase5.0_ultimate/results_summary.txt
