
  0%|          | 0/4789 [00:00<?, ?it/s]
  2%|▏         | 85/4789 [00:00<00:05, 845.65it/s]
  4%|▎         | 170/4789 [00:00<00:05, 841.05it/s]
  5%|▌         | 255/4789 [00:00<00:05, 836.09it/s]
  7%|▋         | 339/4789 [00:00<00:05, 836.43it/s]
  9%|▉         | 424/4789 [00:00<00:05, 838.47it/s]
 11%|█         | 508/4789 [00:00<00:05, 836.74it/s]
 12%|█▏        | 592/4789 [00:00<00:05, 836.72it/s]
 14%|█▍        | 677/4789 [00:00<00:04, 839.44it/s]
 16%|█▌        | 762/4789 [00:00<00:04, 841.43it/s]
 18%|█▊        | 847/4789 [00:01<00:04, 841.46it/s]
 19%|█▉        | 932/4789 [00:01<00:04, 842.04it/s]
 21%|██        | 1017/4789 [00:01<00:04, 841.27it/s]
 23%|██▎       | 1102/4789 [00:01<00:04, 842.21it/s]
 25%|██▍       | 1187/4789 [00:01<00:04, 842.83it/s]
 27%|██▋       | 1272/4789 [00:01<00:04, 838.38it/s]
 28%|██▊       | 1357/4789 [00:01<00:04, 840.91it/s]
 30%|███       | 1442/4789 [00:01<00:03, 842.08it/s]
 32%|███▏      | 1527/4789 [00:01<00:03, 841.12it/s]
 34%|███▎      | 1612/4789 [00:01<00:03, 842.72it/s]
 35%|███▌      | 1697/4789 [00:02<00:03, 837.56it/s]
 37%|███▋      | 1782/4789 [00:02<00:03, 840.72it/s]
 39%|███▉      | 1867/4789 [00:02<00:03, 842.56it/s]
 41%|████      | 1952/4789 [00:02<00:03, 842.94it/s]
 43%|████▎     | 2038/4789 [00:02<00:03, 845.52it/s]
 44%|████▍     | 2124/4789 [00:02<00:03, 847.34it/s]
 46%|████▌     | 2209/4789 [00:02<00:03, 847.68it/s]
 48%|████▊     | 2295/4789 [00:02<00:02, 848.89it/s]
 50%|████▉     | 2381/4789 [00:02<00:02, 849.35it/s]
 51%|█████▏    | 2466/4789 [00:02<00:02, 849.20it/s]
 53%|█████▎    | 2552/4789 [00:03<00:02, 850.23it/s]
 55%|█████▌    | 2638/4789 [00:03<00:02, 850.26it/s]
 57%|█████▋    | 2724/4789 [00:03<00:02, 851.06it/s]
 59%|█████▊    | 2810/4789 [00:03<00:02, 847.34it/s]
 60%|██████    | 2895/4789 [00:03<00:02, 847.22it/s]
 62%|██████▏   | 2980/4789 [00:03<00:02, 838.23it/s]
 64%|██████▍   | 3065/4789 [00:03<00:02, 839.95it/s]
 66%|██████▌   | 3150/4789 [00:03<00:01, 840.70it/s]
 68%|██████▊   | 3235/4789 [00:03<00:01, 842.50it/s]
 69%|██████▉   | 3320/4789 [00:03<00:01, 840.11it/s]
 71%|███████   | 3405/4789 [00:04<00:01, 837.17it/s]
 73%|███████▎  | 3490/4789 [00:04<00:01, 838.75it/s]
 75%|███████▍  | 3576/4789 [00:04<00:01, 842.27it/s]
 76%|███████▋  | 3661/4789 [00:04<00:01, 843.46it/s]
 78%|███████▊  | 3746/4789 [00:04<00:01, 844.94it/s]
 80%|███████▉  | 3831/4789 [00:04<00:01, 844.11it/s]
 82%|████████▏ | 3916/4789 [00:04<00:01, 844.55it/s]
 84%|████████▎ | 4001/4789 [00:04<00:00, 844.27it/s]
 85%|████████▌ | 4086/4789 [00:04<00:00, 844.28it/s]
 87%|████████▋ | 4172/4789 [00:04<00:00, 846.40it/s]
 89%|████████▉ | 4258/4789 [00:05<00:00, 847.51it/s]
 91%|█████████ | 4343/4789 [00:05<00:00, 846.70it/s]
 92%|█████████▏| 4428/4789 [00:05<00:00, 847.34it/s]
 94%|█████████▍| 4513/4789 [00:05<00:00, 847.74it/s]
 96%|█████████▌| 4598/4789 [00:05<00:00, 847.58it/s]
 98%|█████████▊| 4683/4789 [00:05<00:00, 844.83it/s]
100%|█████████▉| 4768/4789 [00:05<00:00, 841.06it/s]
100%|██████████| 4789/4789 [00:05<00:00, 843.23it/s]

Epoch 1/150:   0%|          | 0/300 [00:00<?, ?it/s]
Epoch 1/150:   0%|          | 1/300 [00:00<02:14,  2.23it/s]
Epoch 1/150:   7%|▋         | 21/300 [00:00<00:05, 49.91it/s]
Epoch 1/150:  16%|█▌        | 47/300 [00:00<00:02, 103.69it/s]
Epoch 1/150:  24%|██▍       | 73/300 [00:00<00:01, 144.04it/s]
Epoch 1/150:  33%|███▎      | 98/300 [00:00<00:01, 172.93it/s]
Epoch 1/150:  41%|████▏     | 124/300 [00:00<00:00, 196.01it/s]
Epoch 1/150:  50%|█████     | 150/300 [00:01<00:00, 212.14it/s]
Epoch 1/150:  59%|█████▊    | 176/300 [00:01<00:00, 225.72it/s]
Epoch 1/150:  67%|██████▋   | 202/300 [00:01<00:00, 235.61it/s]
Epoch 1/150:  76%|███████▌  | 228/300 [00:01<00:00, 242.06it/s]
Epoch 1/150:  85%|████████▍ | 254/300 [00:01<00:00, 245.65it/s]
Epoch 1/150:  93%|█████████▎| 280/300 [00:01<00:00, 249.44it/s]
Epoch 1/150: 100%|██████████| 300/300 [00:01<00:00, 179.11it/s]

Epoch 2/150:   0%|          | 0/300 [00:00<?, ?it/s]
Epoch 2/150:   2%|▏         | 5/300 [00:00<00:06, 48.29it/s]
Epoch 2/150:  10%|█         | 31/300 [00:00<00:01, 168.22it/s]
Epoch 2/150:  19%|█▉        | 57/300 [00:00<00:01, 206.46it/s]
Epoch 2/150:  28%|██▊       | 83/300 [00:00<00:00, 225.08it/s]
Epoch 2/150:  36%|███▋      | 109/300 [00:00<00:00, 237.08it/s]
Epoch 2/150:  45%|████▌     | 136/300 [00:00<00:00, 245.13it/s]
Epoch 2/150:  54%|█████▍    | 163/300 [00:00<00:00, 252.43it/s]
Epoch 2/150:  63%|██████▎   | 190/300 [00:00<00:00, 256.88it/s]
Epoch 2/150:  72%|███████▏  | 216/300 [00:00<00:00, 256.33it/s]
Epoch 2/150:  81%|████████  | 242/300 [00:01<00:00, 233.69it/s]
Epoch 2/150:  89%|████████▊ | 266/300 [00:01<00:00, 229.53it/s]
Epoch 2/150:  97%|█████████▋| 290/300 [00:01<00:00, 226.25it/s]
Epoch 2/150: 100%|██████████| 300/300 [00:01<00:00, 221.53it/s]

Epoch 3/150:   0%|          | 0/300 [00:00<?, ?it/s]
Epoch 3/150:   1%|▏         | 4/300 [00:00<00:07, 38.20it/s]
Epoch 3/150:  12%|█▏        | 35/300 [00:00<00:01, 193.82it/s]
Epoch 3/150:  21%|██        | 62/300 [00:00<00:01, 226.43it/s]
Epoch 3/150:  30%|██▉       | 89/300 [00:00<00:00, 240.23it/s]
Epoch 3/150:  38%|███▊      | 115/300 [00:00<00:00, 246.40it/s]
Epoch 3/150:  47%|████▋     | 141/300 [00:00<00:00, 249.34it/s]
Epoch 3/150:  56%|█████▌    | 167/300 [00:00<00:00, 250.68it/s]
Epoch 3/150:  64%|██████▍   | 193/300 [00:00<00:00, 252.85it/s]
Epoch 3/150:  73%|███████▎  | 219/300 [00:00<00:00, 253.51it/s]
Epoch 3/150:  82%|████████▏ | 245/300 [00:01<00:00, 252.23it/s]
Epoch 3/150:  90%|█████████ | 271/300 [00:01<00:00, 252.65it/s]
Epoch 3/150:  99%|█████████▉| 297/300 [00:01<00:00, 253.91it/s]
Epoch 3/150: 100%|██████████| 300/300 [00:01<00:00, 232.07it/s]

Epoch 4/150:   0%|          | 0/300 [00:00<?, ?it/s]
Epoch 4/150:   1%|          | 3/300 [00:00<00:09, 29.70it/s]
Epoch 4/150:  10%|▉         | 29/300 [00:00<00:01, 162.18it/s]
Epoch 4/150:  18%|█▊        | 55/300 [00:00<00:01, 205.26it/s]
Epoch 4/150:  27%|██▋       | 80/300 [00:00<00:00, 221.49it/s]
Epoch 4/150:  35%|███▌      | 106/300 [00:00<00:00, 233.20it/s]
Epoch 4/150:  44%|████▍     | 132/300 [00:00<00:00, 238.86it/s]
Epoch 4/150:  53%|█████▎    | 158/300 [00:00<00:00, 243.69it/s]
Epoch 4/150:  62%|██████▏   | 185/300 [00:00<00:00, 249.49it/s]
Epoch 4/150:  70%|███████   | 211/300 [00:00<00:00, 252.44it/s]
Epoch 4/150:  79%|███████▉  | 237/300 [00:01<00:00, 254.19it/s]
Epoch 4/150:  88%|████████▊ | 263/300 [00:01<00:00, 255.25it/s]
Epoch 4/150:  96%|█████████▋| 289/300 [00:01<00:00, 255.47it/s]
Epoch 4/150: 100%|██████████| 300/300 [00:01<00:00, 228.55it/s]

Epoch 5/150:   0%|          | 0/300 [00:00<?, ?it/s]
Epoch 5/150:   1%|▏         | 4/300 [00:00<00:08, 36.79it/s]
Epoch 5/150:  10%|█         | 31/300 [00:00<00:01, 166.37it/s]
Epoch 5/150:  19%|█▉        | 57/300 [00:00<00:01, 205.69it/s]
Epoch 5/150:  28%|██▊       | 84/300 [00:00<00:00, 227.30it/s]
Epoch 5/150:  37%|███▋      | 110/300 [00:00<00:00, 238.77it/s]
Epoch 5/150:  45%|████▌     | 136/300 [00:00<00:00, 244.74it/s]
Epoch 5/150:  54%|█████▍    | 162/300 [00:00<00:00, 248.96it/s]
Epoch 5/150:  63%|██████▎   | 188/300 [00:00<00:00, 252.41it/s]
Epoch 5/150:  71%|███████▏  | 214/300 [00:00<00:00, 251.23it/s]
Epoch 5/150:  80%|████████  | 240/300 [00:01<00:00, 233.50it/s]
Epoch 5/150:  88%|████████▊ | 264/300 [00:01<00:00, 227.23it/s]
Epoch 5/150:  96%|█████████▌| 288/300 [00:01<00:00, 227.91it/s]
Epoch 5/150: 100%|██████████| 300/300 [00:01<00:00, 220.23it/s]

Epoch 6/150:   0%|          | 0/300 [00:00<?, ?it/s]
Epoch 6/150:   1%|▏         | 4/300 [00:00<00:07, 39.86it/s]
Epoch 6/150:  10%|█         | 30/300 [00:00<00:01, 169.16it/s]
Epoch 6/150:  19%|█▊        | 56/300 [00:00<00:01, 210.52it/s]
Epoch 6/150:  27%|██▋       | 82/300 [00:00<00:00, 227.80it/s]
Epoch 6/150:  36%|███▌      | 107/300 [00:00<00:00, 235.53it/s]
Epoch 6/150:  44%|████▍     | 133/300 [00:00<00:00, 240.94it/s]
Epoch 6/150:  53%|█████▎    | 159/300 [00:00<00:00, 244.60it/s]
Epoch 6/150:  62%|██████▏   | 186/300 [00:00<00:00, 250.29it/s]
Epoch 6/150:  71%|███████   | 213/300 [00:00<00:00, 253.96it/s]
Epoch 6/150:  80%|███████▉  | 239/300 [00:01<00:00, 255.01it/s]
Epoch 6/150:  88%|████████▊ | 265/300 [00:01<00:00, 254.14it/s]
Epoch 6/150:  97%|█████████▋| 291/300 [00:01<00:00, 251.92it/s]
Epoch 6/150: 100%|██████████| 300/300 [00:01<00:00, 230.86it/s]

Epoch 7/150:   0%|          | 0/300 [00:00<?, ?it/s]
Epoch 7/150:   1%|▏         | 4/300 [00:00<00:07, 38.47it/s]
Epoch 7/150:   8%|▊         | 25/300 [00:00<00:01, 137.61it/s]
Epoch 7/150:  17%|█▋        | 52/300 [00:00<00:01, 194.17it/s]
Epoch 7/150:  26%|██▋       | 79/300 [00:00<00:00, 221.15it/s]
Epoch 7/150:  36%|███▌      | 107/300 [00:00<00:00, 240.72it/s]
Epoch 7/150:  46%|████▋     | 139/300 [00:00<00:00, 266.73it/s]
Epoch 7/150:  57%|█████▋    | 172/300 [00:00<00:00, 286.05it/s]
Epoch 7/150:  68%|██████▊   | 204/300 [00:00<00:00, 296.04it/s]
Epoch 7/150:  79%|███████▊  | 236/300 [00:00<00:00, 302.92it/s]
Epoch 7/150:  90%|████████▉ | 269/300 [00:01<00:00, 309.00it/s]
Epoch 7/150: 100%|██████████| 300/300 [00:01<00:00, 262.17it/s]

Epoch 8/150:   0%|          | 0/300 [00:00<?, ?it/s]
Epoch 8/150:   1%|▏         | 4/300 [00:00<00:07, 39.11it/s]
Epoch 8/150:  12%|█▏        | 37/300 [00:00<00:01, 207.18it/s]
Epoch 8/150:  24%|██▎       | 71/300 [00:00<00:00, 264.12it/s]
Epoch 8/150:  34%|███▍      | 102/300 [00:00<00:00, 279.55it/s]
Epoch 8/150:  43%|████▎     | 130/300 [00:00<00:00, 275.62it/s]
Epoch 8/150:  53%|█████▎    | 158/300 [00:00<00:00, 274.64it/s]
Epoch 8/150:  62%|██████▏   | 186/300 [00:00<00:00, 274.35it/s]
Epoch 8/150:  71%|███████▏  | 214/300 [00:00<00:00, 274.28it/s]
Epoch 8/150:  81%|████████  | 242/300 [00:00<00:00, 257.65it/s]
Epoch 8/150:  89%|████████▉ | 268/300 [00:01<00:00, 238.88it/s]
Epoch 8/150:  98%|█████████▊| 293/300 [00:01<00:00, 236.20it/s]
Epoch 8/150: 100%|██████████| 300/300 [00:01<00:00, 237.21it/s]

Epoch 9/150:   0%|          | 0/300 [00:00<?, ?it/s]
Epoch 9/150:   1%|▏         | 4/300 [00:00<00:07, 38.81it/s]
Epoch 9/150:  10%|▉         | 29/300 [00:00<00:01, 160.79it/s]
Epoch 9/150:  18%|█▊        | 54/300 [00:00<00:01, 199.15it/s]
Epoch 9/150:  27%|██▋       | 80/300 [00:00<00:01, 219.76it/s]
Epoch 9/150:  35%|███▌      | 106/300 [00:00<00:00, 232.89it/s]
Epoch 9/150:  44%|████▎     | 131/300 [00:00<00:00, 238.41it/s]
Epoch 9/150:  52%|█████▏    | 157/300 [00:00<00:00, 242.52it/s]
Epoch 9/150:  61%|██████    | 182/300 [00:00<00:00, 243.42it/s]
Epoch 9/150:  70%|██████▉   | 209/300 [00:00<00:00, 251.34it/s]
Epoch 9/150:  80%|████████  | 240/300 [00:01<00:00, 268.39it/s]
Epoch 9/150:  90%|█████████ | 271/300 [00:01<00:00, 279.99it/s]
Epoch 9/150: 100%|██████████| 300/300 [00:01<00:00, 239.99it/s]

Epoch 10/150:   0%|          | 0/300 [00:00<?, ?it/s]
Epoch 10/150:   1%|          | 3/300 [00:00<00:10, 28.97it/s]
Epoch 10/150:   8%|▊         | 23/300 [00:00<00:03, 76.74it/s]
Epoch 10/150:  18%|█▊        | 55/300 [00:00<00:01, 156.26it/s]
Epoch 10/150:  29%|██▉       | 88/300 [00:00<00:01, 211.58it/s]
Epoch 10/150:  40%|████      | 121/300 [00:00<00:00, 247.18it/s]
Epoch 10/150:  51%|█████▏    | 154/300 [00:00<00:00, 271.22it/s]
Epoch 10/150:  62%|██████▏   | 187/300 [00:00<00:00, 287.51it/s]
Epoch 10/150:  73%|███████▎  | 219/300 [00:00<00:00, 296.41it/s]
Epoch 10/150:  84%|████████▍ | 252/300 [00:01<00:00, 305.72it/s]
Epoch 10/150:  95%|█████████▌| 285/300 [00:01<00:00, 311.25it/s]
Epoch 10/150: 100%|██████████| 300/300 [00:01<00:00, 246.84it/s]

Epoch 11/150:   0%|          | 0/300 [00:00<?, ?it/s]
Epoch 11/150:   1%|          | 3/300 [00:00<00:10, 29.65it/s]
Epoch 11/150:  12%|█▏        | 35/300 [00:00<00:01, 199.17it/s]
Epoch 11/150:  23%|██▎       | 68/300 [00:00<00:00, 256.66it/s]
Epoch 11/150:  34%|███▎      | 101/300 [00:00<00:00, 282.50it/s]
Epoch 11/150:  45%|████▍     | 134/300 [00:00<00:00, 298.24it/s]
Epoch 11/150:  56%|█████▌    | 167/300 [00:00<00:00, 308.13it/s]
Epoch 11/150:  67%|██████▋   | 200/300 [00:00<00:00, 314.82it/s]
Epoch 11/150:  78%|███████▊  | 233/300 [00:00<00:00, 319.44it/s]
Epoch 11/150:  88%|████████▊ | 265/300 [00:00<00:00, 318.62it/s]
Epoch 11/150:  99%|█████████▉| 298/300 [00:01<00:00, 320.29it/s]
Epoch 11/150: 100%|██████████| 300/300 [00:01<00:00, 281.84it/s]

Epoch 12/150:   0%|          | 0/300 [00:00<?, ?it/s]
Epoch 12/150:   1%|▏         | 4/300 [00:00<00:07, 39.70it/s]
Epoch 12/150:  12%|█▏        | 37/300 [00:00<00:01, 206.52it/s]
Epoch 12/150:  23%|██▎       | 70/300 [00:00<00:00, 259.28it/s]
Epoch 12/150:  34%|███▍      | 102/300 [00:00<00:00, 282.30it/s]
Epoch 12/150:  44%|████▎     | 131/300 [00:00<00:00, 255.60it/s]
Epoch 12/150:  52%|█████▏    | 157/300 [00:00<00:00, 247.06it/s]
Epoch 12/150:  61%|██████    | 182/300 [00:00<00:00, 239.39it/s]
Epoch 12/150:  69%|██████▉   | 207/300 [00:00<00:00, 233.71it/s]
Epoch 12/150:  77%|███████▋  | 231/300 [00:00<00:00, 230.59it/s]
Epoch 12/150:  85%|████████▌ | 255/300 [00:01<00:00, 228.28it/s]
Epoch 12/150:  93%|█████████▎| 278/300 [00:01<00:00, 227.51it/s]
Epoch 12/150: 100%|██████████| 300/300 [00:01<00:00, 225.73it/s]

Epoch 13/150:   0%|          | 0/300 [00:00<?, ?it/s]
Epoch 13/150:   1%|▏         | 4/300 [00:00<00:07, 38.61it/s]
Epoch 13/150:  10%|█         | 30/300 [00:00<00:01, 166.63it/s]
Epoch 13/150:  19%|█▉        | 57/300 [00:00<00:01, 210.69it/s]
Epoch 13/150:  28%|██▊       | 84/300 [00:00<00:00, 231.49it/s]
Epoch 13/150:  36%|███▋      | 109/300 [00:00<00:00, 234.21it/s]
Epoch 13/150:  44%|████▍     | 133/300 [00:00<00:00, 232.85it/s]
Epoch 13/150:  53%|█████▎    | 159/300 [00:00<00:00, 239.57it/s]
Epoch 13/150:  61%|██████▏   | 184/300 [00:00<00:00, 241.62it/s]
Epoch 13/150:  70%|██████▉   | 209/300 [00:00<00:00, 243.15it/s]
Epoch 13/150:  78%|███████▊  | 234/300 [00:01<00:00, 244.11it/s]
Epoch 13/150:  86%|████████▋ | 259/300 [00:01<00:00, 245.46it/s]
Epoch 13/150:  95%|█████████▍| 284/300 [00:01<00:00, 244.27it/s]
Epoch 13/150: 100%|██████████| 300/300 [00:01<00:00, 223.10it/s]

Epoch 14/150:   0%|          | 0/300 [00:00<?, ?it/s]
Epoch 14/150:   1%|▏         | 4/300 [00:00<00:07, 38.67it/s]
Epoch 14/150:  10%|█         | 31/300 [00:00<00:01, 170.06it/s]
Epoch 14/150:  19%|█▉        | 57/300 [00:00<00:01, 208.93it/s]
Epoch 14/150:  28%|██▊       | 84/300 [00:00<00:00, 231.14it/s]
Epoch 14/150:  37%|███▋      | 110/300 [00:00<00:00, 238.62it/s]
Epoch 14/150:  46%|████▌     | 137/300 [00:00<00:00, 249.11it/s]
Epoch 14/150:  57%|█████▋    | 170/300 [00:00<00:00, 273.15it/s]
Epoch 14/150:  68%|██████▊   | 203/300 [00:00<00:00, 289.80it/s]
Epoch 14/150:  78%|███████▊  | 235/300 [00:00<00:00, 299.07it/s]
Epoch 14/150:  90%|████████▉ | 269/300 [00:01<00:00, 309.11it/s]
Epoch 14/150: 100%|██████████| 300/300 [00:01<00:00, 259.19it/s]

Epoch 15/150:   0%|          | 0/300 [00:00<?, ?it/s]
Epoch 15/150:   1%|▏         | 4/300 [00:00<00:07, 38.96it/s]
Epoch 15/150:  12%|█▏        | 37/300 [00:00<00:01, 204.84it/s]
Epoch 15/150:  21%|██▏       | 64/300 [00:00<00:01, 233.03it/s]
Epoch 15/150:  30%|███       | 90/300 [00:00<00:00, 240.33it/s]
Epoch 15/150:  38%|███▊      | 115/300 [00:00<00:00, 239.11it/s]
Epoch 15/150:  46%|████▋     | 139/300 [00:00<00:00, 227.06it/s]
Epoch 15/150:  55%|█████▌    | 165/300 [00:00<00:00, 235.99it/s]
Epoch 15/150:  64%|██████▍   | 192/300 [00:00<00:00, 243.92it/s]
Epoch 15/150:  73%|███████▎  | 219/300 [00:00<00:00, 248.80it/s]
Epoch 15/150:  82%|████████▏ | 245/300 [00:01<00:00, 249.89it/s]
Epoch 15/150:  90%|█████████ | 271/300 [00:01<00:00, 251.92it/s]
Epoch 15/150:  99%|█████████▉| 297/300 [00:01<00:00, 252.65it/s]
Epoch 15/150: 100%|██████████| 300/300 [00:01<00:00, 230.23it/s]

Epoch 16/150:   0%|          | 0/300 [00:00<?, ?it/s]
Epoch 16/150:   1%|▏         | 4/300 [00:00<00:07, 39.45it/s]
Epoch 16/150:  10%|▉         | 29/300 [00:00<00:01, 159.55it/s]
Epoch 16/150:  18%|█▊        | 55/300 [00:00<00:01, 203.51it/s]
Epoch 16/150:  27%|██▋       | 82/300 [00:00<00:00, 226.36it/s]
Epoch 16/150:  36%|███▌      | 108/300 [00:00<00:00, 237.91it/s]
Epoch 16/150:  45%|████▍     | 134/300 [00:00<00:00, 243.33it/s]
Epoch 16/150:  53%|█████▎    | 159/300 [00:00<00:00, 245.38it/s]
Epoch 16/150:  62%|██████▏   | 185/300 [00:00<00:00, 249.35it/s]
Epoch 16/150:  70%|███████   | 211/300 [00:00<00:00, 250.73it/s]
Epoch 16/150:  79%|███████▉  | 237/300 [00:01<00:00, 247.62it/s]
Epoch 16/150:  87%|████████▋ | 262/300 [00:01<00:00, 232.56it/s]
Epoch 16/150:  95%|█████████▌| 286/300 [00:01<00:00, 230.29it/s]
Epoch 16/150: 100%|██████████| 300/300 [00:01<00:00, 219.03it/s]

Epoch 17/150:   0%|          | 0/300 [00:00<?, ?it/s]
Epoch 17/150:   1%|▏         | 4/300 [00:00<00:07, 38.96it/s]
Epoch 17/150:  10%|▉         | 29/300 [00:00<00:01, 161.64it/s]
Epoch 17/150:  18%|█▊        | 55/300 [00:00<00:01, 204.35it/s]
Epoch 17/150:  27%|██▋       | 80/300 [00:00<00:00, 221.18it/s]
Epoch 17/150:  35%|███▌      | 105/300 [00:00<00:00, 229.08it/s]
Epoch 17/150:  44%|████▎     | 131/300 [00:00<00:00, 236.57it/s]
Epoch 17/150:  52%|█████▏    | 157/300 [00:00<00:00, 242.53it/s]
Epoch 17/150:  61%|██████    | 183/300 [00:00<00:00, 245.39it/s]
Epoch 17/150:  70%|██████▉   | 209/300 [00:00<00:00, 248.82it/s]
Epoch 17/150:  79%|███████▊  | 236/300 [00:01<00:00, 252.37it/s]
Epoch 17/150:  87%|████████▋ | 262/300 [00:01<00:00, 251.36it/s]
Epoch 17/150:  96%|█████████▌| 288/300 [00:01<00:00, 250.43it/s]
Epoch 17/150: 100%|██████████| 300/300 [00:01<00:00, 225.95it/s]

Epoch 18/150:   0%|          | 0/300 [00:00<?, ?it/s]
Epoch 18/150:   1%|          | 3/300 [00:00<00:10, 29.34it/s]
Epoch 18/150:  10%|▉         | 29/300 [00:00<00:01, 160.41it/s]
Epoch 18/150:  18%|█▊        | 53/300 [00:00<00:01, 192.96it/s]
Epoch 18/150:  26%|██▌       | 77/300 [00:00<00:01, 208.09it/s]
Epoch 18/150:  33%|███▎      | 100/300 [00:00<00:00, 215.16it/s]
Epoch 18/150:  41%|████      | 123/300 [00:00<00:00, 217.78it/s]
Epoch 18/150:  49%|████▊     | 146/300 [00:00<00:00, 220.82it/s]
Epoch 18/150:  56%|█████▋    | 169/300 [00:00<00:00, 221.18it/s]
Epoch 18/150:  64%|██████▍   | 192/300 [00:00<00:00, 219.41it/s]
Epoch 18/150:  72%|███████▏  | 216/300 [00:01<00:00, 222.97it/s]
Epoch 18/150:  80%|████████  | 240/300 [00:01<00:00, 225.54it/s]
Epoch 18/150:  88%|████████▊ | 264/300 [00:01<00:00, 228.14it/s]
Epoch 18/150:  96%|█████████▌| 288/300 [00:01<00:00, 229.80it/s]
Epoch 18/150: 100%|██████████| 300/300 [00:01<00:00, 208.33it/s]

Epoch 19/150:   0%|          | 0/300 [00:00<?, ?it/s]
Epoch 19/150:   1%|          | 3/300 [00:00<00:10, 28.36it/s]
Epoch 19/150:  10%|▉         | 29/300 [00:00<00:01, 161.13it/s]
Epoch 19/150:  19%|█▊        | 56/300 [00:00<00:01, 207.90it/s]
Epoch 19/150:  28%|██▊       | 83/300 [00:00<00:00, 229.82it/s]
Epoch 19/150:  37%|███▋      | 110/300 [00:00<00:00, 241.29it/s]
Epoch 19/150:  45%|████▌     | 135/300 [00:00<00:00, 240.31it/s]
Epoch 19/150:  53%|█████▎    | 160/300 [00:00<00:00, 223.93it/s]
Epoch 19/150:  61%|██████    | 183/300 [00:00<00:00, 223.08it/s]
Epoch 19/150:  69%|██████▊   | 206/300 [00:00<00:00, 222.71it/s]
Epoch 19/150:  76%|███████▋  | 229/300 [00:01<00:00, 223.01it/s]
Epoch 19/150:  84%|████████▍ | 252/300 [00:01<00:00, 218.63it/s]
Epoch 19/150:  91%|█████████▏| 274/300 [00:01<00:00, 218.66it/s]
Epoch 19/150:  99%|█████████▉| 297/300 [00:01<00:00, 220.66it/s]
Epoch 19/150: 100%|██████████| 300/300 [00:01<00:00, 211.38it/s]

Epoch 20/150:   0%|          | 0/300 [00:00<?, ?it/s]
Epoch 20/150:   1%|          | 3/300 [00:00<00:10, 29.31it/s]
Epoch 20/150:  10%|▉         | 29/300 [00:00<00:01, 161.74it/s]
Epoch 20/150:  18%|█▊        | 55/300 [00:00<00:01, 205.13it/s]
Epoch 20/150:  27%|██▋       | 81/300 [00:00<00:00, 224.27it/s]
Epoch 20/150:  36%|███▌      | 107/300 [00:00<00:00, 233.86it/s]
Epoch 20/150:  44%|████▍     | 133/300 [00:00<00:00, 241.01it/s]
Epoch 20/150:  53%|█████▎    | 159/300 [00:00<00:00, 244.35it/s]
Epoch 20/150:  62%|██████▏   | 185/300 [00:00<00:00, 247.06it/s]
Epoch 20/150:  70%|███████   | 210/300 [00:00<00:00, 246.98it/s]
Epoch 20/150:  79%|███████▊  | 236/300 [00:01<00:00, 250.47it/s]
Epoch 20/150:  87%|████████▋ | 262/300 [00:01<00:00, 242.61it/s]
Epoch 20/150:  96%|█████████▌| 287/300 [00:01<00:00, 226.72it/s]
Epoch 20/150: 100%|██████████| 300/300 [00:01<00:00, 220.73it/s]

Epoch 21/150:   0%|          | 0/300 [00:00<?, ?it/s]
Epoch 21/150:   1%|          | 3/300 [00:00<00:10, 29.33it/s]
Epoch 21/150:  10%|▉         | 29/300 [00:00<00:01, 161.30it/s]
Epoch 21/150:  19%|█▊        | 56/300 [00:00<00:01, 206.72it/s]
Epoch 21/150:  27%|██▋       | 82/300 [00:00<00:00, 224.75it/s]
Epoch 21/150:  36%|███▌      | 108/300 [00:00<00:00, 236.14it/s]
Epoch 21/150:  45%|████▍     | 134/300 [00:00<00:00, 241.54it/s]
Epoch 21/150:  53%|█████▎    | 160/300 [00:00<00:00, 244.40it/s]
Epoch 21/150:  62%|██████▏   | 185/300 [00:00<00:00, 246.00it/s]
Epoch 21/150:  70%|███████   | 210/300 [00:00<00:00, 246.82it/s]
Epoch 21/150:  79%|███████▊  | 236/300 [00:01<00:00, 248.61it/s]
Epoch 21/150:  87%|████████▋ | 262/300 [00:01<00:00, 249.12it/s]
Epoch 21/150:  96%|█████████▌| 288/300 [00:01<00:00, 249.85it/s]
Epoch 21/150: 100%|██████████| 300/300 [00:01<00:00, 227.31it/s]

Epoch 22/150:   0%|          | 0/300 [00:00<?, ?it/s]
Epoch 22/150:   1%|          | 3/300 [00:00<00:10, 29.40it/s]
Epoch 22/150:   9%|▉         | 28/300 [00:00<00:01, 156.50it/s]
Epoch 22/150:  20%|██        | 61/300 [00:00<00:01, 232.68it/s]
Epoch 22/150:  31%|███▏      | 94/300 [00:00<00:00, 268.30it/s]
Epoch 22/150:  42%|████▏     | 127/300 [00:00<00:00, 288.04it/s]
Epoch 22/150:  53%|█████▎    | 159/300 [00:00<00:00, 298.16it/s]
Epoch 22/150:  64%|██████▎   | 191/300 [00:00<00:00, 304.67it/s]
Epoch 22/150:  74%|███████▍  | 223/300 [00:00<00:00, 308.80it/s]
Epoch 22/150:  85%|████████▌ | 255/300 [00:00<00:00, 310.06it/s]
Epoch 22/150:  96%|█████████▌| 287/300 [00:01<00:00, 285.93it/s]
Epoch 22/150: 100%|██████████| 300/300 [00:01<00:00, 264.00it/s]

Epoch 23/150:   0%|          | 0/300 [00:00<?, ?it/s]
Epoch 23/150:   1%|          | 3/300 [00:00<00:10, 28.31it/s]
Epoch 23/150:  12%|█▏        | 35/300 [00:00<00:01, 194.22it/s]
Epoch 23/150:  18%|█▊        | 55/300 [00:00<00:01, 135.61it/s]
Epoch 23/150:  29%|██▉       | 88/300 [00:00<00:01, 193.44it/s]
Epoch 23/150:  40%|████      | 121/300 [00:00<00:00, 233.82it/s]
Epoch 23/150:  51%|█████     | 153/300 [00:00<00:00, 258.69it/s]
Epoch 23/150:  60%|██████    | 181/300 [00:00<00:00, 246.95it/s]
Epoch 23/150:  69%|██████▉   | 208/300 [00:00<00:00, 249.44it/s]
Epoch 23/150:  78%|███████▊  | 234/300 [00:01<00:00, 250.78it/s]
Epoch 23/150:  87%|████████▋ | 260/300 [00:01<00:00, 241.89it/s]
Epoch 23/150:  95%|█████████▌| 285/300 [00:01<00:00, 228.91it/s]
Epoch 23/150: 100%|██████████| 300/300 [00:01<00:00, 215.68it/s]

Epoch 24/150:   0%|          | 0/300 [00:00<?, ?it/s]
Epoch 24/150:   1%|          | 3/300 [00:00<00:10, 28.79it/s]
Epoch 24/150:  11%|█         | 32/300 [00:00<00:01, 177.07it/s]
Epoch 24/150:  21%|██        | 63/300 [00:00<00:01, 232.85it/s]
Epoch 24/150:  30%|██▉       | 89/300 [00:00<00:00, 241.11it/s]
Epoch 24/150:  38%|███▊      | 115/300 [00:00<00:00, 245.97it/s]
Epoch 24/150:  47%|████▋     | 141/300 [00:00<00:00, 247.64it/s]
Epoch 24/150:  56%|█████▌    | 167/300 [00:00<00:00, 249.44it/s]
Epoch 24/150:  65%|██████▍   | 194/300 [00:00<00:00, 253.14it/s]
Epoch 24/150:  73%|███████▎  | 220/300 [00:00<00:00, 253.85it/s]
Epoch 24/150:  82%|████████▏ | 247/300 [00:01<00:00, 255.69it/s]
Epoch 24/150:  91%|█████████ | 273/300 [00:01<00:00, 250.29it/s]
Epoch 24/150: 100%|█████████▉| 299/300 [00:01<00:00, 252.10it/s]
Epoch 24/150: 100%|██████████| 300/300 [00:01<00:00, 233.25it/s]

Epoch 25/150:   0%|          | 0/300 [00:00<?, ?it/s]
Epoch 25/150:   1%|▏         | 4/300 [00:00<00:07, 37.02it/s]
Epoch 25/150:   9%|▉         | 27/300 [00:00<00:01, 143.92it/s]
Epoch 25/150:  16%|█▌        | 48/300 [00:00<00:01, 170.90it/s]
Epoch 25/150:  24%|██▎       | 71/300 [00:00<00:01, 191.64it/s]
Epoch 25/150:  31%|███▏      | 94/300 [00:00<00:01, 204.48it/s]
Epoch 25/150:  39%|███▉      | 117/300 [00:00<00:00, 212.00it/s]
Epoch 25/150:  47%|████▋     | 140/300 [00:00<00:00, 216.43it/s]
Epoch 25/150:  54%|█████▍    | 162/300 [00:00<00:00, 217.22it/s]
Epoch 25/150:  62%|██████▏   | 185/300 [00:00<00:00, 218.91it/s]
Epoch 25/150:  69%|██████▉   | 208/300 [00:01<00:00, 220.11it/s]
Epoch 25/150:  77%|███████▋  | 231/300 [00:01<00:00, 223.05it/s]
Epoch 25/150:  85%|████████▍ | 254/300 [00:01<00:00, 224.04it/s]
Epoch 25/150:  93%|█████████▎| 278/300 [00:01<00:00, 225.69it/s]
Epoch 25/150: 100%|██████████| 300/300 [00:01<00:00, 203.77it/s]

Epoch 26/150:   0%|          | 0/300 [00:00<?, ?it/s]
Epoch 26/150:   1%|▏         | 4/300 [00:00<00:07, 38.80it/s]
Epoch 26/150:  10%|█         | 30/300 [00:00<00:01, 163.74it/s]
Epoch 26/150:  18%|█▊        | 55/300 [00:00<00:01, 201.87it/s]
Epoch 26/150:  27%|██▋       | 80/300 [00:00<00:01, 219.04it/s]
Epoch 26/150:  34%|███▍      | 102/300 [00:00<00:00, 216.77it/s]
Epoch 26/150:  41%|████▏     | 124/300 [00:00<00:00, 211.70it/s]
Epoch 26/150:  49%|████▉     | 147/300 [00:00<00:00, 216.91it/s]
Epoch 26/150:  57%|█████▋    | 171/300 [00:00<00:00, 221.25it/s]
Epoch 26/150:  65%|██████▌   | 196/300 [00:00<00:00, 229.40it/s]
Epoch 26/150:  74%|███████▍  | 222/300 [00:01<00:00, 237.64it/s]
Epoch 26/150:  83%|████████▎ | 248/300 [00:01<00:00, 242.48it/s]
Epoch 26/150:  92%|█████████▏| 275/300 [00:01<00:00, 248.51it/s]
Epoch 26/150: 100%|██████████| 300/300 [00:01<00:00, 217.32it/s]

Epoch 27/150:   0%|          | 0/300 [00:00<?, ?it/s]
Epoch 27/150:   1%|▏         | 4/300 [00:00<00:07, 38.88it/s]
Epoch 27/150:  12%|█▏        | 36/300 [00:00<00:01, 199.51it/s]
Epoch 27/150:  23%|██▎       | 68/300 [00:00<00:00, 250.10it/s]
Epoch 27/150:  33%|███▎      | 100/300 [00:00<00:00, 275.92it/s]
Epoch 27/150:  44%|████▍     | 133/300 [00:00<00:00, 292.06it/s]
Epoch 27/150:  55%|█████▌    | 166/300 [00:00<00:00, 301.77it/s]
Epoch 27/150:  66%|██████▌   | 197/300 [00:00<00:00, 295.63it/s]
Epoch 27/150:  76%|███████▌  | 227/300 [00:00<00:00, 259.73it/s]
Epoch 27/150:  85%|████████▍ | 254/300 [00:00<00:00, 249.46it/s]
Epoch 27/150:  93%|█████████▎| 280/300 [00:01<00:00, 242.34it/s]
Epoch 27/150: 100%|██████████| 300/300 [00:01<00:00, 243.33it/s]

Epoch 28/150:   0%|          | 0/300 [00:00<?, ?it/s]
Epoch 28/150:   2%|▏         | 5/300 [00:00<00:06, 48.08it/s]
Epoch 28/150:  10%|█         | 31/300 [00:00<00:01, 167.09it/s]
Epoch 28/150:  19%|█▉        | 57/300 [00:00<00:01, 206.79it/s]
Epoch 28/150:  28%|██▊       | 84/300 [00:00<00:00, 229.21it/s]
Epoch 28/150:  37%|███▋      | 110/300 [00:00<00:00, 238.38it/s]
Epoch 28/150:  45%|████▌     | 136/300 [00:00<00:00, 243.88it/s]
Epoch 28/150:  54%|█████▍    | 162/300 [00:00<00:00, 246.82it/s]
Epoch 28/150:  63%|██████▎   | 188/300 [00:00<00:00, 249.88it/s]
Epoch 28/150:  71%|███████▏  | 214/300 [00:00<00:00, 250.27it/s]
Epoch 28/150:  80%|████████  | 240/300 [00:01<00:00, 250.30it/s]
Epoch 28/150:  89%|████████▊ | 266/300 [00:01<00:00, 249.78it/s]
Epoch 28/150:  97%|█████████▋| 291/300 [00:01<00:00, 242.77it/s]
Epoch 28/150: 100%|██████████| 300/300 [00:01<00:00, 227.54it/s]

Epoch 29/150:   0%|          | 0/300 [00:00<?, ?it/s]
Epoch 29/150:   1%|          | 3/300 [00:00<00:10, 29.62it/s]
Epoch 29/150:   9%|▉         | 28/300 [00:00<00:01, 157.99it/s]
Epoch 29/150:  18%|█▊        | 54/300 [00:00<00:01, 202.51it/s]
Epoch 29/150:  27%|██▋       | 80/300 [00:00<00:00, 224.08it/s]
Epoch 29/150:  35%|███▌      | 106/300 [00:00<00:00, 234.18it/s]
Epoch 29/150:  44%|████▍     | 132/300 [00:00<00:00, 242.07it/s]
Epoch 29/150:  53%|█████▎    | 158/300 [00:00<00:00, 246.73it/s]
Epoch 29/150:  61%|██████▏   | 184/300 [00:00<00:00, 248.87it/s]
Epoch 29/150:  70%|███████   | 210/300 [00:00<00:00, 249.67it/s]
Epoch 29/150:  78%|███████▊  | 235/300 [00:01<00:00, 239.12it/s]
Epoch 29/150:  86%|████████▋ | 259/300 [00:01<00:00, 235.07it/s]
Epoch 29/150:  94%|█████████▍| 283/300 [00:01<00:00, 233.74it/s]
Epoch 29/150: 100%|██████████| 300/300 [00:01<00:00, 222.26it/s]

Epoch 30/150:   0%|          | 0/300 [00:00<?, ?it/s]
Epoch 30/150:   1%|          | 3/300 [00:00<00:09, 29.95it/s]
Epoch 30/150:   9%|▉         | 28/300 [00:00<00:01, 157.82it/s]
Epoch 30/150:  18%|█▊        | 54/300 [00:00<00:01, 202.77it/s]
Epoch 30/150:  26%|██▌       | 77/300 [00:00<00:01, 212.18it/s]
Epoch 30/150:  33%|███▎      | 100/300 [00:00<00:00, 216.82it/s]
Epoch 30/150:  41%|████      | 123/300 [00:00<00:00, 217.70it/s]
Epoch 30/150:  48%|████▊     | 145/300 [00:00<00:00, 213.22it/s]
Epoch 30/150:  56%|█████▌    | 168/300 [00:00<00:00, 216.19it/s]
Epoch 30/150:  64%|██████▎   | 191/300 [00:00<00:00, 219.76it/s]
Epoch 30/150:  71%|███████▏  | 214/300 [00:01<00:00, 220.93it/s]
Epoch 30/150:  79%|███████▉  | 237/300 [00:01<00:00, 222.38it/s]
Epoch 30/150:  87%|████████▋ | 260/300 [00:01<00:00, 222.86it/s]
Epoch 30/150:  94%|█████████▍| 283/300 [00:01<00:00, 224.13it/s]
Epoch 30/150: 100%|██████████| 300/300 [00:01<00:00, 206.24it/s]

Epoch 31/150:   0%|          | 0/300 [00:00<?, ?it/s]
Epoch 31/150:   1%|▏         | 4/300 [00:00<00:07, 39.15it/s]
Epoch 31/150:  12%|█▏        | 37/300 [00:00<00:01, 205.61it/s]
Epoch 31/150:  23%|██▎       | 70/300 [00:00<00:00, 259.47it/s]
Epoch 31/150:  34%|███▍      | 103/300 [00:00<00:00, 285.84it/s]
Epoch 31/150:  45%|████▌     | 136/300 [00:00<00:00, 298.84it/s]
Epoch 31/150:  56%|█████▌    | 168/300 [00:00<00:00, 305.64it/s]
Epoch 31/150:  67%|██████▋   | 202/300 [00:00<00:00, 313.86it/s]
Epoch 31/150:  78%|███████▊  | 235/300 [00:00<00:00, 318.00it/s]
Epoch 31/150:  89%|████████▉ | 268/300 [00:00<00:00, 321.05it/s]
Epoch 31/150: 100%|██████████| 300/300 [00:01<00:00, 281.29it/s]

Epoch 32/150:   0%|          | 0/300 [00:00<?, ?it/s]
Epoch 32/150:   2%|▏         | 5/300 [00:00<00:06, 48.78it/s]
Epoch 32/150:  12%|█▏        | 36/300 [00:00<00:01, 198.71it/s]
Epoch 32/150:  21%|██        | 63/300 [00:00<00:01, 227.94it/s]
Epoch 32/150:  30%|███       | 91/300 [00:00<00:00, 247.46it/s]
Epoch 32/150:  40%|███▉      | 119/300 [00:00<00:00, 257.86it/s]
Epoch 32/150:  49%|████▊     | 146/300 [00:00<00:00, 261.82it/s]
Epoch 32/150:  58%|█████▊    | 173/300 [00:00<00:00, 264.33it/s]
Epoch 32/150:  67%|██████▋   | 201/300 [00:00<00:00, 267.80it/s]
Epoch 32/150:  76%|███████▋  | 229/300 [00:00<00:00, 271.58it/s]
Epoch 32/150:  86%|████████▌ | 257/300 [00:01<00:00, 273.29it/s]
Epoch 32/150:  95%|█████████▌| 285/300 [00:01<00:00, 273.51it/s]
Epoch 32/150: 100%|██████████| 300/300 [00:01<00:00, 247.84it/s]

Epoch 33/150:   0%|          | 0/300 [00:00<?, ?it/s]
Epoch 33/150:   2%|▏         | 5/300 [00:00<00:06, 48.53it/s]
Epoch 33/150:  13%|█▎        | 38/300 [00:00<00:01, 210.37it/s]
Epoch 33/150:  24%|██▍       | 72/300 [00:00<00:00, 265.26it/s]
Epoch 33/150:  33%|███▎      | 99/300 [00:00<00:00, 266.58it/s]
Epoch 33/150:  42%|████▏     | 126/300 [00:00<00:00, 237.74it/s]
Epoch 33/150:  50%|█████     | 151/300 [00:00<00:00, 232.11it/s]
Epoch 33/150:  58%|█████▊    | 175/300 [00:00<00:00, 223.70it/s]
Epoch 33/150:  66%|██████▌   | 198/300 [00:00<00:00, 223.53it/s]
Epoch 33/150:  74%|███████▎  | 221/300 [00:00<00:00, 222.38it/s]
Epoch 33/150:  81%|████████▏ | 244/300 [00:01<00:00, 223.15it/s]
Epoch 33/150:  89%|████████▉ | 267/300 [00:01<00:00, 223.32it/s]
Epoch 33/150:  97%|█████████▋| 290/300 [00:01<00:00, 223.16it/s]
Epoch 33/150: 100%|██████████| 300/300 [00:01<00:00, 218.66it/s]

Epoch 34/150:   0%|          | 0/300 [00:00<?, ?it/s]
Epoch 34/150:   1%|          | 3/300 [00:00<00:10, 29.45it/s]
Epoch 34/150:  12%|█▏        | 35/300 [00:00<00:01, 197.57it/s]
Epoch 34/150:  23%|██▎       | 68/300 [00:00<00:00, 254.38it/s]
Epoch 34/150:  33%|███▎      | 100/300 [00:00<00:00, 278.74it/s]
Epoch 34/150:  44%|████▍     | 132/300 [00:00<00:00, 293.12it/s]
Epoch 34/150:  55%|█████▌    | 165/300 [00:00<00:00, 302.43it/s]
Epoch 34/150:  66%|██████▌   | 197/300 [00:00<00:00, 307.64it/s]
Epoch 34/150:  77%|███████▋  | 230/300 [00:00<00:00, 312.09it/s]
Epoch 34/150:  87%|████████▋ | 262/300 [00:00<00:00, 305.77it/s]
Epoch 34/150:  98%|█████████▊| 293/300 [00:01<00:00, 289.69it/s]
Epoch 34/150: 100%|██████████| 300/300 [00:01<00:00, 267.62it/s]

Epoch 35/150:   0%|          | 0/300 [00:00<?, ?it/s]
Epoch 35/150:   1%|          | 3/300 [00:00<00:10, 29.57it/s]
Epoch 35/150:  10%|▉         | 29/300 [00:00<00:01, 161.33it/s]
Epoch 35/150:  19%|█▊        | 56/300 [00:00<00:01, 207.24it/s]
Epoch 35/150:  27%|██▋       | 82/300 [00:00<00:00, 225.58it/s]
Epoch 35/150:  36%|███▌      | 108/300 [00:00<00:00, 236.15it/s]
Epoch 35/150:  45%|████▍     | 134/300 [00:00<00:00, 241.77it/s]
Epoch 35/150:  53%|█████▎    | 160/300 [00:00<00:00, 247.02it/s]
Epoch 35/150:  62%|██████▏   | 186/300 [00:00<00:00, 249.24it/s]
Epoch 35/150:  71%|███████   | 212/300 [00:00<00:00, 251.98it/s]
Epoch 35/150:  79%|███████▉  | 238/300 [00:01<00:00, 253.82it/s]
Epoch 35/150:  88%|████████▊ | 264/300 [00:01<00:00, 251.73it/s]
Epoch 35/150:  97%|█████████▋| 292/300 [00:01<00:00, 258.89it/s]
Epoch 35/150: 100%|██████████| 300/300 [00:01<00:00, 232.35it/s]

Epoch 36/150:   0%|          | 0/300 [00:00<?, ?it/s]
Epoch 36/150:   1%|          | 3/300 [00:00<00:10, 28.59it/s]
Epoch 36/150:  12%|█▏        | 35/300 [00:00<00:01, 195.96it/s]
Epoch 36/150:  22%|██▏       | 67/300 [00:00<00:00, 251.03it/s]
Epoch 36/150:  31%|███▏      | 94/300 [00:00<00:00, 254.87it/s]
Epoch 36/150:  40%|████      | 120/300 [00:00<00:00, 234.29it/s]
Epoch 36/150:  48%|████▊     | 144/300 [00:00<00:00, 231.89it/s]
Epoch 36/150:  56%|█████▌    | 168/300 [00:00<00:00, 229.21it/s]
Epoch 36/150:  64%|██████▍   | 192/300 [00:00<00:00, 228.88it/s]
Epoch 36/150:  72%|███████▏  | 215/300 [00:00<00:00, 228.56it/s]
Epoch 36/150:  79%|███████▉  | 238/300 [00:01<00:00, 227.54it/s]
Epoch 36/150:  87%|████████▋ | 261/300 [00:01<00:00, 227.44it/s]
Epoch 36/150:  95%|█████████▌| 285/300 [00:01<00:00, 228.24it/s]
Epoch 36/150: 100%|██████████| 300/300 [00:01<00:00, 218.73it/s]

Epoch 37/150:   0%|          | 0/300 [00:00<?, ?it/s]
Epoch 37/150:   1%|          | 3/300 [00:00<00:10, 28.57it/s]
Epoch 37/150:  12%|█▏        | 35/300 [00:00<00:01, 194.21it/s]
Epoch 37/150:  23%|██▎       | 68/300 [00:00<00:00, 254.31it/s]
Epoch 37/150:  32%|███▏      | 97/300 [00:00<00:00, 264.67it/s]
Epoch 37/150:  42%|████▏     | 125/300 [00:00<00:00, 269.03it/s]
Epoch 37/150:  51%|█████     | 152/300 [00:00<00:00, 269.30it/s]
Epoch 37/150:  60%|█████▉    | 179/300 [00:00<00:00, 188.40it/s]
Epoch 37/150:  71%|███████   | 212/300 [00:00<00:00, 222.10it/s]
Epoch 37/150:  82%|████████▏ | 246/300 [00:01<00:00, 251.38it/s]
Epoch 37/150:  93%|█████████▎| 280/300 [00:01<00:00, 274.06it/s]
Epoch 37/150: 100%|██████████| 300/300 [00:01<00:00, 241.00it/s]

Epoch 38/150:   0%|          | 0/300 [00:00<?, ?it/s]
Epoch 38/150:   1%|▏         | 4/300 [00:00<00:07, 39.20it/s]
Epoch 38/150:  12%|█▏        | 37/300 [00:00<00:01, 206.52it/s]
Epoch 38/150:  23%|██▎       | 70/300 [00:00<00:00, 258.95it/s]
Epoch 38/150:  34%|███▍      | 103/300 [00:00<00:00, 283.71it/s]
Epoch 38/150:  45%|████▌     | 136/300 [00:00<00:00, 298.74it/s]
Epoch 38/150:  56%|█████▌    | 168/300 [00:00<00:00, 305.20it/s]
Epoch 38/150:  67%|██████▋   | 200/300 [00:00<00:00, 309.02it/s]
Epoch 38/150:  78%|███████▊  | 233/300 [00:00<00:00, 314.53it/s]
Epoch 38/150:  88%|████████▊ | 265/300 [00:00<00:00, 287.15it/s]
Epoch 38/150:  99%|█████████▊| 296/300 [00:01<00:00, 292.49it/s]
Epoch 38/150: 100%|██████████| 300/300 [00:01<00:00, 270.34it/s]

Epoch 39/150:   0%|          | 0/300 [00:00<?, ?it/s]
Epoch 39/150:   1%|▏         | 4/300 [00:00<00:07, 39.88it/s]
Epoch 39/150:  12%|█▏        | 37/300 [00:00<00:01, 206.59it/s]
Epoch 39/150:  23%|██▎       | 70/300 [00:00<00:00, 261.02it/s]
Epoch 39/150:  35%|███▍      | 104/300 [00:00<00:00, 289.86it/s]
Epoch 39/150:  46%|████▌     | 138/300 [00:00<00:00, 306.69it/s]
Epoch 39/150:  57%|█████▋    | 171/300 [00:00<00:00, 313.73it/s]
Epoch 39/150:  68%|██████▊   | 204/300 [00:00<00:00, 317.86it/s]
Epoch 39/150:  79%|███████▉  | 238/300 [00:00<00:00, 322.28it/s]
Epoch 39/150:  90%|█████████ | 271/300 [00:00<00:00, 322.13it/s]
Epoch 39/150: 100%|██████████| 300/300 [00:01<00:00, 286.74it/s]

Epoch 40/150:   0%|          | 0/300 [00:00<?, ?it/s]
Epoch 40/150:   1%|          | 3/300 [00:00<00:10, 29.47it/s]
Epoch 40/150:  12%|█▏        | 36/300 [00:00<00:01, 201.56it/s]
Epoch 40/150:  23%|██▎       | 69/300 [00:00<00:00, 256.88it/s]
Epoch 40/150:  34%|███▍      | 102/300 [00:00<00:00, 283.01it/s]
Epoch 40/150:  45%|████▍     | 134/300 [00:00<00:00, 295.53it/s]
Epoch 40/150:  55%|█████▌    | 166/300 [00:00<00:00, 303.59it/s]
Epoch 40/150:  66%|██████▌   | 198/300 [00:00<00:00, 308.89it/s]
Epoch 40/150:  77%|███████▋  | 231/300 [00:00<00:00, 313.02it/s]
Epoch 40/150:  88%|████████▊ | 264/300 [00:00<00:00, 317.79it/s]
Epoch 40/150:  99%|█████████▉| 297/300 [00:01<00:00, 319.44it/s]
Epoch 40/150: 100%|██████████| 300/300 [00:01<00:00, 278.56it/s]

Epoch 41/150:   0%|          | 0/300 [00:00<?, ?it/s]
Epoch 41/150:   1%|▏         | 4/300 [00:00<00:07, 39.96it/s]
Epoch 41/150:  12%|█▏        | 37/300 [00:00<00:01, 209.55it/s]
Epoch 41/150:  23%|██▎       | 70/300 [00:00<00:00, 262.59it/s]
Epoch 41/150:  33%|███▎      | 100/300 [00:00<00:00, 275.67it/s]
Epoch 41/150:  43%|████▎     | 128/300 [00:00<00:00, 250.31it/s]
Epoch 41/150:  51%|█████▏    | 154/300 [00:00<00:00, 253.07it/s]
Epoch 41/150:  60%|██████    | 181/300 [00:00<00:00, 255.88it/s]
Epoch 41/150:  70%|██████▉   | 209/300 [00:00<00:00, 260.73it/s]
Epoch 41/150:  79%|███████▉  | 237/300 [00:00<00:00, 264.81it/s]
Epoch 41/150:  88%|████████▊ | 264/300 [00:01<00:00, 255.72it/s]
Epoch 41/150:  97%|█████████▋| 290/300 [00:01<00:00, 245.99it/s]
Epoch 41/150: 100%|██████████| 300/300 [00:01<00:00, 238.59it/s]

Epoch 42/150:   0%|          | 0/300 [00:00<?, ?it/s]
Epoch 42/150:   1%|          | 3/300 [00:00<00:10, 27.82it/s]
Epoch 42/150:  11%|█▏        | 34/300 [00:00<00:01, 185.99it/s]
Epoch 42/150:  22%|██▏       | 67/300 [00:00<00:00, 249.06it/s]
Epoch 42/150:  32%|███▏      | 97/300 [00:00<00:00, 267.09it/s]
Epoch 42/150:  41%|████▏     | 124/300 [00:00<00:00, 259.17it/s]
Epoch 42/150:  50%|█████     | 151/300 [00:00<00:00, 257.86it/s]
Epoch 42/150:  59%|█████▉    | 178/300 [00:00<00:00, 259.27it/s]
Epoch 42/150:  68%|██████▊   | 205/300 [00:00<00:00, 258.63it/s]
Epoch 42/150:  77%|███████▋  | 231/300 [00:00<00:00, 257.66it/s]
Epoch 42/150:  86%|████████▌ | 258/300 [00:01<00:00, 259.06it/s]
Epoch 42/150:  95%|█████████▍| 284/300 [00:01<00:00, 254.70it/s]
Epoch 42/150: 100%|██████████| 300/300 [00:01<00:00, 236.25it/s]

Epoch 43/150:   0%|          | 0/300 [00:00<?, ?it/s]
Epoch 43/150:   1%|          | 3/300 [00:00<00:10, 28.65it/s]
Epoch 43/150:  10%|▉         | 29/300 [00:00<00:01, 160.28it/s]
Epoch 43/150:  18%|█▊        | 55/300 [00:00<00:01, 202.71it/s]
Epoch 43/150:  27%|██▋       | 81/300 [00:00<00:00, 222.23it/s]
Epoch 43/150:  36%|███▌      | 107/300 [00:00<00:00, 233.70it/s]
Epoch 43/150:  44%|████▍     | 132/300 [00:00<00:00, 237.64it/s]
Epoch 43/150:  53%|█████▎    | 158/300 [00:00<00:00, 243.16it/s]
Epoch 43/150:  61%|██████    | 183/300 [00:00<00:00, 244.64it/s]
Epoch 43/150:  69%|██████▉   | 208/300 [00:00<00:00, 244.50it/s]
Epoch 43/150:  78%|███████▊  | 234/300 [00:01<00:00, 247.62it/s]
Epoch 43/150:  87%|████████▋ | 260/300 [00:01<00:00, 248.74it/s]
Epoch 43/150:  95%|█████████▌| 285/300 [00:01<00:00, 248.78it/s]
Epoch 43/150: 100%|██████████| 300/300 [00:01<00:00, 226.35it/s]

Epoch 44/150:   0%|          | 0/300 [00:00<?, ?it/s]
Epoch 44/150:   1%|          | 3/300 [00:00<00:09, 29.71it/s]
Epoch 44/150:  10%|▉         | 29/300 [00:00<00:01, 163.39it/s]
Epoch 44/150:  18%|█▊        | 53/300 [00:00<00:01, 195.94it/s]
Epoch 44/150:  24%|██▍       | 73/300 [00:00<00:01, 194.71it/s]
Epoch 44/150:  32%|███▏      | 97/300 [00:00<00:00, 208.58it/s]
Epoch 44/150:  40%|████      | 120/300 [00:00<00:00, 215.61it/s]
Epoch 44/150:  48%|████▊     | 144/300 [00:00<00:00, 221.08it/s]
Epoch 44/150:  56%|█████▌    | 168/300 [00:00<00:00, 224.54it/s]
Epoch 44/150:  64%|██████▎   | 191/300 [00:00<00:00, 225.05it/s]
Epoch 44/150:  72%|███████▏  | 215/300 [00:01<00:00, 227.82it/s]
Epoch 44/150:  79%|███████▉  | 238/300 [00:01<00:00, 228.23it/s]
Epoch 44/150:  87%|████████▋ | 262/300 [00:01<00:00, 230.12it/s]
Epoch 44/150:  95%|█████████▌| 286/300 [00:01<00:00, 230.70it/s]
Epoch 44/150: 100%|██████████| 300/300 [00:01<00:00, 209.62it/s]

Epoch 45/150:   0%|          | 0/300 [00:00<?, ?it/s]
Epoch 45/150:   1%|▏         | 4/300 [00:00<00:07, 38.87it/s]
Epoch 45/150:  12%|█▏        | 36/300 [00:00<00:01, 200.66it/s]
Epoch 45/150:  22%|██▏       | 66/300 [00:00<00:00, 242.30it/s]
Epoch 45/150:  33%|███▎      | 99/300 [00:00<00:00, 274.22it/s]
Epoch 45/150:  44%|████▎     | 131/300 [00:00<00:00, 287.58it/s]
Epoch 45/150:  55%|█████▍    | 164/300 [00:00<00:00, 299.12it/s]
Epoch 45/150:  66%|██████▌   | 197/300 [00:00<00:00, 306.64it/s]
Epoch 45/150:  77%|███████▋  | 230/300 [00:00<00:00, 312.26it/s]
Epoch 45/150:  87%|████████▋ | 262/300 [00:00<00:00, 312.57it/s]
Epoch 45/150:  98%|█████████▊| 294/300 [00:01<00:00, 314.67it/s]
Epoch 45/150: 100%|██████████| 300/300 [00:01<00:00, 280.99it/s]

Epoch 46/150:   0%|          | 0/300 [00:00<?, ?it/s]
Epoch 46/150:   1%|          | 3/300 [00:00<00:09, 29.95it/s]
Epoch 46/150:  12%|█▏        | 36/300 [00:00<00:01, 203.02it/s]
Epoch 46/150:  23%|██▎       | 69/300 [00:00<00:00, 257.05it/s]
Epoch 46/150:  34%|███▍      | 102/300 [00:00<00:00, 282.48it/s]
Epoch 46/150:  45%|████▌     | 135/300 [00:00<00:00, 296.00it/s]
Epoch 46/150:  55%|█████▌    | 166/300 [00:00<00:00, 300.55it/s]
Epoch 46/150:  66%|██████▌   | 198/300 [00:00<00:00, 306.24it/s]
Epoch 46/150:  77%|███████▋  | 230/300 [00:00<00:00, 308.77it/s]
Epoch 46/150:  87%|████████▋ | 261/300 [00:00<00:00, 308.71it/s]
Epoch 46/150:  97%|█████████▋| 292/300 [00:01<00:00, 307.93it/s]
Epoch 46/150: 100%|██████████| 300/300 [00:01<00:00, 277.64it/s]

Epoch 47/150:   0%|          | 0/300 [00:00<?, ?it/s]
Epoch 47/150:   1%|          | 3/300 [00:00<00:09, 29.78it/s]
Epoch 47/150:  12%|█▏        | 36/300 [00:00<00:01, 204.53it/s]
Epoch 47/150:  23%|██▎       | 69/300 [00:00<00:00, 260.45it/s]
Epoch 47/150:  34%|███▍      | 102/300 [00:00<00:00, 287.57it/s]
Epoch 47/150:  45%|████▌     | 135/300 [00:00<00:00, 301.99it/s]
Epoch 47/150:  55%|█████▌    | 166/300 [00:00<00:00, 281.46it/s]
Epoch 47/150:  65%|██████▌   | 195/300 [00:00<00:00, 270.75it/s]
Epoch 47/150:  74%|███████▍  | 223/300 [00:00<00:00, 259.07it/s]
Epoch 47/150:  83%|████████▎ | 250/300 [00:00<00:00, 256.22it/s]
Epoch 47/150:  92%|█████████▏| 276/300 [00:01<00:00, 255.14it/s]
Epoch 47/150: 100%|██████████| 300/300 [00:01<00:00, 248.11it/s]

Epoch 48/150:   0%|          | 0/300 [00:00<?, ?it/s]
Epoch 48/150:   1%|          | 2/300 [00:00<00:15, 19.85it/s]
Epoch 48/150:   9%|▉         | 28/300 [00:00<00:01, 156.79it/s]
Epoch 48/150:  18%|█▊        | 54/300 [00:00<00:01, 203.04it/s]
Epoch 48/150:  27%|██▋       | 80/300 [00:00<00:00, 224.23it/s]
Epoch 48/150:  35%|███▌      | 106/300 [00:00<00:00, 235.21it/s]
Epoch 48/150:  44%|████▍     | 132/300 [00:00<00:00, 240.72it/s]
Epoch 48/150:  53%|█████▎    | 158/300 [00:00<00:00, 244.91it/s]
Epoch 48/150:  61%|██████▏   | 184/300 [00:00<00:00, 247.38it/s]
Epoch 48/150:  70%|███████   | 211/300 [00:00<00:00, 251.97it/s]
Epoch 48/150:  79%|███████▉  | 237/300 [00:01<00:00, 251.99it/s]
Epoch 48/150:  88%|████████▊ | 263/300 [00:01<00:00, 252.93it/s]
Epoch 48/150:  96%|█████████▋| 289/300 [00:01<00:00, 254.64it/s]
Epoch 48/150: 100%|██████████| 300/300 [00:01<00:00, 228.08it/s]

Epoch 49/150:   0%|          | 0/300 [00:00<?, ?it/s]
Epoch 49/150:   1%|          | 3/300 [00:00<00:10, 28.73it/s]
Epoch 49/150:  10%|▉         | 29/300 [00:00<00:01, 159.25it/s]
Epoch 49/150:  18%|█▊        | 55/300 [00:00<00:01, 202.71it/s]
Epoch 49/150:  27%|██▋       | 80/300 [00:00<00:00, 220.66it/s]
Epoch 49/150:  36%|███▋      | 109/300 [00:00<00:00, 244.92it/s]
Epoch 49/150:  48%|████▊     | 143/300 [00:00<00:00, 275.56it/s]
Epoch 49/150:  59%|█████▊    | 176/300 [00:00<00:00, 292.54it/s]
Epoch 49/150:  70%|███████   | 211/300 [00:00<00:00, 307.76it/s]
Epoch 49/150:  82%|████████▏ | 245/300 [00:00<00:00, 317.64it/s]
Epoch 49/150:  93%|█████████▎| 278/300 [00:01<00:00, 321.22it/s]
Epoch 49/150: 100%|██████████| 300/300 [00:01<00:00, 265.68it/s]

Epoch 50/150:   0%|          | 0/300 [00:00<?, ?it/s]
Epoch 50/150:   1%|▏         | 4/300 [00:00<00:07, 38.94it/s]
Epoch 50/150:  12%|█▏        | 36/300 [00:00<00:01, 201.73it/s]
Epoch 50/150:  23%|██▎       | 70/300 [00:00<00:00, 263.40it/s]
Epoch 50/150:  34%|███▍      | 103/300 [00:00<00:00, 289.09it/s]
Epoch 50/150:  45%|████▌     | 136/300 [00:00<00:00, 300.84it/s]
Epoch 50/150:  56%|█████▋    | 169/300 [00:00<00:00, 308.31it/s]
Epoch 50/150:  67%|██████▋   | 202/300 [00:00<00:00, 312.44it/s]
Epoch 50/150:  78%|███████▊  | 234/300 [00:00<00:00, 226.03it/s]
Epoch 50/150:  89%|████████▊ | 266/300 [00:01<00:00, 248.72it/s]
Epoch 50/150:  99%|█████████▉| 298/300 [00:01<00:00, 266.26it/s]
Epoch 50/150: 100%|██████████| 300/300 [00:01<00:00, 255.59it/s]

Epoch 51/150:   0%|          | 0/300 [00:00<?, ?it/s]
Epoch 51/150:   2%|▏         | 5/300 [00:00<00:06, 48.40it/s]
Epoch 51/150:  12%|█▏        | 37/300 [00:00<00:01, 204.83it/s]
Epoch 51/150:  23%|██▎       | 70/300 [00:00<00:00, 260.58it/s]
Epoch 51/150:  34%|███▍      | 103/300 [00:00<00:00, 285.39it/s]
Epoch 51/150:  45%|████▌     | 135/300 [00:00<00:00, 295.40it/s]
Epoch 51/150:  56%|█████▌    | 167/300 [00:00<00:00, 302.89it/s]
Epoch 51/150:  66%|██████▋   | 199/300 [00:00<00:00, 307.38it/s]
Epoch 51/150:  77%|███████▋  | 231/300 [00:00<00:00, 311.02it/s]
Epoch 51/150:  88%|████████▊ | 263/300 [00:00<00:00, 312.45it/s]
Epoch 51/150:  99%|█████████▊| 296/300 [00:01<00:00, 315.20it/s]
Epoch 51/150: 100%|██████████| 300/300 [00:01<00:00, 283.19it/s]

Epoch 52/150:   0%|          | 0/300 [00:00<?, ?it/s]
Epoch 52/150:   1%|          | 3/300 [00:00<00:11, 26.82it/s]
Epoch 52/150:  11%|█         | 33/300 [00:00<00:01, 179.08it/s]
Epoch 52/150:  22%|██▏       | 66/300 [00:00<00:00, 245.10it/s]
Epoch 52/150:  33%|███▎      | 98/300 [00:00<00:00, 272.06it/s]
Epoch 52/150:  42%|████▏     | 126/300 [00:00<00:00, 265.53it/s]
Epoch 52/150:  51%|█████▏    | 154/300 [00:00<00:00, 268.26it/s]
Epoch 52/150:  62%|██████▏   | 186/300 [00:00<00:00, 282.32it/s]
Epoch 52/150:  73%|███████▎  | 218/300 [00:00<00:00, 293.71it/s]
Epoch 52/150:  83%|████████▎ | 250/300 [00:00<00:00, 300.70it/s]
Epoch 52/150:  94%|█████████▍| 282/300 [00:01<00:00, 303.87it/s]
Epoch 52/150: 100%|██████████| 300/300 [00:01<00:00, 264.78it/s]

Epoch 53/150:   0%|          | 0/300 [00:00<?, ?it/s]
Epoch 53/150:   1%|          | 3/300 [00:00<00:10, 29.05it/s]
Epoch 53/150:  12%|█▏        | 36/300 [00:00<00:01, 203.50it/s]
Epoch 53/150:  23%|██▎       | 69/300 [00:00<00:00, 259.76it/s]
Epoch 53/150:  34%|███▍      | 102/300 [00:00<00:00, 286.82it/s]
Epoch 53/150:  45%|████▌     | 136/300 [00:00<00:00, 303.44it/s]
Epoch 53/150:  56%|█████▋    | 169/300 [00:00<00:00, 312.11it/s]
Epoch 53/150:  67%|██████▋   | 202/300 [00:00<00:00, 315.71it/s]
Epoch 53/150:  79%|███████▊  | 236/300 [00:00<00:00, 320.25it/s]
Epoch 53/150:  90%|████████▉ | 269/300 [00:00<00:00, 317.51it/s]
Epoch 53/150: 100%|██████████| 300/300 [00:01<00:00, 282.27it/s]

Epoch 54/150:   0%|          | 0/300 [00:00<?, ?it/s]
Epoch 54/150:   1%|          | 3/300 [00:00<00:10, 28.04it/s]
Epoch 54/150:  12%|█▏        | 37/300 [00:00<00:01, 203.77it/s]
Epoch 54/150:  24%|██▎       | 71/300 [00:00<00:00, 262.68it/s]
Epoch 54/150:  35%|███▌      | 105/300 [00:00<00:00, 291.28it/s]
Epoch 54/150:  47%|████▋     | 140/300 [00:00<00:00, 309.58it/s]
Epoch 54/150:  58%|█████▊    | 174/300 [00:00<00:00, 317.12it/s]
Epoch 54/150:  69%|██████▉   | 208/300 [00:00<00:00, 322.79it/s]
Epoch 54/150:  80%|████████  | 241/300 [00:00<00:00, 322.77it/s]
Epoch 54/150:  91%|█████████▏| 274/300 [00:00<00:00, 324.38it/s]
Epoch 54/150: 100%|██████████| 300/300 [00:01<00:00, 286.55it/s]

Epoch 55/150:   0%|          | 0/300 [00:00<?, ?it/s]
Epoch 55/150:   0%|          | 1/300 [00:00<00:33,  8.93it/s]
Epoch 55/150:  11%|█         | 33/300 [00:00<00:01, 181.53it/s]
Epoch 55/150:  22%|██▏       | 66/300 [00:00<00:00, 246.38it/s]
Epoch 55/150:  32%|███▏      | 96/300 [00:00<00:00, 265.90it/s]
Epoch 55/150:  41%|████      | 123/300 [00:00<00:00, 265.81it/s]
Epoch 55/150:  51%|█████     | 152/300 [00:00<00:00, 271.01it/s]
Epoch 55/150:  60%|██████    | 180/300 [00:00<00:00, 272.46it/s]
Epoch 55/150:  69%|██████▉   | 208/300 [00:00<00:00, 274.11it/s]
Epoch 55/150:  79%|███████▊  | 236/300 [00:00<00:00, 274.64it/s]
Epoch 55/150:  88%|████████▊ | 264/300 [00:01<00:00, 272.97it/s]
Epoch 55/150:  97%|█████████▋| 292/300 [00:01<00:00, 274.54it/s]
Epoch 55/150: 100%|██████████| 300/300 [00:01<00:00, 249.07it/s]

Epoch 56/150:   0%|          | 0/300 [00:00<?, ?it/s]
Epoch 56/150:   2%|▏         | 5/300 [00:00<00:06, 48.89it/s]
Epoch 56/150:  13%|█▎        | 39/300 [00:00<00:01, 215.96it/s]
Epoch 56/150:  24%|██▍       | 73/300 [00:00<00:00, 269.36it/s]
Epoch 56/150:  36%|███▌      | 107/300 [00:00<00:00, 293.61it/s]
Epoch 56/150:  46%|████▌     | 137/300 [00:00<00:00, 288.33it/s]
Epoch 56/150:  55%|█████▌    | 166/300 [00:00<00:00, 285.02it/s]
Epoch 56/150:  65%|██████▌   | 195/300 [00:00<00:00, 283.04it/s]
Epoch 56/150:  75%|███████▍  | 224/300 [00:00<00:00, 281.57it/s]
Epoch 56/150:  84%|████████▍ | 253/300 [00:00<00:00, 279.30it/s]
Epoch 56/150:  95%|█████████▌| 286/300 [00:01<00:00, 293.86it/s]
Epoch 56/150: 100%|██████████| 300/300 [00:01<00:00, 266.81it/s]

Epoch 57/150:   0%|          | 0/300 [00:00<?, ?it/s]
Epoch 57/150:   1%|▏         | 4/300 [00:00<00:07, 38.16it/s]
Epoch 57/150:  12%|█▏        | 37/300 [00:00<00:01, 204.97it/s]
Epoch 57/150:  24%|██▎       | 71/300 [00:00<00:00, 264.95it/s]
Epoch 57/150:  35%|███▌      | 105/300 [00:00<00:00, 292.22it/s]
Epoch 57/150:  46%|████▋     | 139/300 [00:00<00:00, 307.62it/s]
Epoch 57/150:  57%|█████▋    | 172/300 [00:00<00:00, 313.93it/s]
Epoch 57/150:  69%|██████▊   | 206/300 [00:00<00:00, 320.79it/s]
Epoch 57/150:  80%|███████▉  | 239/300 [00:00<00:00, 322.92it/s]
Epoch 57/150:  91%|█████████ | 272/300 [00:00<00:00, 325.02it/s]
Epoch 57/150: 100%|██████████| 300/300 [00:01<00:00, 291.93it/s]

Epoch 58/150:   0%|          | 0/300 [00:00<?, ?it/s]
Epoch 58/150:   1%|          | 3/300 [00:00<00:10, 28.50it/s]
Epoch 58/150:  11%|█         | 33/300 [00:00<00:01, 184.77it/s]
Epoch 58/150:  22%|██▏       | 66/300 [00:00<00:00, 248.04it/s]
Epoch 58/150:  33%|███▎      | 99/300 [00:00<00:00, 279.75it/s]
Epoch 58/150:  44%|████▍     | 132/300 [00:00<00:00, 295.98it/s]
Epoch 58/150:  55%|█████▌    | 165/300 [00:00<00:00, 305.39it/s]
Epoch 58/150:  66%|██████▌   | 197/300 [00:00<00:00, 309.94it/s]
Epoch 58/150:  77%|███████▋  | 230/300 [00:00<00:00, 316.18it/s]
Epoch 58/150:  88%|████████▊ | 263/300 [00:00<00:00, 319.16it/s]
Epoch 58/150:  99%|█████████▊| 296/300 [00:01<00:00, 322.35it/s]
Epoch 58/150: 100%|██████████| 300/300 [00:01<00:00, 283.55it/s]

Epoch 59/150:   0%|          | 0/300 [00:00<?, ?it/s]
Epoch 59/150:   1%|          | 3/300 [00:00<00:09, 29.87it/s]
Epoch 59/150:  12%|█▏        | 36/300 [00:00<00:01, 202.54it/s]
Epoch 59/150:  22%|██▏       | 65/300 [00:00<00:00, 238.56it/s]
Epoch 59/150:  31%|███       | 93/300 [00:00<00:00, 252.79it/s]
Epoch 59/150:  40%|████      | 121/300 [00:00<00:00, 261.30it/s]
Epoch 59/150:  50%|████▉     | 149/300 [00:00<00:00, 267.30it/s]
Epoch 59/150:  59%|█████▊    | 176/300 [00:00<00:00, 267.77it/s]
Epoch 59/150:  68%|██████▊   | 203/300 [00:00<00:00, 263.57it/s]
Epoch 59/150:  77%|███████▋  | 230/300 [00:00<00:00, 249.99it/s]
Epoch 59/150:  85%|████████▌ | 256/300 [00:01<00:00, 239.60it/s]
Epoch 59/150:  94%|█████████▎| 281/300 [00:01<00:00, 234.94it/s]
Epoch 59/150: 100%|██████████| 300/300 [00:01<00:00, 233.06it/s]

Epoch 60/150:   0%|          | 0/300 [00:00<?, ?it/s]
Epoch 60/150:   1%|          | 3/300 [00:00<00:09, 29.77it/s]
Epoch 60/150:  12%|█▏        | 35/300 [00:00<00:01, 196.69it/s]
Epoch 60/150:  21%|██        | 62/300 [00:00<00:01, 229.30it/s]
Epoch 60/150:  30%|██▉       | 89/300 [00:00<00:00, 244.61it/s]
Epoch 60/150:  39%|███▊      | 116/300 [00:00<00:00, 252.70it/s]
Epoch 60/150:  48%|████▊     | 143/300 [00:00<00:00, 256.83it/s]
Epoch 60/150:  57%|█████▋    | 170/300 [00:00<00:00, 259.06it/s]
Epoch 60/150:  65%|██████▌   | 196/300 [00:00<00:00, 259.24it/s]
Epoch 60/150:  74%|███████▍  | 223/300 [00:00<00:00, 261.66it/s]
Epoch 60/150:  83%|████████▎ | 250/300 [00:01<00:00, 262.80it/s]
Epoch 60/150:  92%|█████████▏| 277/300 [00:01<00:00, 262.90it/s]
Epoch 60/150: 100%|██████████| 300/300 [00:01<00:00, 240.35it/s]

Epoch 61/150:   0%|          | 0/300 [00:00<?, ?it/s]
Epoch 61/150:   1%|          | 3/300 [00:00<00:10, 27.30it/s]
Epoch 61/150:  10%|▉         | 29/300 [00:00<00:01, 155.82it/s]
Epoch 61/150:  19%|█▊        | 56/300 [00:00<00:01, 204.35it/s]
Epoch 61/150:  27%|██▋       | 81/300 [00:00<00:00, 221.65it/s]
Epoch 61/150:  36%|███▌      | 107/300 [00:00<00:00, 233.95it/s]
Epoch 61/150:  44%|████▍     | 133/300 [00:00<00:00, 241.05it/s]
Epoch 61/150:  53%|█████▎    | 159/300 [00:00<00:00, 245.06it/s]
Epoch 61/150:  62%|██████▏   | 185/300 [00:00<00:00, 248.08it/s]
Epoch 61/150:  70%|███████   | 211/300 [00:00<00:00, 250.30it/s]
Epoch 61/150:  79%|███████▉  | 237/300 [00:01<00:00, 252.52it/s]
Epoch 61/150:  88%|████████▊ | 264/300 [00:01<00:00, 256.85it/s]
Epoch 61/150:  97%|█████████▋| 291/300 [00:01<00:00, 258.28it/s]
Epoch 61/150: 100%|██████████| 300/300 [00:01<00:00, 229.95it/s]

Epoch 62/150:   0%|          | 0/300 [00:00<?, ?it/s]
Epoch 62/150:   1%|▏         | 4/300 [00:00<00:07, 38.55it/s]
Epoch 62/150:  10%|▉         | 29/300 [00:00<00:01, 158.18it/s]
Epoch 62/150:  18%|█▊        | 55/300 [00:00<00:01, 202.29it/s]
Epoch 62/150:  27%|██▋       | 80/300 [00:00<00:00, 220.57it/s]
Epoch 62/150:  35%|███▌      | 106/300 [00:00<00:00, 232.81it/s]
Epoch 62/150:  44%|████▍     | 132/300 [00:00<00:00, 241.37it/s]
Epoch 62/150:  53%|█████▎    | 158/300 [00:00<00:00, 245.11it/s]
Epoch 62/150:  61%|██████▏   | 184/300 [00:00<00:00, 248.85it/s]
Epoch 62/150:  70%|███████   | 210/300 [00:00<00:00, 249.91it/s]
Epoch 62/150:  79%|███████▊  | 236/300 [00:01<00:00, 252.80it/s]
Epoch 62/150:  88%|████████▊ | 263/300 [00:01<00:00, 255.16it/s]
Epoch 62/150:  96%|█████████▋| 289/300 [00:01<00:00, 256.21it/s]
Epoch 62/150: 100%|██████████| 300/300 [00:01<00:00, 227.70it/s]

Epoch 63/150:   0%|          | 0/300 [00:00<?, ?it/s]
Epoch 63/150:   1%|▏         | 4/300 [00:00<00:07, 38.78it/s]
Epoch 63/150:  10%|█         | 30/300 [00:00<00:01, 165.94it/s]
Epoch 63/150:  19%|█▊        | 56/300 [00:00<00:01, 208.29it/s]
Epoch 63/150:  28%|██▊       | 83/300 [00:00<00:00, 228.93it/s]
Epoch 63/150:  36%|███▌      | 108/300 [00:00<00:00, 234.35it/s]
Epoch 63/150:  45%|████▍     | 134/300 [00:00<00:00, 240.84it/s]
Epoch 63/150:  53%|█████▎    | 160/300 [00:00<00:00, 245.76it/s]
Epoch 63/150:  62%|██████▏   | 186/300 [00:00<00:00, 248.44it/s]
Epoch 63/150:  71%|███████   | 212/300 [00:00<00:00, 250.50it/s]
Epoch 63/150:  79%|███████▉  | 238/300 [00:01<00:00, 250.21it/s]
Epoch 63/150:  88%|████████▊ | 264/300 [00:01<00:00, 252.09it/s]
Epoch 63/150:  97%|█████████▋| 290/300 [00:01<00:00, 253.60it/s]
Epoch 63/150: 100%|██████████| 300/300 [00:01<00:00, 209.95it/s]

Epoch 64/150:   0%|          | 0/300 [00:00<?, ?it/s]
Epoch 64/150:   1%|          | 3/300 [00:00<00:10, 28.18it/s]
Epoch 64/150:  10%|▉         | 29/300 [00:00<00:01, 159.51it/s]
Epoch 64/150:  18%|█▊        | 55/300 [00:00<00:01, 202.51it/s]
Epoch 64/150:  27%|██▋       | 81/300 [00:00<00:00, 222.41it/s]
Epoch 64/150:  36%|███▌      | 107/300 [00:00<00:00, 234.17it/s]
Epoch 64/150:  45%|████▍     | 134/300 [00:00<00:00, 243.08it/s]
Epoch 64/150:  53%|█████▎    | 160/300 [00:00<00:00, 245.64it/s]
Epoch 64/150:  63%|██████▎   | 190/300 [00:00<00:00, 260.18it/s]
Epoch 64/150:  74%|███████▍  | 222/300 [00:00<00:00, 276.61it/s]
Epoch 64/150:  85%|████████▌ | 255/300 [00:01<00:00, 290.68it/s]
Epoch 64/150:  96%|█████████▌| 288/300 [00:01<00:00, 300.26it/s]
Epoch 64/150: 100%|██████████| 300/300 [00:01<00:00, 247.88it/s]

Epoch 65/150:   0%|          | 0/300 [00:00<?, ?it/s]
Epoch 65/150:   1%|▏         | 4/300 [00:00<00:07, 37.07it/s]
Epoch 65/150:  13%|█▎        | 38/300 [00:00<00:01, 206.99it/s]
Epoch 65/150:  23%|██▎       | 70/300 [00:00<00:00, 255.21it/s]
Epoch 65/150:  34%|███▍      | 102/300 [00:00<00:00, 279.48it/s]
Epoch 65/150:  45%|████▌     | 135/300 [00:00<00:00, 296.65it/s]
Epoch 65/150:  56%|█████▌    | 168/300 [00:00<00:00, 306.56it/s]
Epoch 65/150:  67%|██████▋   | 201/300 [00:00<00:00, 311.24it/s]
Epoch 65/150:  78%|███████▊  | 234/300 [00:00<00:00, 316.38it/s]
Epoch 65/150:  89%|████████▉ | 268/300 [00:00<00:00, 320.88it/s]
Epoch 65/150: 100%|██████████| 300/300 [00:01<00:00, 285.64it/s]

Epoch 66/150:   0%|          | 0/300 [00:00<?, ?it/s]
Epoch 66/150:   1%|          | 3/300 [00:00<00:09, 29.91it/s]
Epoch 66/150:  11%|█▏        | 34/300 [00:00<00:01, 192.10it/s]
Epoch 66/150:  22%|██▏       | 67/300 [00:00<00:00, 252.83it/s]
Epoch 66/150:  33%|███▎      | 100/300 [00:00<00:00, 281.01it/s]
Epoch 66/150:  44%|████▍     | 133/300 [00:00<00:00, 297.64it/s]
Epoch 66/150:  55%|█████▌    | 165/300 [00:00<00:00, 305.15it/s]
Epoch 66/150:  66%|██████▋   | 199/300 [00:00<00:00, 313.69it/s]
Epoch 66/150:  78%|███████▊  | 233/300 [00:00<00:00, 319.94it/s]
Epoch 66/150:  89%|████████▊ | 266/300 [00:00<00:00, 322.26it/s]
Epoch 66/150: 100%|█████████▉| 299/300 [00:01<00:00, 324.26it/s]
Epoch 66/150: 100%|██████████| 300/300 [00:01<00:00, 286.96it/s]

Epoch 67/150:   0%|          | 0/300 [00:00<?, ?it/s]
Epoch 67/150:   1%|          | 3/300 [00:00<00:10, 28.94it/s]
Epoch 67/150:  12%|█▏        | 35/300 [00:00<00:01, 197.49it/s]
Epoch 67/150:  23%|██▎       | 68/300 [00:00<00:00, 257.17it/s]
Epoch 67/150:  34%|███▎      | 101/300 [00:00<00:00, 283.55it/s]
Epoch 67/150:  45%|████▍     | 134/300 [00:00<00:00, 298.33it/s]
Epoch 67/150:  55%|█████▍    | 164/300 [00:00<00:00, 282.50it/s]
Epoch 67/150:  64%|██████▍   | 193/300 [00:00<00:00, 262.73it/s]
Epoch 67/150:  73%|███████▎  | 220/300 [00:00<00:00, 253.86it/s]
Epoch 67/150:  82%|████████▏ | 246/300 [00:00<00:00, 244.08it/s]
Epoch 67/150:  90%|█████████ | 271/300 [00:01<00:00, 239.73it/s]
Epoch 67/150:  99%|█████████▊| 296/300 [00:01<00:00, 238.72it/s]
Epoch 67/150: 100%|██████████| 300/300 [00:01<00:00, 241.22it/s]

Epoch 68/150:   0%|          | 0/300 [00:00<?, ?it/s]
Epoch 68/150:   1%|▏         | 4/300 [00:00<00:07, 39.27it/s]
Epoch 68/150:  13%|█▎        | 38/300 [00:00<00:01, 211.68it/s]
Epoch 68/150:  24%|██▍       | 72/300 [00:00<00:00, 268.50it/s]
Epoch 68/150:  35%|███▌      | 106/300 [00:00<00:00, 295.03it/s]
Epoch 68/150:  47%|████▋     | 140/300 [00:00<00:00, 308.68it/s]
Epoch 68/150:  58%|█████▊    | 173/300 [00:00<00:00, 315.34it/s]
Epoch 68/150:  69%|██████▉   | 208/300 [00:00<00:00, 324.54it/s]
Epoch 68/150:  81%|████████  | 242/300 [00:00<00:00, 328.41it/s]
Epoch 68/150:  92%|█████████▏| 276/300 [00:00<00:00, 331.50it/s]
Epoch 68/150: 100%|██████████| 300/300 [00:01<00:00, 284.65it/s]
--- iTransformer Training Settings ---
Sport: deadlift, Type: 3D
d_model: 32, Num Layers: 3, nhead: 8, Dropout: 0.5
Applying augmentations: ['dtwwarp'] (this might take a while)...
Augmentations ['dtwwarp'] applied successfully.
Fold 0 | Seq Len: 110 | Input Dim(Variates): 70 | Train: 9578, Val: 720, Test: 1347
Epoch 1, Train Loss: 0.2086, Val Loss: 0.2018, Train F1: 0.5297, Val F1: 0.5548, LR: 0.000040
✅ Model Saved (Best F1-score)
Epoch 2, Train Loss: 0.1869, Val Loss: 0.1924, Train F1: 0.6153, Val F1: 0.6336, LR: 0.000060
✅ Model Saved (Best F1-score)
Epoch 3, Train Loss: 0.1791, Val Loss: 0.1868, Train F1: 0.6402, Val F1: 0.6171, LR: 0.000080
Epoch 4, Train Loss: 0.1735, Val Loss: 0.1820, Train F1: 0.6570, Val F1: 0.6557, LR: 0.000100
✅ Model Saved (Best F1-score)
Epoch 5, Train Loss: 0.1683, Val Loss: 0.1891, Train F1: 0.6769, Val F1: 0.6464, LR: 0.000100
Epoch 6, Train Loss: 0.1641, Val Loss: 0.1831, Train F1: 0.6851, Val F1: 0.6638, LR: 0.000100
✅ Model Saved (Best F1-score)
Epoch 7, Train Loss: 0.1597, Val Loss: 0.1796, Train F1: 0.6964, Val F1: 0.6742, LR: 0.000100
✅ Model Saved (Best F1-score)
Epoch 8, Train Loss: 0.1576, Val Loss: 0.1786, Train F1: 0.7060, Val F1: 0.6711, LR: 0.000100
Epoch 9, Train Loss: 0.1531, Val Loss: 0.1787, Train F1: 0.7104, Val F1: 0.6820, LR: 0.000100
✅ Model Saved (Best F1-score)
Epoch 10, Train Loss: 0.1511, Val Loss: 0.1865, Train F1: 0.7152, Val F1: 0.6574, LR: 0.000100
Epoch 11, Train Loss: 0.1475, Val Loss: 0.1826, Train F1: 0.7251, Val F1: 0.6588, LR: 0.000100
Epoch 12, Train Loss: 0.1467, Val Loss: 0.1811, Train F1: 0.7260, Val F1: 0.6703, LR: 0.000099
Epoch 13, Train Loss: 0.1431, Val Loss: 0.1898, Train F1: 0.7328, Val F1: 0.6597, LR: 0.000099
Epoch 14, Train Loss: 0.1418, Val Loss: 0.1826, Train F1: 0.7385, Val F1: 0.6672, LR: 0.000099
Epoch 15, Train Loss: 0.1401, Val Loss: 0.1809, Train F1: 0.7383, Val F1: 0.6771, LR: 0.000099
Epoch 16, Train Loss: 0.1383, Val Loss: 0.1852, Train F1: 0.7469, Val F1: 0.6756, LR: 0.000099
Epoch 17, Train Loss: 0.1357, Val Loss: 0.1855, Train F1: 0.7494, Val F1: 0.6695, LR: 0.000098
Epoch 18, Train Loss: 0.1346, Val Loss: 0.1883, Train F1: 0.7544, Val F1: 0.6865, LR: 0.000098
✅ Model Saved (Best F1-score)
Epoch 19, Train Loss: 0.1321, Val Loss: 0.1899, Train F1: 0.7581, Val F1: 0.6743, LR: 0.000098
Epoch 20, Train Loss: 0.1308, Val Loss: 0.1926, Train F1: 0.7629, Val F1: 0.6710, LR: 0.000097
Epoch 21, Train Loss: 0.1283, Val Loss: 0.1895, Train F1: 0.7660, Val F1: 0.6686, LR: 0.000097
Epoch 22, Train Loss: 0.1266, Val Loss: 0.1951, Train F1: 0.7691, Val F1: 0.6725, LR: 0.000097
Epoch 23, Train Loss: 0.1251, Val Loss: 0.1969, Train F1: 0.7718, Val F1: 0.6575, LR: 0.000096
Epoch 24, Train Loss: 0.1234, Val Loss: 0.1990, Train F1: 0.7729, Val F1: 0.6698, LR: 0.000096
Epoch 25, Train Loss: 0.1217, Val Loss: 0.1968, Train F1: 0.7804, Val F1: 0.6666, LR: 0.000095
Epoch 26, Train Loss: 0.1201, Val Loss: 0.1995, Train F1: 0.7809, Val F1: 0.6664, LR: 0.000095
Epoch 27, Train Loss: 0.1195, Val Loss: 0.2013, Train F1: 0.7825, Val F1: 0.6649, LR: 0.000094
Epoch 28, Train Loss: 0.1161, Val Loss: 0.1957, Train F1: 0.7897, Val F1: 0.6669, LR: 0.000094
Epoch 29, Train Loss: 0.1155, Val Loss: 0.2024, Train F1: 0.7931, Val F1: 0.6650, LR: 0.000093
Epoch 30, Train Loss: 0.1139, Val Loss: 0.2040, Train F1: 0.7972, Val F1: 0.6750, LR: 0.000093
Epoch 31, Train Loss: 0.1126, Val Loss: 0.2041, Train F1: 0.7966, Val F1: 0.6643, LR: 0.000092
Epoch 32, Train Loss: 0.1107, Val Loss: 0.2075, Train F1: 0.7997, Val F1: 0.6692, LR: 0.000092
Epoch 33, Train Loss: 0.1091, Val Loss: 0.2199, Train F1: 0.8029, Val F1: 0.6579, LR: 0.000091
Epoch 34, Train Loss: 0.1082, Val Loss: 0.2219, Train F1: 0.8055, Val F1: 0.6673, LR: 0.000090
Epoch 35, Train Loss: 0.1058, Val Loss: 0.2124, Train F1: 0.8113, Val F1: 0.6611, LR: 0.000090
Epoch 36, Train Loss: 0.1057, Val Loss: 0.2184, Train F1: 0.8105, Val F1: 0.6747, LR: 0.000089
Epoch 37, Train Loss: 0.1043, Val Loss: 0.2190, Train F1: 0.8151, Val F1: 0.6682, LR: 0.000088
Epoch 38, Train Loss: 0.1015, Val Loss: 0.2248, Train F1: 0.8177, Val F1: 0.6666, LR: 0.000088
Epoch 39, Train Loss: 0.1017, Val Loss: 0.2188, Train F1: 0.8190, Val F1: 0.6607, LR: 0.000087
Epoch 40, Train Loss: 0.0995, Val Loss: 0.2232, Train F1: 0.8226, Val F1: 0.6625, LR: 0.000086
Epoch 41, Train Loss: 0.0990, Val Loss: 0.2240, Train F1: 0.8219, Val F1: 0.6515, LR: 0.000086
Epoch 42, Train Loss: 0.0971, Val Loss: 0.2229, Train F1: 0.8270, Val F1: 0.6651, LR: 0.000085
Epoch 43, Train Loss: 0.0972, Val Loss: 0.2445, Train F1: 0.8254, Val F1: 0.6654, LR: 0.000084
Epoch 44, Train Loss: 0.0944, Val Loss: 0.2411, Train F1: 0.8302, Val F1: 0.6602, LR: 0.000083
Epoch 45, Train Loss: 0.0943, Val Loss: 0.2369, Train F1: 0.8317, Val F1: 0.6532, LR: 0.000082
Epoch 46, Train Loss: 0.0942, Val Loss: 0.2323, Train F1: 0.8344, Val F1: 0.6646, LR: 0.000082
Epoch 47, Train Loss: 0.0931, Val Loss: 0.2363, Train F1: 0.8377, Val F1: 0.6636, LR: 0.000081
Epoch 48, Train Loss: 0.0914, Val Loss: 0.2377, Train F1: 0.8400, Val F1: 0.6566, LR: 0.000080
Epoch 49, Train Loss: 0.0895, Val Loss: 0.2499, Train F1: 0.8448, Val F1: 0.6753, LR: 0.000079
Epoch 50, Train Loss: 0.0883, Val Loss: 0.2542, Train F1: 0.8433, Val F1: 0.6564, LR: 0.000078
Epoch 51, Train Loss: 0.0888, Val Loss: 0.2384, Train F1: 0.8437, Val F1: 0.6633, LR: 0.000077
Epoch 52, Train Loss: 0.0864, Val Loss: 0.2491, Train F1: 0.8478, Val F1: 0.6612, LR: 0.000076
Epoch 53, Train Loss: 0.0857, Val Loss: 0.2533, Train F1: 0.8507, Val F1: 0.6684, LR: 0.000075
Epoch 54, Train Loss: 0.0849, Val Loss: 0.2602, Train F1: 0.8511, Val F1: 0.6683, LR: 0.000074
Epoch 55, Train Loss: 0.0839, Val Loss: 0.2621, Train F1: 0.8521, Val F1: 0.6629, LR: 0.000073
Epoch 56, Train Loss: 0.0829, Val Loss: 0.2783, Train F1: 0.8555, Val F1: 0.6619, LR: 0.000072
Epoch 57, Train Loss: 0.0817, Val Loss: 0.2573, Train F1: 0.8556, Val F1: 0.6639, LR: 0.000071
Epoch 58, Train Loss: 0.0812, Val Loss: 0.2675, Train F1: 0.8586, Val F1: 0.6575, LR: 0.000071
Epoch 59, Train Loss: 0.0805, Val Loss: 0.2739, Train F1: 0.8576, Val F1: 0.6704, LR: 0.000070
Epoch 60, Train Loss: 0.0787, Val Loss: 0.2760, Train F1: 0.8617, Val F1: 0.6633, LR: 0.000069
Epoch 61, Train Loss: 0.0785, Val Loss: 0.2692, Train F1: 0.8620, Val F1: 0.6571, LR: 0.000067
Epoch 62, Train Loss: 0.0773, Val Loss: 0.2656, Train F1: 0.8670, Val F1: 0.6574, LR: 0.000066
Epoch 63, Train Loss: 0.0761, Val Loss: 0.2913, Train F1: 0.8689, Val F1: 0.6645, LR: 0.000065
Epoch 64, Train Loss: 0.0766, Val Loss: 0.2813, Train F1: 0.8682, Val F1: 0.6662, LR: 0.000064
Epoch 65, Train Loss: 0.0757, Val Loss: 0.2774, Train F1: 0.8658, Val F1: 0.6636, LR: 0.000063
Epoch 66, Train Loss: 0.0755, Val Loss: 0.2756, Train F1: 0.8696, Val F1: 0.6664, LR: 0.000062
Epoch 67, Train Loss: 0.0730, Val Loss: 0.2888, Train F1: 0.8726, Val F1: 0.6658, LR: 0.000061
Epoch 68, Train Loss: 0.0724, Val Loss: 0.3023, Train F1: 0.8775, Val F1: 0.6705, LR: 0.000060
⏹️ Early Stopping Triggered
Fold 0 Test F1: 0.6769, Accuracy: 0.3727, cost 1.3845977556643525e-05 sec

✅ F1 scores from each Fold:
Fold 0: Macro F1 = 0.6769, Accuracy: 0.3727, cost time = 0.000014 sec
  - Correct: F1 = 0.4720
  - Far from the shins: F1 = 0.6963
  - Hips rise first: F1 = 0.7376
  - Collide with the knees: F1 = 0.6118
  - Lower back rounding: F1 = 0.6619

📊 Average F1 Score: 0.6769 ± 0.0000
  Average F1 Score per Class:
  - Correct: 0.4720 ± 0.0000
  - Far from the shins: 0.6963 ± 0.0000
  - Hips rise first: 0.7376 ± 0.0000
  - Collide with the knees: 0.6118 ± 0.0000
  - Lower back rounding: 0.6619 ± 0.0000
🏆 Best F1: 0.6769 from Fold 0
📁 Best model saved at: /home/pitt_huang/workspace/fitness_action_recognition/iTransformer/checkpoints/iTransformer_Deadlift_3D/itransformer_dtwwarp_best/iTransformer_model_fold0.pth

✅ 寫入完成：/home/pitt_huang/workspace/fitness_action_recognition/iTransformer/checkpoints/iTransformer_Deadlift_3D/itransformer_dtwwarp_best/results_summary.txt
