--- MultiCLS Transformer Training Settings ---
Sport: deadlift, Type: 3D
k: 4, Hidden Dim: 256, Layers: 2, Heads: 8
Aggregation: concat, Diversity Weight: 0.5, Dropout: 0.3
Proj Type: linear, Pos Enc: learnable, Loss Type: bce
Applying augmentations: ['dtwwarp'] (this might take a while)...
Augmentations ['dtwwarp'] applied successfully.
Fold 0 | Input Dim: 70 | Train: 9578, Val: 720, Test: 1347
Epoch 1, Train Loss: 0.8829, Val Loss: 0.8465, Train F1: 0.4722, Val F1: 0.5761, LR: 0.000040
✅ Model Saved (Best F1-score)
Epoch 2, Train Loss: 0.7585, Val Loss: 0.7526, Train F1: 0.5858, Val F1: 0.6261, LR: 0.000060
✅ Model Saved (Best F1-score)
Epoch 3, Train Loss: 0.7111, Val Loss: 0.7179, Train F1: 0.6359, Val F1: 0.6511, LR: 0.000080
✅ Model Saved (Best F1-score)
Epoch 4, Train Loss: 0.6850, Val Loss: 0.7038, Train F1: 0.6634, Val F1: 0.6892, LR: 0.000100
✅ Model Saved (Best F1-score)
Epoch 5, Train Loss: 0.6698, Val Loss: 0.7061, Train F1: 0.6743, Val F1: 0.6472, LR: 0.000100
Epoch 6, Train Loss: 0.6568, Val Loss: 0.7002, Train F1: 0.6843, Val F1: 0.6553, LR: 0.000100
Epoch 7, Train Loss: 0.6438, Val Loss: 0.6923, Train F1: 0.6933, Val F1: 0.6749, LR: 0.000100
Epoch 8, Train Loss: 0.6344, Val Loss: 0.6949, Train F1: 0.6969, Val F1: 0.6795, LR: 0.000100
Epoch 9, Train Loss: 0.6262, Val Loss: 0.7043, Train F1: 0.7061, Val F1: 0.6712, LR: 0.000100
Epoch 10, Train Loss: 0.6176, Val Loss: 0.7025, Train F1: 0.7116, Val F1: 0.6735, LR: 0.000100
Epoch 11, Train Loss: 0.6068, Val Loss: 0.7319, Train F1: 0.7152, Val F1: 0.6689, LR: 0.000100
Epoch 12, Train Loss: 0.5986, Val Loss: 0.7258, Train F1: 0.7232, Val F1: 0.6826, LR: 0.000099
Epoch 13, Train Loss: 0.5900, Val Loss: 0.7119, Train F1: 0.7271, Val F1: 0.6839, LR: 0.000099
Epoch 14, Train Loss: 0.5827, Val Loss: 0.7168, Train F1: 0.7295, Val F1: 0.6601, LR: 0.000099
Epoch 15, Train Loss: 0.5774, Val Loss: 0.7347, Train F1: 0.7320, Val F1: 0.6868, LR: 0.000099
Epoch 16, Train Loss: 0.5713, Val Loss: 0.7392, Train F1: 0.7378, Val F1: 0.6949, LR: 0.000099
✅ Model Saved (Best F1-score)
Epoch 17, Train Loss: 0.5657, Val Loss: 0.7314, Train F1: 0.7391, Val F1: 0.6686, LR: 0.000098
Epoch 18, Train Loss: 0.5543, Val Loss: 0.7790, Train F1: 0.7462, Val F1: 0.6756, LR: 0.000098
Epoch 19, Train Loss: 0.5505, Val Loss: 0.7915, Train F1: 0.7478, Val F1: 0.6632, LR: 0.000098
Epoch 20, Train Loss: 0.5421, Val Loss: 0.7615, Train F1: 0.7499, Val F1: 0.6847, LR: 0.000097
Epoch 21, Train Loss: 0.5358, Val Loss: 0.7757, Train F1: 0.7532, Val F1: 0.6969, LR: 0.000097
✅ Model Saved (Best F1-score)
Epoch 22, Train Loss: 0.5260, Val Loss: 0.7978, Train F1: 0.7597, Val F1: 0.6682, LR: 0.000097
Epoch 23, Train Loss: 0.5226, Val Loss: 0.8069, Train F1: 0.7610, Val F1: 0.6787, LR: 0.000096
Epoch 24, Train Loss: 0.5163, Val Loss: 0.8691, Train F1: 0.7617, Val F1: 0.6670, LR: 0.000096
Epoch 25, Train Loss: 0.5079, Val Loss: 0.8269, Train F1: 0.7684, Val F1: 0.6604, LR: 0.000095
Epoch 26, Train Loss: 0.5000, Val Loss: 0.8706, Train F1: 0.7710, Val F1: 0.6557, LR: 0.000095
Epoch 27, Train Loss: 0.4958, Val Loss: 0.8855, Train F1: 0.7711, Val F1: 0.6771, LR: 0.000094
Epoch 28, Train Loss: 0.4844, Val Loss: 0.8744, Train F1: 0.7770, Val F1: 0.6337, LR: 0.000094
Epoch 29, Train Loss: 0.4851, Val Loss: 0.8641, Train F1: 0.7791, Val F1: 0.6820, LR: 0.000093
Epoch 30, Train Loss: 0.4722, Val Loss: 0.9032, Train F1: 0.7824, Val F1: 0.6664, LR: 0.000093
Epoch 31, Train Loss: 0.4671, Val Loss: 0.8841, Train F1: 0.7879, Val F1: 0.6615, LR: 0.000092
Epoch 32, Train Loss: 0.4613, Val Loss: 0.9015, Train F1: 0.7867, Val F1: 0.6661, LR: 0.000092
Epoch 33, Train Loss: 0.4496, Val Loss: 0.9275, Train F1: 0.7916, Val F1: 0.6772, LR: 0.000091
Epoch 34, Train Loss: 0.4444, Val Loss: 0.9648, Train F1: 0.7946, Val F1: 0.6709, LR: 0.000090
Epoch 35, Train Loss: 0.4405, Val Loss: 0.9740, Train F1: 0.7999, Val F1: 0.6445, LR: 0.000090
Epoch 36, Train Loss: 0.4306, Val Loss: 0.9555, Train F1: 0.8020, Val F1: 0.6511, LR: 0.000089
Epoch 37, Train Loss: 0.4200, Val Loss: 1.0195, Train F1: 0.8042, Val F1: 0.6513, LR: 0.000088
Epoch 38, Train Loss: 0.4135, Val Loss: 1.0574, Train F1: 0.8086, Val F1: 0.6326, LR: 0.000088
Epoch 39, Train Loss: 0.4080, Val Loss: 1.0781, Train F1: 0.8120, Val F1: 0.6586, LR: 0.000087
Epoch 40, Train Loss: 0.4018, Val Loss: 1.0714, Train F1: 0.8159, Val F1: 0.6526, LR: 0.000086
Epoch 41, Train Loss: 0.3972, Val Loss: 1.2223, Train F1: 0.8166, Val F1: 0.6466, LR: 0.000086
Epoch 42, Train Loss: 0.3978, Val Loss: 1.1411, Train F1: 0.8148, Val F1: 0.6510, LR: 0.000085
Epoch 43, Train Loss: 0.3812, Val Loss: 1.2313, Train F1: 0.8231, Val F1: 0.6622, LR: 0.000084
Epoch 44, Train Loss: 0.3763, Val Loss: 1.1602, Train F1: 0.8279, Val F1: 0.6617, LR: 0.000083
Epoch 45, Train Loss: 0.3723, Val Loss: 1.2482, Train F1: 0.8293, Val F1: 0.6473, LR: 0.000082
Epoch 46, Train Loss: 0.3629, Val Loss: 1.3157, Train F1: 0.8345, Val F1: 0.6710, LR: 0.000082
Epoch 47, Train Loss: 0.3531, Val Loss: 1.2678, Train F1: 0.8364, Val F1: 0.6424, LR: 0.000081
Epoch 48, Train Loss: 0.3490, Val Loss: 1.3331, Train F1: 0.8391, Val F1: 0.6377, LR: 0.000080
Epoch 49, Train Loss: 0.3393, Val Loss: 1.3690, Train F1: 0.8444, Val F1: 0.6505, LR: 0.000079
Epoch 50, Train Loss: 0.3398, Val Loss: 1.3040, Train F1: 0.8448, Val F1: 0.6634, LR: 0.000078
Epoch 51, Train Loss: 0.3310, Val Loss: 1.2929, Train F1: 0.8458, Val F1: 0.6644, LR: 0.000077
Epoch 52, Train Loss: 0.3256, Val Loss: 1.4251, Train F1: 0.8476, Val F1: 0.6581, LR: 0.000076
Epoch 53, Train Loss: 0.3179, Val Loss: 1.4152, Train F1: 0.8550, Val F1: 0.6592, LR: 0.000075
Epoch 54, Train Loss: 0.3143, Val Loss: 1.3860, Train F1: 0.8572, Val F1: 0.6461, LR: 0.000074
Epoch 55, Train Loss: 0.3064, Val Loss: 1.3908, Train F1: 0.8611, Val F1: 0.6538, LR: 0.000073
Epoch 56, Train Loss: 0.3016, Val Loss: 1.5281, Train F1: 0.8612, Val F1: 0.6449, LR: 0.000072
Epoch 57, Train Loss: 0.2959, Val Loss: 1.3494, Train F1: 0.8630, Val F1: 0.6621, LR: 0.000071
Epoch 58, Train Loss: 0.2853, Val Loss: 1.5974, Train F1: 0.8680, Val F1: 0.6540, LR: 0.000071
Epoch 59, Train Loss: 0.2915, Val Loss: 1.5374, Train F1: 0.8697, Val F1: 0.6474, LR: 0.000070
Epoch 60, Train Loss: 0.2782, Val Loss: 1.6128, Train F1: 0.8718, Val F1: 0.6423, LR: 0.000069
Epoch 61, Train Loss: 0.2750, Val Loss: 1.6677, Train F1: 0.8728, Val F1: 0.6707, LR: 0.000067
Epoch 62, Train Loss: 0.2704, Val Loss: 1.6987, Train F1: 0.8776, Val F1: 0.6538, LR: 0.000066
Epoch 63, Train Loss: 0.2650, Val Loss: 1.6969, Train F1: 0.8808, Val F1: 0.6548, LR: 0.000065
Epoch 64, Train Loss: 0.2645, Val Loss: 1.7459, Train F1: 0.8797, Val F1: 0.6646, LR: 0.000064
Epoch 65, Train Loss: 0.2506, Val Loss: 1.7437, Train F1: 0.8848, Val F1: 0.6382, LR: 0.000063
Epoch 66, Train Loss: 0.2464, Val Loss: 1.7952, Train F1: 0.8888, Val F1: 0.6538, LR: 0.000062
Epoch 67, Train Loss: 0.2461, Val Loss: 1.8591, Train F1: 0.8878, Val F1: 0.6473, LR: 0.000061
Epoch 68, Train Loss: 0.2406, Val Loss: 1.7869, Train F1: 0.8906, Val F1: 0.6439, LR: 0.000060
Epoch 69, Train Loss: 0.2361, Val Loss: 1.8341, Train F1: 0.8918, Val F1: 0.6457, LR: 0.000059
Epoch 70, Train Loss: 0.2333, Val Loss: 1.8484, Train F1: 0.8933, Val F1: 0.6524, LR: 0.000058
Epoch 71, Train Loss: 0.2312, Val Loss: 1.9763, Train F1: 0.8954, Val F1: 0.6552, LR: 0.000057
⏹️ Early Stopping Triggered
Fold 0 Test F1: 0.6753, Accuracy: 0.3719, cost 1.752155306787073e-05 sec

✅ F1 scores from each Fold:
Fold 0: Macro F1 = 0.6753, Accuracy: 0.3719, cost time = 0.000018 sec
  - Correct: F1 = 0.5106
  - Far from the shins: F1 = 0.7144
  - Hips rise first: F1 = 0.7246
  - Collide with the knees: F1 = 0.5997
  - Lower back rounding: F1 = 0.6624

📊 Average F1 Score: 0.6753 ± 0.0000
  Average F1 Score per Class:
  - Correct: 0.5106 ± 0.0000
  - Far from the shins: 0.7144 ± 0.0000
  - Hips rise first: 0.7246 ± 0.0000
  - Collide with the knees: 0.5997 ± 0.0000
  - Lower back rounding: 0.6624 ± 0.0000
🏆 Best F1: 0.6753 from Fold 0
📁 Best model saved at: /home/pitt_huang/workspace/fitness_action_recognition/MultiCLS/checkpoints/MultiCLS_Deadlift_3D/multicls_dtwwarp_best/MultiCLS_model_fold0.pth

✅ 寫入完成：/home/pitt_huang/workspace/fitness_action_recognition/MultiCLS/checkpoints/MultiCLS_Deadlift_3D/multicls_dtwwarp_best/results_summary.txt

  0%|          | 0/4789 [00:00<?, ?it/s]
  2%|▏         | 85/4789 [00:00<00:05, 841.53it/s]
  4%|▎         | 170/4789 [00:00<00:05, 844.70it/s]
  5%|▌         | 255/4789 [00:00<00:05, 846.85it/s]
  7%|▋         | 341/4789 [00:00<00:05, 850.36it/s]
  9%|▉         | 427/4789 [00:00<00:05, 849.71it/s]
 11%|█         | 512/4789 [00:00<00:05, 846.82it/s]
 12%|█▏        | 597/4789 [00:00<00:04, 847.44it/s]
 14%|█▍        | 683/4789 [00:00<00:04, 848.74it/s]
 16%|█▌        | 769/4789 [00:00<00:04, 851.28it/s]
 18%|█▊        | 855/4789 [00:01<00:04, 850.36it/s]
 20%|█▉        | 941/4789 [00:01<00:04, 850.00it/s]
 21%|██▏       | 1027/4789 [00:01<00:04, 851.69it/s]
 23%|██▎       | 1113/4789 [00:01<00:04, 852.62it/s]
 25%|██▌       | 1199/4789 [00:01<00:04, 851.42it/s]
 27%|██▋       | 1285/4789 [00:01<00:04, 843.39it/s]
 29%|██▊       | 1370/4789 [00:01<00:04, 843.47it/s]
 30%|███       | 1456/4789 [00:01<00:03, 847.12it/s]
 32%|███▏      | 1541/4789 [00:01<00:03, 845.63it/s]
 34%|███▍      | 1627/4789 [00:01<00:03, 848.36it/s]
 36%|███▌      | 1713/4789 [00:02<00:03, 851.14it/s]
 38%|███▊      | 1799/4789 [00:02<00:03, 850.70it/s]
 39%|███▉      | 1885/4789 [00:02<00:03, 849.99it/s]
 41%|████      | 1971/4789 [00:02<00:03, 850.21it/s]
 43%|████▎     | 2057/4789 [00:02<00:03, 849.66it/s]
 45%|████▍     | 2142/4789 [00:02<00:03, 848.58it/s]
 47%|████▋     | 2227/4789 [00:02<00:03, 847.30it/s]
 48%|████▊     | 2312/4789 [00:02<00:02, 847.23it/s]
 50%|█████     | 2397/4789 [00:02<00:02, 846.89it/s]
 52%|█████▏    | 2482/4789 [00:02<00:02, 847.63it/s]
 54%|█████▎    | 2567/4789 [00:03<00:02, 848.31it/s]
 55%|█████▌    | 2653/4789 [00:03<00:02, 849.69it/s]
 57%|█████▋    | 2739/4789 [00:03<00:02, 851.89it/s]
 59%|█████▉    | 2825/4789 [00:03<00:02, 853.98it/s]
 61%|██████    | 2911/4789 [00:03<00:02, 852.70it/s]
 63%|██████▎   | 2997/4789 [00:03<00:02, 850.34it/s]
 64%|██████▍   | 3083/4789 [00:03<00:02, 843.42it/s]
 66%|██████▌   | 3169/4789 [00:03<00:01, 846.72it/s]
 68%|██████▊   | 3255/4789 [00:03<00:01, 849.09it/s]
 70%|██████▉   | 3340/4789 [00:03<00:01, 848.98it/s]
 72%|███████▏  | 3426/4789 [00:04<00:01, 851.49it/s]
 73%|███████▎  | 3512/4789 [00:04<00:01, 851.58it/s]
 75%|███████▌  | 3598/4789 [00:04<00:01, 853.05it/s]
 77%|███████▋  | 3684/4789 [00:04<00:01, 849.47it/s]
 79%|███████▊  | 3769/4789 [00:04<00:01, 849.63it/s]
 80%|████████  | 3854/4789 [00:04<00:01, 848.66it/s]
 82%|████████▏ | 3940/4789 [00:04<00:00, 849.76it/s]
 84%|████████▍ | 4025/4789 [00:04<00:00, 849.61it/s]
 86%|████████▌ | 4111/4789 [00:04<00:00, 849.74it/s]
 88%|████████▊ | 4197/4789 [00:04<00:00, 849.91it/s]
 89%|████████▉ | 4283/4789 [00:05<00:00, 850.62it/s]
 91%|█████████ | 4369/4789 [00:05<00:00, 850.04it/s]
 93%|█████████▎| 4455/4789 [00:05<00:00, 850.83it/s]
 95%|█████████▍| 4541/4789 [00:05<00:00, 849.96it/s]
 97%|█████████▋| 4626/4789 [00:05<00:00, 848.57it/s]
 98%|█████████▊| 4712/4789 [00:05<00:00, 849.57it/s]
100%|██████████| 4789/4789 [00:05<00:00, 848.80it/s]

Epoch 1/150:   0%|          | 0/300 [00:00<?, ?it/s]
Epoch 1/150:   0%|          | 1/300 [00:00<02:36,  1.92it/s]
Epoch 1/150:  11%|█         | 32/300 [00:00<00:03, 67.91it/s]
Epoch 1/150:  22%|██▏       | 65/300 [00:00<00:01, 129.20it/s]
Epoch 1/150:  33%|███▎      | 98/300 [00:00<00:01, 178.89it/s]
Epoch 1/150:  44%|████▎     | 131/300 [00:00<00:00, 218.19it/s]
Epoch 1/150:  54%|█████▍    | 162/300 [00:01<00:00, 243.09it/s]
Epoch 1/150:  65%|██████▌   | 195/300 [00:01<00:00, 265.65it/s]
Epoch 1/150:  75%|███████▌  | 226/300 [00:01<00:00, 278.24it/s]
Epoch 1/150:  86%|████████▋ | 259/300 [00:01<00:00, 290.78it/s]
Epoch 1/150:  97%|█████████▋| 292/300 [00:01<00:00, 299.56it/s]
Epoch 1/150: 100%|██████████| 300/300 [00:01<00:00, 199.64it/s]

Epoch 2/150:   0%|          | 0/300 [00:00<?, ?it/s]
Epoch 2/150:   1%|▏         | 4/300 [00:00<00:07, 38.85it/s]
Epoch 2/150:  12%|█▏        | 36/300 [00:00<00:01, 199.90it/s]
Epoch 2/150:  23%|██▎       | 69/300 [00:00<00:00, 257.81it/s]
Epoch 2/150:  34%|███▎      | 101/300 [00:00<00:00, 281.11it/s]
Epoch 2/150:  45%|████▍     | 134/300 [00:00<00:00, 295.41it/s]
Epoch 2/150:  55%|█████▌    | 166/300 [00:00<00:00, 301.23it/s]
Epoch 2/150:  66%|██████▌   | 197/300 [00:00<00:00, 297.59it/s]
Epoch 2/150:  76%|███████▌  | 227/300 [00:00<00:00, 294.55it/s]
Epoch 2/150:  86%|████████▌ | 257/300 [00:00<00:00, 293.97it/s]
Epoch 2/150:  96%|█████████▌| 287/300 [00:01<00:00, 289.77it/s]
Epoch 2/150: 100%|██████████| 300/300 [00:01<00:00, 267.45it/s]

Epoch 3/150:   0%|          | 0/300 [00:00<?, ?it/s]
Epoch 3/150:   2%|▏         | 5/300 [00:00<00:06, 48.95it/s]
Epoch 3/150:  12%|█▏        | 35/300 [00:00<00:01, 192.03it/s]
Epoch 3/150:  22%|██▏       | 65/300 [00:00<00:00, 239.86it/s]
Epoch 3/150:  33%|███▎      | 98/300 [00:00<00:00, 273.17it/s]
Epoch 3/150:  43%|████▎     | 130/300 [00:00<00:00, 289.31it/s]
Epoch 3/150:  54%|█████▍    | 163/300 [00:00<00:00, 300.54it/s]
Epoch 3/150:  65%|██████▌   | 195/300 [00:00<00:00, 306.83it/s]
Epoch 3/150:  76%|███████▌  | 227/300 [00:00<00:00, 310.66it/s]
Epoch 3/150:  86%|████████▋ | 259/300 [00:00<00:00, 312.40it/s]
Epoch 3/150:  97%|█████████▋| 291/300 [00:01<00:00, 313.56it/s]
Epoch 3/150: 100%|██████████| 300/300 [00:01<00:00, 278.70it/s]

Epoch 4/150:   0%|          | 0/300 [00:00<?, ?it/s]
Epoch 4/150:   1%|          | 3/300 [00:00<00:10, 29.15it/s]
Epoch 4/150:  12%|█▏        | 36/300 [00:00<00:01, 202.07it/s]
Epoch 4/150:  23%|██▎       | 69/300 [00:00<00:00, 258.75it/s]
Epoch 4/150:  34%|███▍      | 102/300 [00:00<00:00, 286.13it/s]
Epoch 4/150:  45%|████▍     | 134/300 [00:00<00:00, 296.80it/s]
Epoch 4/150:  55%|█████▌    | 165/300 [00:00<00:00, 298.02it/s]
Epoch 4/150:  66%|██████▌   | 197/300 [00:00<00:00, 302.44it/s]
Epoch 4/150:  77%|███████▋  | 230/300 [00:00<00:00, 308.74it/s]
Epoch 4/150:  88%|████████▊ | 263/300 [00:00<00:00, 312.80it/s]
Epoch 4/150:  99%|█████████▊| 296/300 [00:01<00:00, 315.81it/s]
Epoch 4/150: 100%|██████████| 300/300 [00:01<00:00, 277.56it/s]

Epoch 5/150:   0%|          | 0/300 [00:00<?, ?it/s]
Epoch 5/150:   2%|▏         | 5/300 [00:00<00:06, 49.13it/s]
Epoch 5/150:  13%|█▎        | 38/300 [00:00<00:01, 211.75it/s]
Epoch 5/150:  24%|██▎       | 71/300 [00:00<00:00, 263.86it/s]
Epoch 5/150:  35%|███▍      | 104/300 [00:00<00:00, 287.07it/s]
Epoch 5/150:  45%|████▌     | 136/300 [00:00<00:00, 295.96it/s]
Epoch 5/150:  56%|█████▌    | 168/300 [00:00<00:00, 303.17it/s]
Epoch 5/150:  67%|██████▋   | 201/300 [00:00<00:00, 310.47it/s]
Epoch 5/150:  78%|███████▊  | 234/300 [00:00<00:00, 314.98it/s]
Epoch 5/150:  89%|████████▉ | 267/300 [00:00<00:00, 317.58it/s]
Epoch 5/150: 100%|██████████| 300/300 [00:01<00:00, 319.92it/s]
Epoch 5/150: 100%|██████████| 300/300 [00:01<00:00, 282.80it/s]

Epoch 6/150:   0%|          | 0/300 [00:00<?, ?it/s]
Epoch 6/150:   1%|▏         | 4/300 [00:00<00:07, 39.14it/s]
Epoch 6/150:  12%|█▏        | 37/300 [00:00<00:01, 207.69it/s]
Epoch 6/150:  24%|██▎       | 71/300 [00:00<00:00, 264.49it/s]
Epoch 6/150:  35%|███▍      | 104/300 [00:00<00:00, 289.51it/s]
Epoch 6/150:  46%|████▌     | 137/300 [00:00<00:00, 302.37it/s]
Epoch 6/150:  56%|█████▋    | 169/300 [00:00<00:00, 307.78it/s]
Epoch 6/150:  67%|██████▋   | 200/300 [00:00<00:00, 296.25it/s]
Epoch 6/150:  77%|███████▋  | 230/300 [00:00<00:00, 292.92it/s]
Epoch 6/150:  87%|████████▋ | 260/300 [00:00<00:00, 293.94it/s]
Epoch 6/150:  97%|█████████▋| 291/300 [00:01<00:00, 296.71it/s]
Epoch 6/150: 100%|██████████| 300/300 [00:01<00:00, 270.73it/s]

Epoch 7/150:   0%|          | 0/300 [00:00<?, ?it/s]
Epoch 7/150:   2%|▏         | 6/300 [00:00<00:05, 58.13it/s]
Epoch 7/150:  13%|█▎        | 38/300 [00:00<00:01, 209.01it/s]
Epoch 7/150:  24%|██▎       | 71/300 [00:00<00:00, 261.50it/s]
Epoch 7/150:  35%|███▍      | 104/300 [00:00<00:00, 287.23it/s]
Epoch 7/150:  46%|████▌     | 137/300 [00:00<00:00, 301.61it/s]
Epoch 7/150:  57%|█████▋    | 170/300 [00:00<00:00, 309.92it/s]
Epoch 7/150:  68%|██████▊   | 203/300 [00:00<00:00, 314.88it/s]
Epoch 7/150:  79%|███████▊  | 236/300 [00:00<00:00, 318.19it/s]
Epoch 7/150:  90%|████████▉ | 269/300 [00:00<00:00, 321.80it/s]
Epoch 7/150: 100%|██████████| 300/300 [00:01<00:00, 283.30it/s]

Epoch 8/150:   0%|          | 0/300 [00:00<?, ?it/s]
Epoch 8/150:   1%|          | 3/300 [00:00<00:10, 29.31it/s]
Epoch 8/150:  12%|█▏        | 36/300 [00:00<00:01, 202.28it/s]
Epoch 8/150:  23%|██▎       | 68/300 [00:00<00:00, 254.51it/s]
Epoch 8/150:  33%|███▎      | 100/300 [00:00<00:00, 279.21it/s]
Epoch 8/150:  44%|████▍     | 133/300 [00:00<00:00, 295.17it/s]
Epoch 8/150:  55%|█████▌    | 166/300 [00:00<00:00, 304.62it/s]
Epoch 8/150:  66%|██████▋   | 199/300 [00:00<00:00, 310.93it/s]
Epoch 8/150:  77%|███████▋  | 232/300 [00:00<00:00, 314.97it/s]
Epoch 8/150:  88%|████████▊ | 265/300 [00:00<00:00, 318.61it/s]
Epoch 8/150:  99%|█████████▉| 298/300 [00:01<00:00, 320.04it/s]
Epoch 8/150: 100%|██████████| 300/300 [00:01<00:00, 280.50it/s]

Epoch 9/150:   0%|          | 0/300 [00:00<?, ?it/s]
Epoch 9/150:   2%|▏         | 6/300 [00:00<00:05, 58.41it/s]
Epoch 9/150:  13%|█▎        | 39/300 [00:00<00:01, 212.78it/s]
Epoch 9/150:  24%|██▍       | 72/300 [00:00<00:00, 262.46it/s]
Epoch 9/150:  35%|███▌      | 105/300 [00:00<00:00, 285.83it/s]
Epoch 9/150:  46%|████▌     | 138/300 [00:00<00:00, 298.80it/s]
Epoch 9/150:  57%|█████▋    | 170/300 [00:00<00:00, 303.82it/s]
Epoch 9/150:  67%|██████▋   | 202/300 [00:00<00:00, 306.94it/s]
Epoch 9/150:  78%|███████▊  | 235/300 [00:00<00:00, 311.31it/s]
Epoch 9/150:  89%|████████▉ | 268/300 [00:00<00:00, 314.97it/s]
Epoch 9/150: 100%|██████████| 300/300 [00:01<00:00, 315.41it/s]
Epoch 9/150: 100%|██████████| 300/300 [00:01<00:00, 280.39it/s]

Epoch 10/150:   0%|          | 0/300 [00:00<?, ?it/s]
Epoch 10/150:   1%|▏         | 4/300 [00:00<00:07, 39.72it/s]
Epoch 10/150:  12%|█▏        | 37/300 [00:00<00:01, 208.89it/s]
Epoch 10/150:  19%|█▉        | 58/300 [00:00<00:01, 151.96it/s]
Epoch 10/150:  30%|███       | 91/300 [00:00<00:01, 207.35it/s]
Epoch 10/150:  41%|████▏     | 124/300 [00:00<00:00, 244.35it/s]
Epoch 10/150:  52%|█████▏    | 157/300 [00:00<00:00, 270.60it/s]
Epoch 10/150:  63%|██████▎   | 190/300 [00:00<00:00, 288.00it/s]
Epoch 10/150:  74%|███████▍  | 223/300 [00:00<00:00, 298.25it/s]
Epoch 10/150:  85%|████████▌ | 256/300 [00:00<00:00, 307.55it/s]
Epoch 10/150:  96%|█████████▋| 289/300 [00:01<00:00, 312.42it/s]
Epoch 10/150: 100%|██████████| 300/300 [00:01<00:00, 258.30it/s]

Epoch 11/150:   0%|          | 0/300 [00:00<?, ?it/s]
Epoch 11/150:   1%|▏         | 4/300 [00:00<00:07, 37.91it/s]
Epoch 11/150:  12%|█▏        | 37/300 [00:00<00:01, 204.75it/s]
Epoch 11/150:  23%|██▎       | 70/300 [00:00<00:00, 260.79it/s]
Epoch 11/150:  34%|███▍      | 103/300 [00:00<00:00, 284.92it/s]
Epoch 11/150:  45%|████▌     | 136/300 [00:00<00:00, 299.76it/s]
Epoch 11/150:  56%|█████▋    | 169/300 [00:00<00:00, 309.41it/s]
Epoch 11/150:  67%|██████▋   | 202/300 [00:00<00:00, 314.79it/s]
Epoch 11/150:  78%|███████▊  | 235/300 [00:00<00:00, 318.79it/s]
Epoch 11/150:  89%|████████▉ | 268/300 [00:00<00:00, 321.29it/s]
Epoch 11/150: 100%|██████████| 300/300 [00:01<00:00, 283.44it/s]

Epoch 12/150:   0%|          | 0/300 [00:00<?, ?it/s]
Epoch 12/150:   1%|          | 3/300 [00:00<00:10, 29.46it/s]
Epoch 12/150:  12%|█▏        | 37/300 [00:00<00:01, 207.89it/s]
Epoch 12/150:  23%|██▎       | 70/300 [00:00<00:00, 262.64it/s]
Epoch 12/150:  34%|███▍      | 103/300 [00:00<00:00, 286.06it/s]
Epoch 12/150:  45%|████▌     | 136/300 [00:00<00:00, 300.37it/s]
Epoch 12/150:  56%|█████▋    | 169/300 [00:00<00:00, 308.00it/s]
Epoch 12/150:  67%|██████▋   | 202/300 [00:00<00:00, 314.84it/s]
Epoch 12/150:  78%|███████▊  | 235/300 [00:00<00:00, 318.76it/s]
Epoch 12/150:  89%|████████▉ | 268/300 [00:00<00:00, 321.32it/s]
Epoch 12/150: 100%|██████████| 300/300 [00:01<00:00, 283.60it/s]

Epoch 13/150:   0%|          | 0/300 [00:00<?, ?it/s]
Epoch 13/150:   2%|▏         | 6/300 [00:00<00:05, 58.38it/s]
Epoch 13/150:  13%|█▎        | 40/300 [00:00<00:01, 218.47it/s]
Epoch 13/150:  24%|██▍       | 73/300 [00:00<00:00, 267.67it/s]
Epoch 13/150:  35%|███▌      | 106/300 [00:00<00:00, 290.21it/s]
Epoch 13/150:  46%|████▋     | 139/300 [00:00<00:00, 302.74it/s]
Epoch 13/150:  57%|█████▋    | 172/300 [00:00<00:00, 308.89it/s]
Epoch 13/150:  68%|██████▊   | 205/300 [00:00<00:00, 313.38it/s]
Epoch 13/150:  79%|███████▉  | 238/300 [00:00<00:00, 315.98it/s]
Epoch 13/150:  90%|█████████ | 271/300 [00:00<00:00, 317.60it/s]
Epoch 13/150: 100%|██████████| 300/300 [00:01<00:00, 284.55it/s]

Epoch 14/150:   0%|          | 0/300 [00:00<?, ?it/s]
Epoch 14/150:   1%|          | 3/300 [00:00<00:10, 29.33it/s]
Epoch 14/150:  12%|█▏        | 36/300 [00:00<00:01, 201.78it/s]
Epoch 14/150:  22%|██▏       | 66/300 [00:00<00:00, 244.55it/s]
Epoch 14/150:  32%|███▏      | 96/300 [00:00<00:00, 263.74it/s]
Epoch 14/150:  42%|████▏     | 126/300 [00:00<00:00, 274.29it/s]
Epoch 14/150:  52%|█████▏    | 156/300 [00:00<00:00, 280.07it/s]
Epoch 14/150:  62%|██████▏   | 186/300 [00:00<00:00, 284.41it/s]
Epoch 14/150:  72%|███████▏  | 216/300 [00:00<00:00, 287.70it/s]
Epoch 14/150:  82%|████████▏ | 246/300 [00:00<00:00, 290.11it/s]
Epoch 14/150:  92%|█████████▏| 276/300 [00:01<00:00, 287.30it/s]
Epoch 14/150: 100%|██████████| 300/300 [00:01<00:00, 260.55it/s]

Epoch 15/150:   0%|          | 0/300 [00:00<?, ?it/s]
Epoch 15/150:   2%|▏         | 5/300 [00:00<00:06, 49.00it/s]
Epoch 15/150:  11%|█▏        | 34/300 [00:00<00:01, 186.69it/s]
Epoch 15/150:  21%|██        | 62/300 [00:00<00:01, 227.85it/s]
Epoch 15/150:  31%|███       | 92/300 [00:00<00:00, 255.08it/s]
Epoch 15/150:  40%|████      | 120/300 [00:00<00:00, 263.84it/s]
Epoch 15/150:  50%|████▉     | 149/300 [00:00<00:00, 270.43it/s]
Epoch 15/150:  59%|█████▉    | 178/300 [00:00<00:00, 275.34it/s]
Epoch 15/150:  69%|██████▉   | 207/300 [00:00<00:00, 277.92it/s]
Epoch 15/150:  79%|███████▊  | 236/300 [00:00<00:00, 280.22it/s]
Epoch 15/150:  88%|████████▊ | 265/300 [00:01<00:00, 281.22it/s]
Epoch 15/150:  98%|█████████▊| 295/300 [00:01<00:00, 284.27it/s]
Epoch 15/150: 100%|██████████| 300/300 [00:01<00:00, 255.32it/s]

Epoch 16/150:   0%|          | 0/300 [00:00<?, ?it/s]
Epoch 16/150:   2%|▏         | 7/300 [00:00<00:04, 67.95it/s]
Epoch 16/150:  13%|█▎        | 40/300 [00:00<00:01, 217.86it/s]
Epoch 16/150:  24%|██▍       | 73/300 [00:00<00:00, 268.07it/s]
Epoch 16/150:  35%|███▌      | 106/300 [00:00<00:00, 290.42it/s]
Epoch 16/150:  46%|████▌     | 138/300 [00:00<00:00, 300.22it/s]
Epoch 16/150:  57%|█████▋    | 171/300 [00:00<00:00, 307.64it/s]
Epoch 16/150:  68%|██████▊   | 204/300 [00:00<00:00, 313.07it/s]
Epoch 16/150:  79%|███████▊  | 236/300 [00:00<00:00, 314.03it/s]
Epoch 16/150:  89%|████████▉ | 268/300 [00:00<00:00, 315.63it/s]
Epoch 16/150: 100%|██████████| 300/300 [00:01<00:00, 315.74it/s]
Epoch 16/150: 100%|██████████| 300/300 [00:01<00:00, 284.04it/s]

Epoch 17/150:   0%|          | 0/300 [00:00<?, ?it/s]
Epoch 17/150:   1%|          | 3/300 [00:00<00:10, 29.62it/s]
Epoch 17/150:  12%|█▏        | 36/300 [00:00<00:01, 202.36it/s]
Epoch 17/150:  23%|██▎       | 69/300 [00:00<00:00, 259.63it/s]
Epoch 17/150:  34%|███▍      | 102/300 [00:00<00:00, 285.57it/s]
Epoch 17/150:  45%|████▌     | 135/300 [00:00<00:00, 300.97it/s]
Epoch 17/150:  56%|█████▌    | 168/300 [00:00<00:00, 309.83it/s]
Epoch 17/150:  67%|██████▋   | 202/300 [00:00<00:00, 316.61it/s]
Epoch 17/150:  78%|███████▊  | 235/300 [00:00<00:00, 318.94it/s]
Epoch 17/150:  89%|████████▉ | 268/300 [00:00<00:00, 321.13it/s]
Epoch 17/150: 100%|██████████| 300/300 [00:01<00:00, 281.40it/s]

Epoch 18/150:   0%|          | 0/300 [00:00<?, ?it/s]
Epoch 18/150:   1%|▏         | 4/300 [00:00<00:07, 37.05it/s]
Epoch 18/150:  13%|█▎        | 38/300 [00:00<00:01, 206.59it/s]
Epoch 18/150:  24%|██▎       | 71/300 [00:00<00:00, 260.73it/s]
Epoch 18/150:  35%|███▌      | 105/300 [00:00<00:00, 288.02it/s]
Epoch 18/150:  46%|████▌     | 138/300 [00:00<00:00, 301.56it/s]
Epoch 18/150:  57%|█████▋    | 171/300 [00:00<00:00, 309.34it/s]
Epoch 18/150:  68%|██████▊   | 204/300 [00:00<00:00, 315.00it/s]
Epoch 18/150:  79%|███████▉  | 237/300 [00:00<00:00, 318.77it/s]
Epoch 18/150:  90%|█████████ | 270/300 [00:00<00:00, 321.64it/s]
Epoch 18/150: 100%|██████████| 300/300 [00:01<00:00, 282.57it/s]

Epoch 19/150:   0%|          | 0/300 [00:00<?, ?it/s]
Epoch 19/150:   2%|▏         | 5/300 [00:00<00:05, 49.92it/s]
Epoch 19/150:  13%|█▎        | 38/300 [00:00<00:01, 213.46it/s]
Epoch 19/150:  24%|██▎       | 71/300 [00:00<00:00, 264.20it/s]
Epoch 19/150:  35%|███▍      | 104/300 [00:00<00:00, 286.58it/s]
Epoch 19/150:  45%|████▌     | 136/300 [00:00<00:00, 297.82it/s]
Epoch 19/150:  56%|█████▋    | 169/300 [00:00<00:00, 305.64it/s]
Epoch 19/150:  67%|██████▋   | 201/300 [00:00<00:00, 308.89it/s]
Epoch 19/150:  78%|███████▊  | 233/300 [00:00<00:00, 310.43it/s]
Epoch 19/150:  89%|████████▊ | 266/300 [00:00<00:00, 313.64it/s]
Epoch 19/150: 100%|█████████▉| 299/300 [00:01<00:00, 316.76it/s]
Epoch 19/150: 100%|██████████| 300/300 [00:01<00:00, 281.67it/s]

Epoch 20/150:   0%|          | 0/300 [00:00<?, ?it/s]
Epoch 20/150:   2%|▏         | 5/300 [00:00<00:05, 49.97it/s]
Epoch 20/150:  13%|█▎        | 38/300 [00:00<00:01, 212.92it/s]
Epoch 20/150:  24%|██▎       | 71/300 [00:00<00:00, 264.66it/s]
Epoch 20/150:  35%|███▍      | 104/300 [00:00<00:00, 289.73it/s]
Epoch 20/150:  46%|████▌     | 137/300 [00:00<00:00, 303.44it/s]
Epoch 20/150:  57%|█████▋    | 170/300 [00:00<00:00, 308.79it/s]
Epoch 20/150:  68%|██████▊   | 203/300 [00:00<00:00, 313.77it/s]
Epoch 20/150:  79%|███████▊  | 236/300 [00:00<00:00, 317.83it/s]
Epoch 20/150:  90%|████████▉ | 269/300 [00:00<00:00, 318.32it/s]
Epoch 20/150: 100%|██████████| 300/300 [00:01<00:00, 283.74it/s]

Epoch 21/150:   0%|          | 0/300 [00:00<?, ?it/s]
Epoch 21/150:   1%|          | 3/300 [00:00<00:10, 28.20it/s]
Epoch 21/150:  12%|█▏        | 35/300 [00:00<00:01, 194.19it/s]
Epoch 21/150:  23%|██▎       | 68/300 [00:00<00:00, 254.61it/s]
Epoch 21/150:  34%|███▎      | 101/300 [00:00<00:00, 282.65it/s]
Epoch 21/150:  45%|████▍     | 134/300 [00:00<00:00, 297.46it/s]
Epoch 21/150:  55%|█████▌    | 166/300 [00:00<00:00, 303.98it/s]
Epoch 21/150:  66%|██████▋   | 199/300 [00:00<00:00, 311.83it/s]
Epoch 21/150:  77%|███████▋  | 232/300 [00:00<00:00, 316.82it/s]
Epoch 21/150:  88%|████████▊ | 265/300 [00:00<00:00, 319.81it/s]
Epoch 21/150:  99%|█████████▉| 298/300 [00:01<00:00, 320.26it/s]
Epoch 21/150: 100%|██████████| 300/300 [00:01<00:00, 280.78it/s]

Epoch 22/150:   0%|          | 0/300 [00:00<?, ?it/s]
Epoch 22/150:   2%|▏         | 5/300 [00:00<00:05, 49.91it/s]
Epoch 22/150:  13%|█▎        | 38/300 [00:00<00:01, 212.60it/s]
Epoch 22/150:  23%|██▎       | 70/300 [00:00<00:00, 261.37it/s]
Epoch 22/150:  34%|███▍      | 103/300 [00:00<00:00, 285.82it/s]
Epoch 22/150:  45%|████▌     | 136/300 [00:00<00:00, 299.91it/s]
Epoch 22/150:  56%|█████▋    | 169/300 [00:00<00:00, 307.23it/s]
Epoch 22/150:  67%|██████▋   | 201/300 [00:00<00:00, 309.71it/s]
Epoch 22/150:  78%|███████▊  | 234/300 [00:00<00:00, 314.07it/s]
Epoch 22/150:  89%|████████▉ | 267/300 [00:00<00:00, 316.44it/s]
Epoch 22/150: 100%|██████████| 300/300 [00:01<00:00, 318.68it/s]
Epoch 22/150: 100%|██████████| 300/300 [00:01<00:00, 285.25it/s]

Epoch 23/150:   0%|          | 0/300 [00:00<?, ?it/s]
Epoch 23/150:   2%|▏         | 5/300 [00:00<00:06, 49.01it/s]
Epoch 23/150:  13%|█▎        | 38/300 [00:00<00:01, 209.56it/s]
Epoch 23/150:  24%|██▎       | 71/300 [00:00<00:00, 263.18it/s]
Epoch 23/150:  34%|███▍      | 103/300 [00:00<00:00, 283.16it/s]
Epoch 23/150:  45%|████▌     | 136/300 [00:00<00:00, 299.24it/s]
Epoch 23/150:  56%|█████▋    | 169/300 [00:00<00:00, 308.53it/s]
Epoch 23/150:  67%|██████▋   | 202/300 [00:00<00:00, 313.67it/s]
Epoch 23/150:  78%|███████▊  | 235/300 [00:00<00:00, 315.95it/s]
Epoch 23/150:  89%|████████▉ | 267/300 [00:00<00:00, 317.18it/s]
Epoch 23/150: 100%|██████████| 300/300 [00:01<00:00, 320.63it/s]
Epoch 23/150: 100%|██████████| 300/300 [00:01<00:00, 286.94it/s]

Epoch 24/150:   0%|          | 0/300 [00:00<?, ?it/s]
Epoch 24/150:   1%|▏         | 4/300 [00:00<00:07, 38.84it/s]
Epoch 24/150:  12%|█▏        | 37/300 [00:00<00:01, 204.80it/s]
Epoch 24/150:  23%|██▎       | 70/300 [00:00<00:00, 260.07it/s]
Epoch 24/150:  34%|███▍      | 103/300 [00:00<00:00, 286.82it/s]
Epoch 24/150:  45%|████▌     | 136/300 [00:00<00:00, 301.50it/s]
Epoch 24/150:  56%|█████▋    | 169/300 [00:00<00:00, 311.02it/s]
Epoch 24/150:  67%|██████▋   | 201/300 [00:00<00:00, 223.13it/s]
Epoch 24/150:  77%|███████▋  | 232/300 [00:00<00:00, 243.26it/s]
Epoch 24/150:  87%|████████▋ | 261/300 [00:01<00:00, 255.09it/s]
Epoch 24/150:  97%|█████████▋| 290/300 [00:01<00:00, 262.23it/s]
Epoch 24/150: 100%|██████████| 300/300 [00:01<00:00, 247.41it/s]

Epoch 25/150:   0%|          | 0/300 [00:00<?, ?it/s]
Epoch 25/150:   2%|▏         | 6/300 [00:00<00:05, 58.33it/s]
Epoch 25/150:  12%|█▏        | 35/300 [00:00<00:01, 191.03it/s]
Epoch 25/150:  21%|██▏       | 64/300 [00:00<00:01, 233.63it/s]
Epoch 25/150:  31%|███       | 92/300 [00:00<00:00, 250.76it/s]
Epoch 25/150:  40%|████      | 120/300 [00:00<00:00, 258.82it/s]
Epoch 25/150:  50%|████▉     | 149/300 [00:00<00:00, 267.83it/s]
Epoch 25/150:  59%|█████▉    | 178/300 [00:00<00:00, 274.84it/s]
Epoch 25/150:  69%|██████▉   | 207/300 [00:00<00:00, 279.58it/s]
Epoch 25/150:  79%|███████▊  | 236/300 [00:00<00:00, 281.47it/s]
Epoch 25/150:  88%|████████▊ | 265/300 [00:01<00:00, 282.87it/s]
Epoch 25/150:  98%|█████████▊| 294/300 [00:01<00:00, 284.13it/s]
Epoch 25/150: 100%|██████████| 300/300 [00:01<00:00, 254.77it/s]

Epoch 26/150:   0%|          | 0/300 [00:00<?, ?it/s]
Epoch 26/150:   1%|▏         | 4/300 [00:00<00:07, 39.37it/s]
Epoch 26/150:  11%|█         | 33/300 [00:00<00:01, 183.60it/s]
Epoch 26/150:  21%|██        | 62/300 [00:00<00:01, 228.48it/s]
Epoch 26/150:  31%|███       | 92/300 [00:00<00:00, 254.57it/s]
Epoch 26/150:  40%|████      | 121/300 [00:00<00:00, 267.13it/s]
Epoch 26/150:  50%|████▉     | 149/300 [00:00<00:00, 270.66it/s]
Epoch 26/150:  60%|██████    | 180/300 [00:00<00:00, 281.61it/s]
Epoch 26/150:  71%|███████   | 213/300 [00:00<00:00, 295.04it/s]
Epoch 26/150:  82%|████████▏ | 246/300 [00:00<00:00, 303.30it/s]
Epoch 26/150:  93%|█████████▎| 278/300 [00:01<00:00, 306.78it/s]
Epoch 26/150: 100%|██████████| 300/300 [00:01<00:00, 268.78it/s]

Epoch 27/150:   0%|          | 0/300 [00:00<?, ?it/s]
Epoch 27/150:   1%|          | 3/300 [00:00<00:10, 28.66it/s]
Epoch 27/150:  12%|█▏        | 36/300 [00:00<00:01, 201.36it/s]
Epoch 27/150:  23%|██▎       | 69/300 [00:00<00:00, 257.20it/s]
Epoch 27/150:  34%|███▍      | 102/300 [00:00<00:00, 284.57it/s]
Epoch 27/150:  45%|████▌     | 136/300 [00:00<00:00, 301.23it/s]
Epoch 27/150:  56%|█████▋    | 169/300 [00:00<00:00, 308.97it/s]
Epoch 27/150:  67%|██████▋   | 202/300 [00:00<00:00, 315.02it/s]
Epoch 27/150:  78%|███████▊  | 235/300 [00:00<00:00, 317.23it/s]
Epoch 27/150:  89%|████████▉ | 268/300 [00:00<00:00, 319.11it/s]
Epoch 27/150: 100%|██████████| 300/300 [00:01<00:00, 284.19it/s]

Epoch 28/150:   0%|          | 0/300 [00:00<?, ?it/s]
Epoch 28/150:   2%|▏         | 5/300 [00:00<00:05, 49.24it/s]
Epoch 28/150:  13%|█▎        | 38/300 [00:00<00:01, 210.80it/s]
Epoch 28/150:  23%|██▎       | 70/300 [00:00<00:00, 259.52it/s]
Epoch 28/150:  34%|███▍      | 102/300 [00:00<00:00, 282.14it/s]
Epoch 28/150:  45%|████▍     | 134/300 [00:00<00:00, 294.93it/s]
Epoch 28/150:  56%|█████▌    | 167/300 [00:00<00:00, 303.81it/s]
Epoch 28/150:  66%|██████▌   | 198/300 [00:00<00:00, 305.78it/s]
Epoch 28/150:  77%|███████▋  | 230/300 [00:00<00:00, 309.37it/s]
Epoch 28/150:  87%|████████▋ | 261/300 [00:00<00:00, 309.47it/s]
Epoch 28/150:  97%|█████████▋| 292/300 [00:01<00:00, 308.00it/s]
Epoch 28/150: 100%|██████████| 300/300 [00:01<00:00, 281.02it/s]

Epoch 29/150:   0%|          | 0/300 [00:00<?, ?it/s]
Epoch 29/150:   2%|▏         | 6/300 [00:00<00:04, 59.09it/s]
Epoch 29/150:  13%|█▎        | 39/300 [00:00<00:01, 215.93it/s]
Epoch 29/150:  24%|██▍       | 72/300 [00:00<00:00, 264.48it/s]
Epoch 29/150:  35%|███▌      | 105/300 [00:00<00:00, 288.95it/s]
Epoch 29/150:  46%|████▌     | 137/300 [00:00<00:00, 299.93it/s]
Epoch 29/150:  57%|█████▋    | 170/300 [00:00<00:00, 308.15it/s]
Epoch 29/150:  67%|██████▋   | 202/300 [00:00<00:00, 311.88it/s]
Epoch 29/150:  78%|███████▊  | 234/300 [00:00<00:00, 310.59it/s]
Epoch 29/150:  89%|████████▊ | 266/300 [00:00<00:00, 304.37it/s]
Epoch 29/150:  99%|█████████▉| 297/300 [00:01<00:00, 303.01it/s]
Epoch 29/150: 100%|██████████| 300/300 [00:01<00:00, 276.36it/s]

Epoch 30/150:   0%|          | 0/300 [00:00<?, ?it/s]
Epoch 30/150:   1%|          | 3/300 [00:00<00:10, 29.16it/s]
Epoch 30/150:  11%|█         | 32/300 [00:00<00:01, 180.35it/s]
Epoch 30/150:  20%|██        | 61/300 [00:00<00:01, 228.77it/s]
Epoch 30/150:  30%|███       | 90/300 [00:00<00:00, 251.11it/s]
Epoch 30/150:  40%|███▉      | 119/300 [00:00<00:00, 263.32it/s]
Epoch 30/150:  49%|████▉     | 147/300 [00:00<00:00, 268.50it/s]
Epoch 30/150:  59%|█████▊    | 176/300 [00:00<00:00, 273.86it/s]
Epoch 30/150:  68%|██████▊   | 205/300 [00:00<00:00, 276.96it/s]
Epoch 30/150:  78%|███████▊  | 234/300 [00:00<00:00, 280.50it/s]
Epoch 30/150:  88%|████████▊ | 263/300 [00:01<00:00, 282.16it/s]
Epoch 30/150:  97%|█████████▋| 292/300 [00:01<00:00, 283.82it/s]
Epoch 30/150: 100%|██████████| 300/300 [00:01<00:00, 252.31it/s]

Epoch 31/150:   0%|          | 0/300 [00:00<?, ?it/s]
Epoch 31/150:   2%|▏         | 5/300 [00:00<00:05, 49.65it/s]
Epoch 31/150:  12%|█▏        | 37/300 [00:00<00:01, 207.71it/s]
Epoch 31/150:  23%|██▎       | 70/300 [00:00<00:00, 260.86it/s]
Epoch 31/150:  34%|███▎      | 101/300 [00:00<00:00, 278.30it/s]
Epoch 31/150:  44%|████▎     | 131/300 [00:00<00:00, 283.84it/s]
Epoch 31/150:  54%|█████▍    | 162/300 [00:00<00:00, 289.36it/s]
Epoch 31/150:  64%|██████▍   | 192/300 [00:00<00:00, 292.50it/s]
Epoch 31/150:  74%|███████▍  | 222/300 [00:00<00:00, 293.82it/s]
Epoch 31/150:  84%|████████▍ | 252/300 [00:00<00:00, 292.48it/s]
Epoch 31/150:  94%|█████████▍| 282/300 [00:01<00:00, 291.66it/s]
Epoch 31/150: 100%|██████████| 300/300 [00:01<00:00, 268.15it/s]

Epoch 32/150:   0%|          | 0/300 [00:00<?, ?it/s]
Epoch 32/150:   1%|▏         | 4/300 [00:00<00:07, 39.08it/s]
Epoch 32/150:  11%|█▏        | 34/300 [00:00<00:01, 187.64it/s]
Epoch 32/150:  21%|██        | 63/300 [00:00<00:01, 232.91it/s]
Epoch 32/150:  31%|███       | 92/300 [00:00<00:00, 252.92it/s]
Epoch 32/150:  40%|████      | 120/300 [00:00<00:00, 259.49it/s]
Epoch 32/150:  49%|████▊     | 146/300 [00:00<00:00, 256.89it/s]
Epoch 32/150:  59%|█████▉    | 178/300 [00:00<00:00, 274.46it/s]
Epoch 32/150:  70%|███████   | 211/300 [00:00<00:00, 289.13it/s]
Epoch 32/150:  81%|████████▏ | 244/300 [00:00<00:00, 299.08it/s]
Epoch 32/150:  92%|█████████▏| 277/300 [00:01<00:00, 307.99it/s]
Epoch 32/150: 100%|██████████| 300/300 [00:01<00:00, 259.38it/s]

Epoch 33/150:   0%|          | 0/300 [00:00<?, ?it/s]
Epoch 33/150:   1%|▏         | 4/300 [00:00<00:07, 37.69it/s]
Epoch 33/150:  12%|█▏        | 37/300 [00:00<00:01, 203.93it/s]
Epoch 33/150:  23%|██▎       | 70/300 [00:00<00:00, 258.74it/s]
Epoch 33/150:  34%|███▍      | 103/300 [00:00<00:00, 282.75it/s]
Epoch 33/150:  44%|████▍     | 133/300 [00:00<00:00, 286.06it/s]
Epoch 33/150:  54%|█████▍    | 163/300 [00:00<00:00, 288.61it/s]
Epoch 33/150:  64%|██████▍   | 192/300 [00:00<00:00, 287.10it/s]
Epoch 33/150:  74%|███████▎  | 221/300 [00:00<00:00, 287.92it/s]
Epoch 33/150:  83%|████████▎ | 250/300 [00:00<00:00, 287.07it/s]
Epoch 33/150:  93%|█████████▎| 279/300 [00:01<00:00, 284.80it/s]
Epoch 33/150: 100%|██████████| 300/300 [00:01<00:00, 263.47it/s]

Epoch 34/150:   0%|          | 0/300 [00:00<?, ?it/s]
Epoch 34/150:   1%|          | 3/300 [00:00<00:09, 29.95it/s]
Epoch 34/150:  10%|█         | 31/300 [00:00<00:01, 176.48it/s]
Epoch 34/150:  19%|█▉        | 58/300 [00:00<00:01, 218.86it/s]
Epoch 34/150:  28%|██▊       | 85/300 [00:00<00:00, 237.30it/s]
Epoch 34/150:  38%|███▊      | 113/300 [00:00<00:00, 248.66it/s]
Epoch 34/150:  47%|████▋     | 141/300 [00:00<00:00, 256.68it/s]
Epoch 34/150:  56%|█████▋    | 169/300 [00:00<00:00, 261.44it/s]
Epoch 34/150:  66%|██████▌   | 198/300 [00:00<00:00, 269.11it/s]
Epoch 34/150:  76%|███████▌  | 227/300 [00:00<00:00, 273.12it/s]
Epoch 34/150:  85%|████████▌ | 256/300 [00:01<00:00, 277.43it/s]
Epoch 34/150:  95%|█████████▌| 285/300 [00:01<00:00, 281.06it/s]
Epoch 34/150: 100%|██████████| 300/300 [00:01<00:00, 247.31it/s]

Epoch 35/150:   0%|          | 0/300 [00:00<?, ?it/s]
Epoch 35/150:   2%|▏         | 5/300 [00:00<00:06, 49.08it/s]
Epoch 35/150:  12%|█▏        | 35/300 [00:00<00:01, 193.11it/s]
Epoch 35/150:  21%|██▏       | 64/300 [00:00<00:01, 235.76it/s]
Epoch 35/150:  32%|███▏      | 96/300 [00:00<00:00, 265.80it/s]
Epoch 35/150:  43%|████▎     | 128/300 [00:00<00:00, 282.22it/s]
Epoch 35/150:  53%|█████▎    | 160/300 [00:00<00:00, 292.42it/s]
Epoch 35/150:  64%|██████▍   | 192/300 [00:00<00:00, 298.44it/s]
Epoch 35/150:  75%|███████▍  | 224/300 [00:00<00:00, 302.66it/s]
Epoch 35/150:  85%|████████▌ | 256/300 [00:00<00:00, 305.29it/s]
Epoch 35/150:  96%|█████████▌| 288/300 [00:01<00:00, 307.11it/s]
Epoch 35/150: 100%|██████████| 300/300 [00:01<00:00, 272.09it/s]

Epoch 36/150:   0%|          | 0/300 [00:00<?, ?it/s]
Epoch 36/150:   0%|          | 1/300 [00:00<00:30,  9.66it/s]
Epoch 36/150:  11%|█▏        | 34/300 [00:00<00:01, 193.25it/s]
Epoch 36/150:  22%|██▏       | 67/300 [00:00<00:00, 252.85it/s]
Epoch 36/150:  33%|███▎      | 100/300 [00:00<00:00, 280.91it/s]
Epoch 36/150:  44%|████▍     | 133/300 [00:00<00:00, 296.37it/s]
Epoch 36/150:  55%|█████▌    | 166/300 [00:00<00:00, 306.79it/s]
Epoch 36/150:  66%|██████▋   | 199/300 [00:00<00:00, 312.65it/s]
Epoch 36/150:  77%|███████▋  | 232/300 [00:00<00:00, 316.45it/s]
Epoch 36/150:  88%|████████▊ | 264/300 [00:00<00:00, 314.39it/s]
Epoch 36/150:  99%|█████████▉| 297/300 [00:01<00:00, 316.82it/s]
Epoch 36/150: 100%|██████████| 300/300 [00:01<00:00, 281.58it/s]

Epoch 37/150:   0%|          | 0/300 [00:00<?, ?it/s]
Epoch 37/150:   2%|▏         | 5/300 [00:00<00:05, 49.60it/s]
Epoch 37/150:  12%|█▏        | 36/300 [00:00<00:01, 198.18it/s]
Epoch 37/150:  22%|██▏       | 65/300 [00:00<00:00, 238.06it/s]
Epoch 37/150:  31%|███▏      | 94/300 [00:00<00:00, 255.31it/s]
Epoch 37/150:  41%|████      | 123/300 [00:00<00:00, 265.48it/s]
Epoch 37/150:  51%|█████     | 152/300 [00:00<00:00, 272.51it/s]
Epoch 37/150:  60%|██████    | 181/300 [00:00<00:00, 277.60it/s]
Epoch 37/150:  70%|███████   | 210/300 [00:00<00:00, 281.09it/s]
Epoch 37/150:  80%|███████▉  | 239/300 [00:00<00:00, 282.38it/s]
Epoch 37/150:  89%|████████▉ | 268/300 [00:01<00:00, 284.59it/s]
Epoch 37/150:  99%|█████████▉| 297/300 [00:01<00:00, 207.77it/s]
Epoch 37/150: 100%|██████████| 300/300 [00:01<00:00, 231.34it/s]

Epoch 38/150:   0%|          | 0/300 [00:00<?, ?it/s]
Epoch 38/150:   2%|▏         | 5/300 [00:00<00:06, 48.83it/s]
Epoch 38/150:  11%|█▏        | 34/300 [00:00<00:01, 187.87it/s]
Epoch 38/150:  21%|██▏       | 64/300 [00:00<00:01, 235.84it/s]
Epoch 38/150:  31%|███       | 93/300 [00:00<00:00, 253.89it/s]
Epoch 38/150:  41%|████      | 123/300 [00:00<00:00, 267.89it/s]
Epoch 38/150:  51%|█████     | 152/300 [00:00<00:00, 275.05it/s]
Epoch 38/150:  60%|██████    | 181/300 [00:00<00:00, 278.23it/s]
Epoch 38/150:  70%|███████   | 210/300 [00:00<00:00, 281.42it/s]
Epoch 38/150:  80%|███████▉  | 239/300 [00:00<00:00, 282.19it/s]
Epoch 38/150:  89%|████████▉ | 268/300 [00:01<00:00, 283.12it/s]
Epoch 38/150:  99%|█████████▉| 297/300 [00:01<00:00, 284.23it/s]
Epoch 38/150: 100%|██████████| 300/300 [00:01<00:00, 255.76it/s]

Epoch 39/150:   0%|          | 0/300 [00:00<?, ?it/s]
Epoch 39/150:   1%|▏         | 4/300 [00:00<00:08, 36.97it/s]
Epoch 39/150:  11%|█         | 33/300 [00:00<00:01, 180.41it/s]
Epoch 39/150:  21%|██        | 62/300 [00:00<00:01, 227.39it/s]
Epoch 39/150:  30%|███       | 91/300 [00:00<00:00, 249.60it/s]
Epoch 39/150:  40%|████      | 120/300 [00:00<00:00, 262.77it/s]
Epoch 39/150:  50%|████▉     | 149/300 [00:00<00:00, 269.64it/s]
Epoch 39/150:  59%|█████▉    | 178/300 [00:00<00:00, 274.52it/s]
Epoch 39/150:  69%|██████▉   | 207/300 [00:00<00:00, 277.93it/s]
Epoch 39/150:  79%|███████▊  | 236/300 [00:00<00:00, 280.14it/s]
Epoch 39/150:  88%|████████▊ | 265/300 [00:01<00:00, 281.50it/s]
Epoch 39/150:  98%|█████████▊| 295/300 [00:01<00:00, 284.99it/s]
Epoch 39/150: 100%|██████████| 300/300 [00:01<00:00, 252.79it/s]

Epoch 40/150:   0%|          | 0/300 [00:00<?, ?it/s]
Epoch 40/150:   1%|▏         | 4/300 [00:00<00:07, 39.94it/s]
Epoch 40/150:  11%|█         | 33/300 [00:00<00:01, 185.98it/s]
Epoch 40/150:  21%|██        | 63/300 [00:00<00:01, 235.84it/s]
Epoch 40/150:  31%|███       | 92/300 [00:00<00:00, 255.67it/s]
Epoch 40/150:  40%|████      | 121/300 [00:00<00:00, 265.12it/s]
Epoch 40/150:  50%|█████     | 150/300 [00:00<00:00, 271.64it/s]
Epoch 40/150:  60%|█████▉    | 179/300 [00:00<00:00, 276.02it/s]
Epoch 40/150:  69%|██████▉   | 208/300 [00:00<00:00, 278.74it/s]
Epoch 40/150:  79%|███████▊  | 236/300 [00:00<00:00, 277.88it/s]
Epoch 40/150:  88%|████████▊ | 265/300 [00:01<00:00, 279.90it/s]
Epoch 40/150:  98%|█████████▊| 295/300 [00:01<00:00, 283.43it/s]
Epoch 40/150: 100%|██████████| 300/300 [00:01<00:00, 256.97it/s]

Epoch 41/150:   0%|          | 0/300 [00:00<?, ?it/s]
Epoch 41/150:   1%|▏         | 4/300 [00:00<00:07, 39.19it/s]
Epoch 41/150:  12%|█▏        | 37/300 [00:00<00:01, 206.32it/s]
Epoch 41/150:  23%|██▎       | 70/300 [00:00<00:00, 259.91it/s]
Epoch 41/150:  34%|███▍      | 103/300 [00:00<00:00, 283.87it/s]
Epoch 41/150:  45%|████▌     | 135/300 [00:00<00:00, 296.57it/s]
Epoch 41/150:  56%|█████▌    | 167/300 [00:00<00:00, 301.82it/s]
Epoch 41/150:  66%|██████▋   | 199/300 [00:00<00:00, 305.93it/s]
Epoch 41/150:  77%|███████▋  | 231/300 [00:00<00:00, 307.69it/s]
Epoch 41/150:  87%|████████▋ | 262/300 [00:00<00:00, 299.59it/s]
Epoch 41/150:  97%|█████████▋| 292/300 [00:01<00:00, 297.60it/s]
Epoch 41/150: 100%|██████████| 300/300 [00:01<00:00, 275.51it/s]

Epoch 42/150:   0%|          | 0/300 [00:00<?, ?it/s]
Epoch 42/150:   1%|▏         | 4/300 [00:00<00:07, 39.29it/s]
Epoch 42/150:  12%|█▏        | 36/300 [00:00<00:01, 199.02it/s]
Epoch 42/150:  22%|██▏       | 67/300 [00:00<00:00, 248.11it/s]
Epoch 42/150:  33%|███▎      | 99/300 [00:00<00:00, 273.26it/s]
Epoch 42/150:  42%|████▏     | 127/300 [00:00<00:00, 269.67it/s]
Epoch 42/150:  51%|█████▏    | 154/300 [00:00<00:00, 264.10it/s]
Epoch 42/150:  60%|██████    | 181/300 [00:00<00:00, 261.19it/s]
Epoch 42/150:  69%|██████▉   | 208/300 [00:00<00:00, 260.90it/s]
Epoch 42/150:  78%|███████▊  | 235/300 [00:00<00:00, 262.64it/s]
Epoch 42/150:  87%|████████▋ | 262/300 [00:01<00:00, 262.55it/s]
Epoch 42/150:  96%|█████████▋| 289/300 [00:01<00:00, 262.56it/s]
Epoch 42/150: 100%|██████████| 300/300 [00:01<00:00, 246.59it/s]

Epoch 43/150:   0%|          | 0/300 [00:00<?, ?it/s]
Epoch 43/150:   2%|▏         | 5/300 [00:00<00:06, 48.49it/s]
Epoch 43/150:  11%|█▏        | 34/300 [00:00<00:01, 186.84it/s]
Epoch 43/150:  21%|██        | 63/300 [00:00<00:01, 233.12it/s]
Epoch 43/150:  31%|███       | 92/300 [00:00<00:00, 253.48it/s]
Epoch 43/150:  40%|████      | 120/300 [00:00<00:00, 261.53it/s]
Epoch 43/150:  50%|█████     | 150/300 [00:00<00:00, 272.44it/s]
Epoch 43/150:  60%|█████▉    | 179/300 [00:00<00:00, 276.61it/s]
Epoch 43/150:  69%|██████▉   | 208/300 [00:00<00:00, 278.29it/s]
Epoch 43/150:  79%|███████▊  | 236/300 [00:00<00:00, 273.81it/s]
Epoch 43/150:  88%|████████▊ | 265/300 [00:01<00:00, 275.99it/s]
Epoch 43/150:  98%|█████████▊| 293/300 [00:01<00:00, 274.62it/s]
Epoch 43/150: 100%|██████████| 300/300 [00:01<00:00, 252.57it/s]

Epoch 44/150:   0%|          | 0/300 [00:00<?, ?it/s]
Epoch 44/150:   1%|          | 3/300 [00:00<00:10, 28.13it/s]
Epoch 44/150:  12%|█▏        | 35/300 [00:00<00:01, 194.67it/s]
Epoch 44/150:  22%|██▏       | 67/300 [00:00<00:00, 250.45it/s]
Epoch 44/150:  33%|███▎      | 100/300 [00:00<00:00, 278.93it/s]
Epoch 44/150:  44%|████▍     | 133/300 [00:00<00:00, 295.28it/s]
Epoch 44/150:  55%|█████▌    | 166/300 [00:00<00:00, 305.49it/s]
Epoch 44/150:  66%|██████▋   | 199/300 [00:00<00:00, 313.23it/s]
Epoch 44/150:  77%|███████▋  | 232/300 [00:00<00:00, 316.78it/s]
Epoch 44/150:  88%|████████▊ | 264/300 [00:00<00:00, 316.49it/s]
Epoch 44/150:  99%|█████████▊| 296/300 [00:01<00:00, 317.46it/s]
Epoch 44/150: 100%|██████████| 300/300 [00:01<00:00, 282.66it/s]

Epoch 45/150:   0%|          | 0/300 [00:00<?, ?it/s]
Epoch 45/150:   2%|▏         | 6/300 [00:00<00:05, 58.71it/s]
Epoch 45/150:  13%|█▎        | 39/300 [00:00<00:01, 216.18it/s]
Epoch 45/150:  24%|██▍       | 72/300 [00:00<00:00, 265.12it/s]
Epoch 45/150:  35%|███▌      | 105/300 [00:00<00:00, 289.61it/s]
Epoch 45/150:  46%|████▌     | 138/300 [00:00<00:00, 303.48it/s]
Epoch 45/150:  57%|█████▋    | 171/300 [00:00<00:00, 310.97it/s]
Epoch 45/150:  68%|██████▊   | 204/300 [00:00<00:00, 314.78it/s]
Epoch 45/150:  79%|███████▉  | 237/300 [00:00<00:00, 318.45it/s]
Epoch 45/150:  90%|█████████ | 270/300 [00:00<00:00, 321.29it/s]
Epoch 45/150: 100%|██████████| 300/300 [00:01<00:00, 282.38it/s]

Epoch 46/150:   0%|          | 0/300 [00:00<?, ?it/s]
Epoch 46/150:   1%|          | 3/300 [00:00<00:10, 29.48it/s]
Epoch 46/150:  11%|█▏        | 34/300 [00:00<00:01, 192.39it/s]
Epoch 46/150:  21%|██        | 62/300 [00:00<00:01, 231.92it/s]
Epoch 46/150:  30%|███       | 90/300 [00:00<00:00, 248.99it/s]
Epoch 46/150:  40%|████      | 120/300 [00:00<00:00, 265.86it/s]
Epoch 46/150:  50%|█████     | 150/300 [00:00<00:00, 277.00it/s]
Epoch 46/150:  60%|██████    | 180/300 [00:00<00:00, 282.90it/s]
Epoch 46/150:  70%|██████▉   | 209/300 [00:00<00:00, 283.40it/s]
Epoch 46/150:  80%|███████▉  | 239/300 [00:00<00:00, 285.81it/s]
Epoch 46/150:  90%|████████▉ | 269/300 [00:01<00:00, 287.52it/s]
Epoch 46/150:  99%|█████████▉| 298/300 [00:01<00:00, 286.24it/s]
Epoch 46/150: 100%|██████████| 300/300 [00:01<00:00, 256.84it/s]

Epoch 47/150:   0%|          | 0/300 [00:00<?, ?it/s]
Epoch 47/150:   1%|          | 3/300 [00:00<00:09, 29.94it/s]
Epoch 47/150:  11%|█         | 32/300 [00:00<00:01, 182.17it/s]
Epoch 47/150:  21%|██        | 62/300 [00:00<00:01, 232.71it/s]
Epoch 47/150:  30%|███       | 91/300 [00:00<00:00, 253.23it/s]
Epoch 47/150:  40%|████      | 121/300 [00:00<00:00, 266.92it/s]
Epoch 47/150:  50%|█████     | 150/300 [00:00<00:00, 274.09it/s]
Epoch 47/150:  59%|█████▉    | 178/300 [00:00<00:00, 270.06it/s]
Epoch 47/150:  69%|██████▊   | 206/300 [00:00<00:00, 264.61it/s]
Epoch 47/150:  78%|███████▊  | 233/300 [00:00<00:00, 263.13it/s]
Epoch 47/150:  87%|████████▋ | 262/300 [00:01<00:00, 270.42it/s]
Epoch 47/150:  97%|█████████▋| 291/300 [00:01<00:00, 275.48it/s]
Epoch 47/150: 100%|██████████| 300/300 [00:01<00:00, 247.85it/s]

Epoch 48/150:   0%|          | 0/300 [00:00<?, ?it/s]
Epoch 48/150:   2%|▏         | 6/300 [00:00<00:04, 59.50it/s]
Epoch 48/150:  13%|█▎        | 39/300 [00:00<00:01, 214.33it/s]
Epoch 48/150:  24%|██▍       | 72/300 [00:00<00:00, 265.23it/s]
Epoch 48/150:  35%|███▌      | 105/300 [00:00<00:00, 288.26it/s]
Epoch 48/150:  46%|████▌     | 138/300 [00:00<00:00, 302.36it/s]
Epoch 48/150:  57%|█████▋    | 171/300 [00:00<00:00, 310.44it/s]
Epoch 48/150:  68%|██████▊   | 204/300 [00:00<00:00, 316.03it/s]
Epoch 48/150:  79%|███████▉  | 237/300 [00:00<00:00, 318.68it/s]
Epoch 48/150:  90%|█████████ | 270/300 [00:00<00:00, 321.24it/s]
Epoch 48/150: 100%|██████████| 300/300 [00:01<00:00, 288.81it/s]

Epoch 49/150:   0%|          | 0/300 [00:00<?, ?it/s]
Epoch 49/150:   1%|          | 3/300 [00:00<00:10, 29.42it/s]
Epoch 49/150:  11%|█▏        | 34/300 [00:00<00:01, 189.92it/s]
Epoch 49/150:  22%|██▏       | 67/300 [00:00<00:00, 252.51it/s]
Epoch 49/150:  33%|███▎      | 100/300 [00:00<00:00, 280.69it/s]
Epoch 49/150:  43%|████▎     | 129/300 [00:00<00:00, 282.92it/s]
Epoch 49/150:  53%|█████▎    | 158/300 [00:00<00:00, 284.64it/s]
Epoch 49/150:  62%|██████▏   | 187/300 [00:00<00:00, 284.72it/s]
Epoch 49/150:  72%|███████▏  | 216/300 [00:00<00:00, 277.07it/s]
Epoch 49/150:  81%|████████▏ | 244/300 [00:00<00:00, 274.45it/s]
Epoch 49/150:  91%|█████████ | 272/300 [00:01<00:00, 272.20it/s]
Epoch 49/150: 100%|██████████| 300/300 [00:01<00:00, 269.08it/s]
Epoch 49/150: 100%|██████████| 300/300 [00:01<00:00, 253.12it/s]

Epoch 50/150:   0%|          | 0/300 [00:00<?, ?it/s]
Epoch 50/150:   2%|▏         | 6/300 [00:00<00:05, 58.67it/s]
Epoch 50/150:  13%|█▎        | 39/300 [00:00<00:01, 215.35it/s]
Epoch 50/150:  24%|██▍       | 72/300 [00:00<00:00, 265.04it/s]
Epoch 50/150:  35%|███▌      | 105/300 [00:00<00:00, 288.64it/s]
Epoch 50/150:  46%|████▋     | 139/300 [00:00<00:00, 303.81it/s]
Epoch 50/150:  57%|█████▋    | 171/300 [00:00<00:00, 306.24it/s]
Epoch 50/150:  67%|██████▋   | 202/300 [00:00<00:00, 292.24it/s]
Epoch 50/150:  77%|███████▋  | 232/300 [00:00<00:00, 280.29it/s]
Epoch 50/150:  87%|████████▋ | 261/300 [00:00<00:00, 271.48it/s]
Epoch 50/150:  96%|█████████▋| 289/300 [00:01<00:00, 264.07it/s]
Epoch 50/150: 100%|██████████| 300/300 [00:01<00:00, 256.15it/s]

Epoch 51/150:   0%|          | 0/300 [00:00<?, ?it/s]
Epoch 51/150:   2%|▏         | 5/300 [00:00<00:06, 48.47it/s]
Epoch 51/150:  11%|█▏        | 34/300 [00:00<00:01, 185.56it/s]
Epoch 51/150:  21%|██        | 63/300 [00:00<00:01, 231.72it/s]
Epoch 51/150:  31%|███       | 92/300 [00:00<00:00, 253.81it/s]
Epoch 51/150:  40%|████      | 121/300 [00:00<00:00, 265.33it/s]
Epoch 51/150:  50%|█████     | 150/300 [00:00<00:00, 273.38it/s]
Epoch 51/150:  60%|██████    | 180/300 [00:00<00:00, 279.77it/s]
Epoch 51/150:  70%|██████▉   | 209/300 [00:00<00:00, 281.59it/s]
Epoch 51/150:  79%|███████▉  | 238/300 [00:00<00:00, 282.13it/s]
Epoch 51/150:  89%|████████▉ | 267/300 [00:01<00:00, 283.22it/s]
Epoch 51/150:  99%|█████████▉| 297/300 [00:01<00:00, 285.75it/s]
Epoch 51/150: 100%|██████████| 300/300 [00:01<00:00, 257.32it/s]

Epoch 52/150:   0%|          | 0/300 [00:00<?, ?it/s]
Epoch 52/150:   1%|▏         | 4/300 [00:00<00:07, 38.98it/s]
Epoch 52/150:  12%|█▏        | 37/300 [00:00<00:01, 208.33it/s]
Epoch 52/150:  24%|██▎       | 71/300 [00:00<00:00, 264.25it/s]
Epoch 52/150:  33%|███▎      | 100/300 [00:00<00:00, 273.48it/s]
Epoch 52/150:  43%|████▎     | 129/300 [00:00<00:00, 279.37it/s]
Epoch 52/150:  53%|█████▎    | 159/300 [00:00<00:00, 284.88it/s]
Epoch 52/150:  63%|██████▎   | 189/300 [00:00<00:00, 289.53it/s]
Epoch 52/150:  73%|███████▎  | 218/300 [00:00<00:00, 289.67it/s]
Epoch 52/150:  83%|████████▎ | 248/300 [00:00<00:00, 291.72it/s]
Epoch 52/150:  93%|█████████▎| 278/300 [00:01<00:00, 293.55it/s]
Epoch 52/150: 100%|██████████| 300/300 [00:01<00:00, 267.26it/s]

Epoch 53/150:   0%|          | 0/300 [00:00<?, ?it/s]
Epoch 53/150:   1%|▏         | 4/300 [00:00<00:07, 39.13it/s]
Epoch 53/150:  12%|█▏        | 36/300 [00:00<00:01, 201.88it/s]
Epoch 53/150:  22%|██▏       | 66/300 [00:00<00:00, 242.19it/s]
Epoch 53/150:  32%|███▏      | 95/300 [00:00<00:00, 260.51it/s]
Epoch 53/150:  42%|████▏     | 125/300 [00:00<00:00, 271.99it/s]
Epoch 53/150:  51%|█████▏    | 154/300 [00:00<00:00, 276.74it/s]
Epoch 53/150:  61%|██████    | 183/300 [00:00<00:00, 278.25it/s]
Epoch 53/150:  70%|███████   | 211/300 [00:00<00:00, 276.91it/s]
Epoch 53/150:  80%|████████  | 240/300 [00:00<00:00, 280.50it/s]
Epoch 53/150:  90%|████████▉ | 269/300 [00:01<00:00, 280.91it/s]
Epoch 53/150:  99%|█████████▉| 298/300 [00:01<00:00, 282.02it/s]
Epoch 53/150: 100%|██████████| 300/300 [00:01<00:00, 257.55it/s]

Epoch 54/150:   0%|          | 0/300 [00:00<?, ?it/s]
Epoch 54/150:   1%|          | 3/300 [00:00<00:09, 29.82it/s]
Epoch 54/150:  10%|█         | 30/300 [00:00<00:01, 169.19it/s]
Epoch 54/150:  20%|█▉        | 59/300 [00:00<00:01, 222.80it/s]
Epoch 54/150:  30%|██▉       | 89/300 [00:00<00:00, 251.36it/s]
Epoch 54/150:  40%|███▉      | 119/300 [00:00<00:00, 268.45it/s]
Epoch 54/150:  50%|████▉     | 149/300 [00:00<00:00, 277.51it/s]
Epoch 54/150:  60%|█████▉    | 179/300 [00:00<00:00, 283.32it/s]
Epoch 54/150:  71%|███████   | 212/300 [00:00<00:00, 296.96it/s]
Epoch 54/150:  82%|████████▏ | 245/300 [00:00<00:00, 306.47it/s]
Epoch 54/150:  93%|█████████▎| 278/300 [00:01<00:00, 312.84it/s]
Epoch 54/150: 100%|██████████| 300/300 [00:01<00:00, 270.75it/s]

Epoch 55/150:   0%|          | 0/300 [00:00<?, ?it/s]
Epoch 55/150:   1%|▏         | 4/300 [00:00<00:07, 39.06it/s]
Epoch 55/150:  12%|█▏        | 37/300 [00:00<00:01, 207.82it/s]
Epoch 55/150:  23%|██▎       | 70/300 [00:00<00:00, 261.29it/s]
Epoch 55/150:  34%|███▍      | 103/300 [00:00<00:00, 286.83it/s]
Epoch 55/150:  45%|████▌     | 136/300 [00:00<00:00, 299.97it/s]
Epoch 55/150:  56%|█████▌    | 167/300 [00:00<00:00, 295.76it/s]
Epoch 55/150:  66%|██████▌   | 197/300 [00:00<00:00, 294.13it/s]
Epoch 55/150:  76%|███████▌  | 227/300 [00:00<00:00, 291.26it/s]
Epoch 55/150:  86%|████████▌ | 257/300 [00:00<00:00, 286.32it/s]
Epoch 55/150:  95%|█████████▌| 286/300 [00:01<00:00, 286.15it/s]
Epoch 55/150: 100%|██████████| 300/300 [00:01<00:00, 268.59it/s]

Epoch 56/150:   0%|          | 0/300 [00:00<?, ?it/s]
Epoch 56/150:   1%|▏         | 4/300 [00:00<00:07, 39.41it/s]
Epoch 56/150:  11%|█         | 33/300 [00:00<00:01, 184.12it/s]
Epoch 56/150:  21%|██        | 62/300 [00:00<00:01, 230.90it/s]
Epoch 56/150:  30%|███       | 91/300 [00:00<00:00, 253.39it/s]
Epoch 56/150:  40%|████      | 120/300 [00:00<00:00, 266.21it/s]
Epoch 56/150:  50%|████▉     | 149/300 [00:00<00:00, 273.56it/s]
Epoch 56/150:  60%|█████▉    | 179/300 [00:00<00:00, 279.16it/s]
Epoch 56/150:  69%|██████▉   | 208/300 [00:00<00:00, 281.11it/s]
Epoch 56/150:  79%|███████▉  | 238/300 [00:00<00:00, 284.80it/s]
Epoch 56/150:  89%|████████▉ | 267/300 [00:01<00:00, 284.73it/s]
Epoch 56/150:  99%|█████████▊| 296/300 [00:01<00:00, 284.79it/s]
Epoch 56/150: 100%|██████████| 300/300 [00:01<00:00, 255.36it/s]

Epoch 57/150:   0%|          | 0/300 [00:00<?, ?it/s]
Epoch 57/150:   1%|▏         | 4/300 [00:00<00:07, 38.92it/s]
Epoch 57/150:  11%|█▏        | 34/300 [00:00<00:01, 188.93it/s]
Epoch 57/150:  21%|██        | 63/300 [00:00<00:01, 232.10it/s]
Epoch 57/150:  31%|███▏      | 94/300 [00:00<00:00, 261.06it/s]
Epoch 57/150:  42%|████▏     | 127/300 [00:00<00:00, 284.52it/s]
Epoch 57/150:  53%|█████▎    | 160/300 [00:00<00:00, 297.80it/s]
Epoch 57/150:  64%|██████▍   | 193/300 [00:00<00:00, 305.67it/s]
Epoch 57/150:  75%|███████▌  | 226/300 [00:00<00:00, 312.22it/s]
Epoch 57/150:  86%|████████▋ | 259/300 [00:00<00:00, 315.46it/s]
Epoch 57/150:  97%|█████████▋| 292/300 [00:01<00:00, 317.30it/s]
Epoch 57/150: 100%|██████████| 300/300 [00:01<00:00, 275.63it/s]

Epoch 58/150:   0%|          | 0/300 [00:00<?, ?it/s]
Epoch 58/150:   2%|▏         | 5/300 [00:00<00:06, 48.83it/s]
Epoch 58/150:  12%|█▏        | 35/300 [00:00<00:01, 192.89it/s]
Epoch 58/150:  22%|██▏       | 66/300 [00:00<00:00, 242.77it/s]
Epoch 58/150:  32%|███▏      | 95/300 [00:00<00:00, 260.67it/s]
Epoch 58/150:  42%|████▏     | 125/300 [00:00<00:00, 271.47it/s]
Epoch 58/150:  52%|█████▏    | 155/300 [00:00<00:00, 279.60it/s]
Epoch 58/150:  62%|██████▏   | 185/300 [00:00<00:00, 285.28it/s]
Epoch 58/150:  72%|███████▏  | 215/300 [00:00<00:00, 288.05it/s]
Epoch 58/150:  81%|████████▏ | 244/300 [00:00<00:00, 288.25it/s]
Epoch 58/150:  91%|█████████ | 273/300 [00:01<00:00, 282.81it/s]
Epoch 58/150: 100%|██████████| 300/300 [00:01<00:00, 254.43it/s]

Epoch 59/150:   0%|          | 0/300 [00:00<?, ?it/s]
Epoch 59/150:   1%|          | 3/300 [00:00<00:10, 29.14it/s]
Epoch 59/150:  11%|█         | 33/300 [00:00<00:01, 184.34it/s]
Epoch 59/150:  21%|██        | 62/300 [00:00<00:01, 230.07it/s]
Epoch 59/150:  30%|███       | 91/300 [00:00<00:00, 251.59it/s]
Epoch 59/150:  40%|████      | 120/300 [00:00<00:00, 262.95it/s]
Epoch 59/150:  50%|█████     | 150/300 [00:00<00:00, 272.39it/s]
Epoch 59/150:  60%|█████▉    | 179/300 [00:00<00:00, 277.41it/s]
Epoch 59/150:  69%|██████▉   | 208/300 [00:00<00:00, 278.68it/s]
Epoch 59/150:  79%|███████▉  | 237/300 [00:00<00:00, 281.45it/s]
Epoch 59/150:  89%|████████▊ | 266/300 [00:01<00:00, 281.19it/s]
Epoch 59/150:  98%|█████████▊| 295/300 [00:01<00:00, 281.75it/s]
Epoch 59/150: 100%|██████████| 300/300 [00:01<00:00, 253.27it/s]

Epoch 60/150:   0%|          | 0/300 [00:00<?, ?it/s]
Epoch 60/150:   1%|▏         | 4/300 [00:00<00:07, 38.86it/s]
Epoch 60/150:  12%|█▏        | 36/300 [00:00<00:01, 201.38it/s]
Epoch 60/150:  23%|██▎       | 68/300 [00:00<00:00, 253.79it/s]
Epoch 60/150:  31%|███▏      | 94/300 [00:00<00:00, 253.64it/s]
Epoch 60/150:  40%|████      | 120/300 [00:00<00:00, 252.18it/s]
Epoch 60/150:  49%|████▊     | 146/300 [00:00<00:00, 252.81it/s]
Epoch 60/150:  57%|█████▋    | 172/300 [00:00<00:00, 246.93it/s]
Epoch 60/150:  66%|██████▌   | 197/300 [00:00<00:00, 246.43it/s]
Epoch 60/150:  74%|███████▍  | 223/300 [00:00<00:00, 249.37it/s]
Epoch 60/150:  83%|████████▎ | 249/300 [00:01<00:00, 251.26it/s]
Epoch 60/150:  92%|█████████▏| 276/300 [00:01<00:00, 254.08it/s]
Epoch 60/150: 100%|██████████| 300/300 [00:01<00:00, 239.35it/s]

Epoch 61/150:   0%|          | 0/300 [00:00<?, ?it/s]
Epoch 61/150:   1%|▏         | 4/300 [00:00<00:07, 39.39it/s]
Epoch 61/150:  12%|█▏        | 37/300 [00:00<00:01, 207.04it/s]
Epoch 61/150:  23%|██▎       | 70/300 [00:00<00:00, 260.02it/s]
Epoch 61/150:  34%|███▍      | 102/300 [00:00<00:00, 282.90it/s]
Epoch 61/150:  45%|████▌     | 135/300 [00:00<00:00, 296.61it/s]
Epoch 61/150:  56%|█████▌    | 168/300 [00:00<00:00, 306.94it/s]
Epoch 61/150:  67%|██████▋   | 201/300 [00:00<00:00, 311.65it/s]
Epoch 61/150:  78%|███████▊  | 234/300 [00:00<00:00, 315.28it/s]
Epoch 61/150:  89%|████████▊ | 266/300 [00:00<00:00, 316.09it/s]
Epoch 61/150: 100%|█████████▉| 299/300 [00:01<00:00, 319.00it/s]
Epoch 61/150: 100%|██████████| 300/300 [00:01<00:00, 279.98it/s]

Epoch 62/150:   0%|          | 0/300 [00:00<?, ?it/s]
Epoch 62/150:   2%|▏         | 5/300 [00:00<00:05, 49.27it/s]
Epoch 62/150:  12%|█▏        | 37/300 [00:00<00:01, 206.47it/s]
Epoch 62/150:  23%|██▎       | 70/300 [00:00<00:00, 261.05it/s]
Epoch 62/150:  34%|███▍      | 102/300 [00:00<00:00, 283.39it/s]
Epoch 62/150:  44%|████▍     | 132/300 [00:00<00:00, 287.71it/s]
Epoch 62/150:  54%|█████▎    | 161/300 [00:00<00:00, 286.25it/s]
Epoch 62/150:  63%|██████▎   | 190/300 [00:00<00:00, 286.86it/s]
Epoch 62/150:  73%|███████▎  | 219/300 [00:00<00:00, 283.94it/s]
Epoch 62/150:  83%|████████▎ | 248/300 [00:00<00:00, 284.16it/s]
Epoch 62/150:  92%|█████████▏| 277/300 [00:01<00:00, 285.64it/s]
Epoch 62/150: 100%|██████████| 300/300 [00:01<00:00, 259.64it/s]

Epoch 63/150:   0%|          | 0/300 [00:00<?, ?it/s]
Epoch 63/150:   1%|          | 3/300 [00:00<00:10, 27.07it/s]
Epoch 63/150:  11%|█         | 33/300 [00:00<00:01, 180.10it/s]
Epoch 63/150:  21%|██        | 63/300 [00:00<00:01, 230.88it/s]
Epoch 63/150:  31%|███       | 92/300 [00:00<00:00, 253.54it/s]
Epoch 63/150:  40%|████      | 121/300 [00:00<00:00, 265.82it/s]
Epoch 63/150:  50%|█████     | 150/300 [00:00<00:00, 273.88it/s]
Epoch 63/150:  60%|█████▉    | 179/300 [00:00<00:00, 278.40it/s]
Epoch 63/150:  69%|██████▉   | 207/300 [00:00<00:00, 273.05it/s]
Epoch 63/150:  78%|███████▊  | 235/300 [00:00<00:00, 271.10it/s]
Epoch 63/150:  88%|████████▊ | 263/300 [00:01<00:00, 269.21it/s]
Epoch 63/150:  97%|█████████▋| 290/300 [00:01<00:00, 267.39it/s]
Epoch 63/150: 100%|██████████| 300/300 [00:01<00:00, 244.41it/s]

Epoch 64/150:   0%|          | 0/300 [00:00<?, ?it/s]
Epoch 64/150:   1%|          | 3/300 [00:00<00:09, 29.75it/s]
Epoch 64/150:  11%|█         | 32/300 [00:00<00:01, 181.02it/s]
Epoch 64/150:  20%|██        | 61/300 [00:00<00:01, 227.90it/s]
Epoch 64/150:  30%|███       | 90/300 [00:00<00:01, 171.76it/s]
Epoch 64/150:  39%|███▉      | 118/300 [00:00<00:00, 200.05it/s]
Epoch 64/150:  49%|████▉     | 147/300 [00:00<00:00, 225.10it/s]
Epoch 64/150:  58%|█████▊    | 174/300 [00:00<00:00, 235.56it/s]
Epoch 64/150:  67%|██████▋   | 201/300 [00:00<00:00, 242.88it/s]
Epoch 64/150:  76%|███████▌  | 227/300 [00:01<00:00, 246.75it/s]
Epoch 64/150:  84%|████████▍ | 253/300 [00:01<00:00, 250.28it/s]
Epoch 64/150:  93%|█████████▎| 279/300 [00:01<00:00, 250.41it/s]
Epoch 64/150: 100%|██████████| 300/300 [00:01<00:00, 220.80it/s]

Epoch 65/150:   0%|          | 0/300 [00:00<?, ?it/s]
Epoch 65/150:   2%|▏         | 5/300 [00:00<00:06, 48.94it/s]
Epoch 65/150:  11%|█▏        | 34/300 [00:00<00:01, 187.64it/s]
Epoch 65/150:  21%|██        | 63/300 [00:00<00:01, 233.22it/s]
Epoch 65/150:  31%|███       | 92/300 [00:00<00:00, 253.46it/s]
Epoch 65/150:  40%|███▉      | 119/300 [00:00<00:00, 259.05it/s]
Epoch 65/150:  49%|████▉     | 147/300 [00:00<00:00, 265.32it/s]
Epoch 65/150:  59%|█████▊    | 176/300 [00:00<00:00, 272.19it/s]
Epoch 65/150:  68%|██████▊   | 204/300 [00:00<00:00, 273.29it/s]
Epoch 65/150:  78%|███████▊  | 234/300 [00:00<00:00, 279.70it/s]
Epoch 65/150:  88%|████████▊ | 263/300 [00:01<00:00, 281.91it/s]
Epoch 65/150:  97%|█████████▋| 292/300 [00:01<00:00, 281.25it/s]
Epoch 65/150: 100%|██████████| 300/300 [00:01<00:00, 251.61it/s]

Epoch 66/150:   0%|          | 0/300 [00:00<?, ?it/s]
Epoch 66/150:   1%|          | 3/300 [00:00<00:10, 29.32it/s]
Epoch 66/150:  12%|█▏        | 35/300 [00:00<00:01, 196.40it/s]
Epoch 66/150:  22%|██▏       | 67/300 [00:00<00:00, 251.79it/s]
Epoch 66/150:  33%|███▎      | 99/300 [00:00<00:00, 277.33it/s]
Epoch 66/150:  44%|████▎     | 131/300 [00:00<00:00, 291.99it/s]
Epoch 66/150:  55%|█████▍    | 164/300 [00:00<00:00, 303.29it/s]
Epoch 66/150:  66%|██████▌   | 197/300 [00:00<00:00, 310.77it/s]
Epoch 66/150:  76%|███████▋  | 229/300 [00:00<00:00, 313.56it/s]
Epoch 66/150:  87%|████████▋ | 262/300 [00:00<00:00, 316.47it/s]
Epoch 66/150:  98%|█████████▊| 294/300 [00:01<00:00, 313.14it/s]
Epoch 66/150: 100%|██████████| 300/300 [00:01<00:00, 279.76it/s]

Epoch 67/150:   0%|          | 0/300 [00:00<?, ?it/s]
Epoch 67/150:   2%|▏         | 5/300 [00:00<00:06, 49.07it/s]
Epoch 67/150:  13%|█▎        | 38/300 [00:00<00:01, 212.02it/s]
Epoch 67/150:  24%|██▎       | 71/300 [00:00<00:00, 263.10it/s]
Epoch 67/150:  35%|███▍      | 104/300 [00:00<00:00, 287.71it/s]
Epoch 67/150:  46%|████▌     | 137/300 [00:00<00:00, 302.01it/s]
Epoch 67/150:  57%|█████▋    | 170/300 [00:00<00:00, 311.20it/s]
Epoch 67/150:  68%|██████▊   | 203/300 [00:00<00:00, 315.48it/s]
Epoch 67/150:  79%|███████▊  | 236/300 [00:00<00:00, 317.90it/s]
Epoch 67/150:  89%|████████▉ | 268/300 [00:00<00:00, 318.25it/s]
Epoch 67/150: 100%|██████████| 300/300 [00:01<00:00, 318.42it/s]
Epoch 67/150: 100%|██████████| 300/300 [00:01<00:00, 285.79it/s]

Epoch 68/150:   0%|          | 0/300 [00:00<?, ?it/s]
Epoch 68/150:   2%|▏         | 5/300 [00:00<00:05, 49.86it/s]
Epoch 68/150:  12%|█▏        | 37/300 [00:00<00:01, 207.79it/s]
Epoch 68/150:  23%|██▎       | 69/300 [00:00<00:00, 258.08it/s]
Epoch 68/150:  34%|███▎      | 101/300 [00:00<00:00, 279.19it/s]
Epoch 68/150:  44%|████▍     | 133/300 [00:00<00:00, 291.02it/s]
Epoch 68/150:  55%|█████▌    | 165/300 [00:00<00:00, 297.77it/s]
Epoch 68/150:  65%|██████▌   | 195/300 [00:00<00:00, 291.55it/s]
Epoch 68/150:  75%|███████▌  | 225/300 [00:00<00:00, 291.59it/s]
Epoch 68/150:  85%|████████▌ | 255/300 [00:00<00:00, 290.19it/s]
Epoch 68/150:  95%|█████████▌| 285/300 [00:01<00:00, 289.96it/s]
Epoch 68/150: 100%|██████████| 300/300 [00:01<00:00, 267.84it/s]

Epoch 69/150:   0%|          | 0/300 [00:00<?, ?it/s]
Epoch 69/150:   1%|          | 3/300 [00:00<00:09, 29.94it/s]
Epoch 69/150:  12%|█▏        | 35/300 [00:00<00:01, 197.21it/s]
Epoch 69/150:  22%|██▏       | 65/300 [00:00<00:00, 243.00it/s]
Epoch 69/150:  31%|███▏      | 94/300 [00:00<00:00, 260.83it/s]
Epoch 69/150:  40%|████      | 121/300 [00:00<00:00, 262.88it/s]
Epoch 69/150:  49%|████▉     | 148/300 [00:00<00:00, 262.67it/s]
Epoch 69/150:  58%|█████▊    | 175/300 [00:00<00:00, 263.22it/s]
Epoch 69/150:  67%|██████▋   | 202/300 [00:00<00:00, 261.25it/s]
Epoch 69/150:  76%|███████▋  | 229/300 [00:00<00:00, 259.85it/s]
Epoch 69/150:  85%|████████▌ | 255/300 [00:01<00:00, 256.12it/s]
Epoch 69/150:  94%|█████████▎| 281/300 [00:01<00:00, 255.60it/s]
Epoch 69/150: 100%|██████████| 300/300 [00:01<00:00, 241.35it/s]

Epoch 70/150:   0%|          | 0/300 [00:00<?, ?it/s]
Epoch 70/150:   2%|▏         | 5/300 [00:00<00:05, 49.30it/s]
Epoch 70/150:  11%|█▏        | 34/300 [00:00<00:01, 189.57it/s]
Epoch 70/150:  21%|██        | 63/300 [00:00<00:01, 232.54it/s]
Epoch 70/150:  31%|███       | 92/300 [00:00<00:00, 254.41it/s]
Epoch 70/150:  41%|████      | 122/300 [00:00<00:00, 267.47it/s]
Epoch 70/150:  51%|█████     | 152/300 [00:00<00:00, 275.87it/s]
Epoch 70/150:  61%|██████    | 182/300 [00:00<00:00, 281.17it/s]
Epoch 70/150:  71%|███████   | 212/300 [00:00<00:00, 286.19it/s]
Epoch 70/150:  81%|████████  | 242/300 [00:00<00:00, 287.88it/s]
Epoch 70/150:  91%|█████████ | 272/300 [00:01<00:00, 289.11it/s]
Epoch 70/150: 100%|██████████| 300/300 [00:01<00:00, 257.16it/s]

Epoch 71/150:   0%|          | 0/300 [00:00<?, ?it/s]
Epoch 71/150:   2%|▏         | 5/300 [00:00<00:06, 48.87it/s]
Epoch 71/150:  12%|█▏        | 35/300 [00:00<00:01, 193.38it/s]
Epoch 71/150:  22%|██▏       | 65/300 [00:00<00:00, 238.23it/s]
Epoch 71/150:  31%|███▏      | 94/300 [00:00<00:00, 257.13it/s]
Epoch 71/150:  41%|████▏     | 124/300 [00:00<00:00, 269.63it/s]
Epoch 71/150:  50%|█████     | 151/300 [00:00<00:00, 266.35it/s]
Epoch 71/150:  59%|█████▉    | 178/300 [00:00<00:00, 262.20it/s]
Epoch 71/150:  69%|██████▉   | 207/300 [00:00<00:00, 270.70it/s]
Epoch 71/150:  79%|███████▉  | 237/300 [00:00<00:00, 278.11it/s]
Epoch 71/150:  89%|████████▉ | 267/300 [00:01<00:00, 283.12it/s]
Epoch 71/150:  99%|█████████▉| 297/300 [00:01<00:00, 287.68it/s]
Epoch 71/150: 100%|██████████| 300/300 [00:01<00:00, 256.09it/s]
