
  0%|          | 0/4789 [00:00<?, ?it/s]
  2%|▏         | 84/4789 [00:00<00:05, 835.82it/s]
  4%|▎         | 168/4789 [00:00<00:05, 835.67it/s]
  5%|▌         | 252/4789 [00:00<00:05, 836.10it/s]
  7%|▋         | 336/4789 [00:00<00:05, 837.28it/s]
  9%|▉         | 420/4789 [00:00<00:05, 834.80it/s]
 11%|█         | 504/4789 [00:00<00:05, 829.03it/s]
 12%|█▏        | 587/4789 [00:00<00:05, 824.66it/s]
 14%|█▍        | 672/4789 [00:00<00:04, 830.20it/s]
 16%|█▌        | 756/4789 [00:00<00:04, 828.37it/s]
 18%|█▊        | 839/4789 [00:01<00:04, 824.94it/s]
 19%|█▉        | 923/4789 [00:01<00:04, 827.92it/s]
 21%|██        | 1007/4789 [00:01<00:04, 830.62it/s]
 23%|██▎       | 1091/4789 [00:01<00:04, 830.58it/s]
 25%|██▍       | 1175/4789 [00:01<00:04, 829.43it/s]
 26%|██▋       | 1259/4789 [00:01<00:04, 829.71it/s]
 28%|██▊       | 1343/4789 [00:01<00:04, 831.03it/s]
 30%|██▉       | 1427/4789 [00:01<00:04, 830.25it/s]
 32%|███▏      | 1511/4789 [00:01<00:03, 828.63it/s]
 33%|███▎      | 1594/4789 [00:01<00:03, 828.49it/s]
 35%|███▌      | 1677/4789 [00:02<00:03, 828.83it/s]
 37%|███▋      | 1760/4789 [00:02<00:03, 827.35it/s]
 38%|███▊      | 1843/4789 [00:02<00:03, 825.70it/s]
 40%|████      | 1926/4789 [00:02<00:03, 823.34it/s]
 42%|████▏     | 2009/4789 [00:02<00:03, 819.58it/s]
 44%|████▎     | 2093/4789 [00:02<00:03, 825.03it/s]
 45%|████▌     | 2176/4789 [00:02<00:03, 822.80it/s]
 47%|████▋     | 2259/4789 [00:02<00:03, 822.26it/s]
 49%|████▉     | 2344/4789 [00:02<00:02, 828.79it/s]
 51%|█████     | 2427/4789 [00:02<00:02, 826.26it/s]
 52%|█████▏    | 2511/4789 [00:03<00:02, 828.86it/s]
 54%|█████▍    | 2596/4789 [00:03<00:02, 832.28it/s]
 56%|█████▌    | 2680/4789 [00:03<00:02, 832.22it/s]
 58%|█████▊    | 2765/4789 [00:03<00:02, 835.87it/s]
 59%|█████▉    | 2849/4789 [00:03<00:02, 833.31it/s]
 61%|██████▏   | 2934/4789 [00:03<00:02, 835.32it/s]
 63%|██████▎   | 3018/4789 [00:03<00:02, 833.88it/s]
 65%|██████▍   | 3103/4789 [00:03<00:02, 838.58it/s]
 67%|██████▋   | 3188/4789 [00:03<00:01, 840.36it/s]
 68%|██████▊   | 3273/4789 [00:03<00:01, 838.69it/s]
 70%|███████   | 3357/4789 [00:04<00:01, 835.80it/s]
 72%|███████▏  | 3442/4789 [00:04<00:01, 838.53it/s]
 74%|███████▎  | 3526/4789 [00:04<00:01, 837.84it/s]
 75%|███████▌  | 3611/4789 [00:04<00:01, 839.34it/s]
 77%|███████▋  | 3695/4789 [00:04<00:01, 838.14it/s]
 79%|███████▉  | 3779/4789 [00:04<00:01, 837.16it/s]
 81%|████████  | 3863/4789 [00:04<00:01, 836.61it/s]
 82%|████████▏ | 3947/4789 [00:04<00:01, 829.65it/s]
 84%|████████▍ | 4030/4789 [00:04<00:00, 829.03it/s]
 86%|████████▌ | 4114/4789 [00:04<00:00, 831.91it/s]
 88%|████████▊ | 4198/4789 [00:05<00:00, 827.65it/s]
 89%|████████▉ | 4282/4789 [00:05<00:00, 829.33it/s]
 91%|█████████ | 4366/4789 [00:05<00:00, 831.68it/s]
 93%|█████████▎| 4451/4789 [00:05<00:00, 834.38it/s]
 95%|█████████▍| 4536/4789 [00:05<00:00, 838.06it/s]
 96%|█████████▋| 4621/4789 [00:05<00:00, 841.33it/s]
 98%|█████████▊| 4706/4789 [00:05<00:00, 839.30it/s]
100%|██████████| 4789/4789 [00:05<00:00, 832.22it/s]

Epoch 1/150:   0%|          | 0/300 [00:00<?, ?it/s]
Epoch 1/150:   0%|          | 1/300 [00:00<02:45,  1.81it/s]
Epoch 1/150:  17%|█▋        | 52/300 [00:00<00:02, 105.69it/s]
Epoch 1/150:  36%|███▋      | 109/300 [00:00<00:00, 210.01it/s]
Epoch 1/150:  55%|█████▌    | 165/300 [00:00<00:00, 294.77it/s]
Epoch 1/150:  72%|███████▏  | 216/300 [00:00<00:00, 348.96it/s]
Epoch 1/150:  89%|████████▉ | 268/300 [00:01<00:00, 394.42it/s]
Epoch 1/150: 100%|██████████| 300/300 [00:01<00:00, 257.93it/s]

Epoch 2/150:   0%|          | 0/300 [00:00<?, ?it/s]
Epoch 2/150:   0%|          | 1/300 [00:00<00:30,  9.75it/s]
Epoch 2/150:  19%|█▊        | 56/300 [00:00<00:00, 322.47it/s]
Epoch 2/150:  38%|███▊      | 114/300 [00:00<00:00, 437.82it/s]
Epoch 2/150:  58%|█████▊    | 174/300 [00:00<00:00, 498.74it/s]
Epoch 2/150:  77%|███████▋  | 230/300 [00:00<00:00, 517.62it/s]
Epoch 2/150:  95%|█████████▌| 286/300 [00:00<00:00, 530.39it/s]
Epoch 2/150: 100%|██████████| 300/300 [00:00<00:00, 439.91it/s]

Epoch 3/150:   0%|          | 0/300 [00:00<?, ?it/s]
Epoch 3/150:   0%|          | 1/300 [00:00<00:30,  9.68it/s]
Epoch 3/150:  17%|█▋        | 52/300 [00:00<00:00, 297.73it/s]
Epoch 3/150:  36%|███▋      | 109/300 [00:00<00:00, 418.34it/s]
Epoch 3/150:  53%|█████▎    | 158/300 [00:00<00:00, 445.21it/s]
Epoch 3/150:  72%|███████▏  | 216/300 [00:00<00:00, 492.87it/s]
Epoch 3/150:  92%|█████████▏| 277/300 [00:00<00:00, 529.36it/s]
Epoch 3/150: 100%|██████████| 300/300 [00:00<00:00, 430.80it/s]

Epoch 4/150:   0%|          | 0/300 [00:00<?, ?it/s]
Epoch 4/150:   0%|          | 1/300 [00:00<00:32,  9.07it/s]
Epoch 4/150:  18%|█▊        | 55/300 [00:00<00:00, 308.63it/s]
Epoch 4/150:  33%|███▎      | 98/300 [00:00<00:00, 361.77it/s]
Epoch 4/150:  48%|████▊     | 144/300 [00:00<00:00, 399.62it/s]
Epoch 4/150:  64%|██████▍   | 192/300 [00:00<00:00, 425.85it/s]
Epoch 4/150:  79%|███████▉  | 238/300 [00:00<00:00, 435.58it/s]
Epoch 4/150:  95%|█████████▌| 286/300 [00:00<00:00, 449.95it/s]
Epoch 4/150: 100%|██████████| 300/300 [00:00<00:00, 383.45it/s]

Epoch 5/150:   0%|          | 0/300 [00:00<?, ?it/s]
Epoch 5/150:   0%|          | 1/300 [00:00<00:31,  9.62it/s]
Epoch 5/150:  19%|█▊        | 56/300 [00:00<00:00, 320.40it/s]
Epoch 5/150:  38%|███▊      | 114/300 [00:00<00:00, 436.16it/s]
Epoch 5/150:  58%|█████▊    | 175/300 [00:00<00:00, 501.60it/s]
Epoch 5/150:  77%|███████▋  | 232/300 [00:00<00:00, 524.47it/s]
Epoch 5/150:  96%|█████████▋| 289/300 [00:00<00:00, 537.09it/s]
Epoch 5/150: 100%|██████████| 300/300 [00:00<00:00, 442.44it/s]

Epoch 6/150:   0%|          | 0/300 [00:00<?, ?it/s]
Epoch 6/150:   1%|          | 2/300 [00:00<00:15, 19.64it/s]
Epoch 6/150:  18%|█▊        | 55/300 [00:00<00:00, 315.70it/s]
Epoch 6/150:  38%|███▊      | 114/300 [00:00<00:00, 438.81it/s]
Epoch 6/150:  57%|█████▋    | 172/300 [00:00<00:00, 492.81it/s]
Epoch 6/150:  76%|███████▋  | 229/300 [00:00<00:00, 519.61it/s]
Epoch 6/150:  94%|█████████▍| 283/300 [00:00<00:00, 525.79it/s]
Epoch 6/150: 100%|██████████| 300/300 [00:00<00:00, 442.15it/s]

Epoch 7/150:   0%|          | 0/300 [00:00<?, ?it/s]
Epoch 7/150:   0%|          | 1/300 [00:00<00:31,  9.50it/s]
Epoch 7/150:  16%|█▋        | 49/300 [00:00<00:00, 277.30it/s]
Epoch 7/150:  33%|███▎      | 99/300 [00:00<00:00, 376.75it/s]
Epoch 7/150:  52%|█████▏    | 155/300 [00:00<00:00, 447.97it/s]
Epoch 7/150:  70%|███████   | 210/300 [00:00<00:00, 482.62it/s]
Epoch 7/150:  89%|████████▉ | 267/300 [00:00<00:00, 509.43it/s]
Epoch 7/150: 100%|██████████| 300/300 [00:00<00:00, 421.54it/s]

Epoch 8/150:   0%|          | 0/300 [00:00<?, ?it/s]
Epoch 8/150:   0%|          | 1/300 [00:00<00:30,  9.74it/s]
Epoch 8/150:  17%|█▋        | 51/300 [00:00<00:00, 294.04it/s]
Epoch 8/150:  35%|███▌      | 105/300 [00:00<00:00, 404.70it/s]
Epoch 8/150:  53%|█████▎    | 158/300 [00:00<00:00, 450.45it/s]
Epoch 8/150:  71%|███████   | 213/300 [00:00<00:00, 485.30it/s]
Epoch 8/150:  89%|████████▉ | 268/300 [00:00<00:00, 506.14it/s]
Epoch 8/150: 100%|██████████| 300/300 [00:00<00:00, 423.11it/s]

Epoch 9/150:   0%|          | 0/300 [00:00<?, ?it/s]
Epoch 9/150:   0%|          | 1/300 [00:00<00:30,  9.73it/s]
Epoch 9/150:  19%|█▉        | 57/300 [00:00<00:00, 329.41it/s]
Epoch 9/150:  39%|███▉      | 117/300 [00:00<00:00, 450.72it/s]
Epoch 9/150:  58%|█████▊    | 173/300 [00:00<00:00, 492.76it/s]
Epoch 9/150:  76%|███████▌  | 228/300 [00:00<00:00, 510.87it/s]
Epoch 9/150:  95%|█████████▍| 284/300 [00:00<00:00, 524.71it/s]
Epoch 9/150: 100%|██████████| 300/300 [00:00<00:00, 437.55it/s]

Epoch 10/150:   0%|          | 0/300 [00:00<?, ?it/s]
Epoch 10/150:   0%|          | 1/300 [00:00<00:30,  9.71it/s]
Epoch 10/150:  16%|█▌        | 48/300 [00:00<00:00, 274.97it/s]
Epoch 10/150:  25%|██▌       | 76/300 [00:00<00:01, 195.46it/s]
Epoch 10/150:  45%|████▍     | 134/300 [00:00<00:00, 314.23it/s]
Epoch 10/150:  64%|██████▍   | 192/300 [00:00<00:00, 395.52it/s]
Epoch 10/150:  80%|████████  | 241/300 [00:00<00:00, 423.20it/s]
Epoch 10/150:  96%|█████████▋| 289/300 [00:00<00:00, 438.26it/s]
Epoch 10/150: 100%|██████████| 300/300 [00:00<00:00, 347.61it/s]

Epoch 11/150:   0%|          | 0/300 [00:00<?, ?it/s]
Epoch 11/150:   0%|          | 1/300 [00:00<00:31,  9.40it/s]
Epoch 11/150:  18%|█▊        | 54/300 [00:00<00:00, 306.01it/s]
Epoch 11/150:  38%|███▊      | 113/300 [00:00<00:00, 430.98it/s]
Epoch 11/150:  57%|█████▋    | 170/300 [00:00<00:00, 483.96it/s]
Epoch 11/150:  75%|███████▍  | 224/300 [00:00<00:00, 502.67it/s]
Epoch 11/150:  94%|█████████▍| 282/300 [00:00<00:00, 526.68it/s]
Epoch 11/150: 100%|██████████| 300/300 [00:00<00:00, 432.49it/s]

Epoch 12/150:   0%|          | 0/300 [00:00<?, ?it/s]
Epoch 12/150:   0%|          | 1/300 [00:00<00:31,  9.59it/s]
Epoch 12/150:  17%|█▋        | 51/300 [00:00<00:00, 291.16it/s]
Epoch 12/150:  35%|███▌      | 106/300 [00:00<00:00, 406.53it/s]
Epoch 12/150:  54%|█████▍    | 163/300 [00:00<00:00, 468.00it/s]
Epoch 12/150:  72%|███████▏  | 215/300 [00:00<00:00, 482.89it/s]
Epoch 12/150:  88%|████████▊ | 264/300 [00:00<00:00, 482.25it/s]
Epoch 12/150: 100%|██████████| 300/300 [00:00<00:00, 413.50it/s]

Epoch 13/150:   0%|          | 0/300 [00:00<?, ?it/s]
Epoch 13/150:   0%|          | 1/300 [00:00<00:32,  9.24it/s]
Epoch 13/150:  16%|█▌        | 48/300 [00:00<00:00, 270.12it/s]
Epoch 13/150:  32%|███▏      | 96/300 [00:00<00:00, 361.91it/s]
Epoch 13/150:  48%|████▊     | 143/300 [00:00<00:00, 401.76it/s]
Epoch 13/150:  64%|██████▍   | 192/300 [00:00<00:00, 432.76it/s]
Epoch 13/150:  79%|███████▉  | 237/300 [00:00<00:00, 435.00it/s]
Epoch 13/150:  95%|█████████▍| 284/300 [00:00<00:00, 445.28it/s]
Epoch 13/150: 100%|██████████| 300/300 [00:00<00:00, 371.91it/s]

Epoch 14/150:   0%|          | 0/300 [00:00<?, ?it/s]
Epoch 14/150:   0%|          | 1/300 [00:00<00:30,  9.84it/s]
Epoch 14/150:  17%|█▋        | 51/300 [00:00<00:00, 295.05it/s]
Epoch 14/150:  36%|███▋      | 109/300 [00:00<00:00, 422.02it/s]
Epoch 14/150:  55%|█████▌    | 166/300 [00:00<00:00, 478.64it/s]
Epoch 14/150:  75%|███████▍  | 224/300 [00:00<00:00, 512.34it/s]
Epoch 14/150:  93%|█████████▎| 279/300 [00:00<00:00, 522.78it/s]
Epoch 14/150: 100%|██████████| 300/300 [00:00<00:00, 437.18it/s]

Epoch 15/150:   0%|          | 0/300 [00:00<?, ?it/s]
Epoch 15/150:   0%|          | 1/300 [00:00<00:31,  9.63it/s]
Epoch 15/150:  18%|█▊        | 53/300 [00:00<00:00, 302.76it/s]
Epoch 15/150:  37%|███▋      | 112/300 [00:00<00:00, 429.20it/s]
Epoch 15/150:  57%|█████▋    | 170/300 [00:00<00:00, 486.87it/s]
Epoch 15/150:  75%|███████▌  | 225/300 [00:00<00:00, 506.53it/s]
Epoch 15/150:  93%|█████████▎| 278/300 [00:00<00:00, 513.93it/s]
Epoch 15/150: 100%|██████████| 300/300 [00:00<00:00, 426.55it/s]

Epoch 16/150:   0%|          | 0/300 [00:00<?, ?it/s]
Epoch 16/150:   0%|          | 1/300 [00:00<00:31,  9.45it/s]
Epoch 16/150:  18%|█▊        | 55/300 [00:00<00:00, 312.72it/s]
Epoch 16/150:  37%|███▋      | 111/300 [00:00<00:00, 423.15it/s]
Epoch 16/150:  56%|█████▌    | 167/300 [00:00<00:00, 476.12it/s]
Epoch 16/150:  72%|███████▏  | 215/300 [00:00<00:00, 456.33it/s]
Epoch 16/150:  89%|████████▉ | 267/300 [00:00<00:00, 476.68it/s]
Epoch 16/150: 100%|██████████| 300/300 [00:00<00:00, 412.29it/s]

Epoch 17/150:   0%|          | 0/300 [00:00<?, ?it/s]
Epoch 17/150:   1%|          | 2/300 [00:00<00:15, 19.79it/s]
Epoch 17/150:  15%|█▌        | 46/300 [00:00<00:00, 264.95it/s]
Epoch 17/150:  31%|███       | 92/300 [00:00<00:00, 353.36it/s]
Epoch 17/150:  50%|████▉     | 149/300 [00:00<00:00, 437.13it/s]
Epoch 17/150:  67%|██████▋   | 202/300 [00:00<00:00, 469.97it/s]
Epoch 17/150:  83%|████████▎ | 250/300 [00:00<00:00, 454.38it/s]
Epoch 17/150: 100%|██████████| 300/300 [00:00<00:00, 467.12it/s]
Epoch 17/150: 100%|██████████| 300/300 [00:00<00:00, 392.91it/s]

Epoch 18/150:   0%|          | 0/300 [00:00<?, ?it/s]
Epoch 18/150:   1%|          | 2/300 [00:00<00:15, 19.80it/s]
Epoch 18/150:  17%|█▋        | 51/300 [00:00<00:00, 294.04it/s]
Epoch 18/150:  34%|███▍      | 102/300 [00:00<00:00, 388.23it/s]
Epoch 18/150:  47%|████▋     | 142/300 [00:00<00:00, 391.46it/s]
Epoch 18/150:  64%|██████▍   | 192/300 [00:00<00:00, 429.67it/s]
Epoch 18/150:  81%|████████  | 243/300 [00:00<00:00, 454.46it/s]
Epoch 18/150:  97%|█████████▋| 291/300 [00:00<00:00, 458.86it/s]
Epoch 18/150: 100%|██████████| 300/300 [00:00<00:00, 389.86it/s]

Epoch 19/150:   0%|          | 0/300 [00:00<?, ?it/s]
Epoch 19/150:   0%|          | 1/300 [00:00<00:30,  9.83it/s]
Epoch 19/150:  18%|█▊        | 55/300 [00:00<00:00, 318.42it/s]
Epoch 19/150:  35%|███▌      | 105/300 [00:00<00:00, 397.78it/s]
Epoch 19/150:  49%|████▊     | 146/300 [00:00<00:00, 401.79it/s]
Epoch 19/150:  64%|██████▎   | 191/300 [00:00<00:00, 418.48it/s]
Epoch 19/150:  80%|███████▉  | 239/300 [00:00<00:00, 435.44it/s]
Epoch 19/150:  94%|█████████▍| 283/300 [00:00<00:00, 435.83it/s]
Epoch 19/150: 100%|██████████| 300/300 [00:00<00:00, 383.03it/s]

Epoch 20/150:   0%|          | 0/300 [00:00<?, ?it/s]
Epoch 20/150:   0%|          | 1/300 [00:00<00:31,  9.58it/s]
Epoch 20/150:  15%|█▌        | 45/300 [00:00<00:00, 256.37it/s]
Epoch 20/150:  33%|███▎      | 100/300 [00:00<00:00, 387.72it/s]
Epoch 20/150:  50%|█████     | 150/300 [00:00<00:00, 428.48it/s]
Epoch 20/150:  66%|██████▌   | 197/300 [00:00<00:00, 440.61it/s]
Epoch 20/150:  81%|████████  | 242/300 [00:00<00:00, 438.06it/s]
Epoch 20/150:  96%|█████████▋| 289/300 [00:00<00:00, 447.14it/s]
Epoch 20/150: 100%|██████████| 300/300 [00:00<00:00, 383.59it/s]

Epoch 21/150:   0%|          | 0/300 [00:00<?, ?it/s]
Epoch 21/150:   0%|          | 1/300 [00:00<00:30,  9.65it/s]
Epoch 21/150:  17%|█▋        | 51/300 [00:00<00:00, 292.57it/s]
Epoch 21/150:  34%|███▍      | 103/300 [00:00<00:00, 393.74it/s]
Epoch 21/150:  48%|████▊     | 144/300 [00:00<00:00, 398.34it/s]
Epoch 21/150:  65%|██████▍   | 194/300 [00:00<00:00, 433.70it/s]
Epoch 21/150:  81%|████████  | 243/300 [00:00<00:00, 452.37it/s]
Epoch 21/150:  98%|█████████▊| 293/300 [00:00<00:00, 467.54it/s]
Epoch 21/150: 100%|██████████| 300/300 [00:00<00:00, 387.54it/s]

Epoch 22/150:   0%|          | 0/300 [00:00<?, ?it/s]
Epoch 22/150:   0%|          | 1/300 [00:00<00:30,  9.87it/s]
Epoch 22/150:  18%|█▊        | 53/300 [00:00<00:00, 305.58it/s]
Epoch 22/150:  34%|███▍      | 103/300 [00:00<00:00, 392.87it/s]
Epoch 22/150:  48%|████▊     | 145/300 [00:00<00:00, 400.89it/s]
Epoch 22/150:  65%|██████▌   | 195/300 [00:00<00:00, 435.19it/s]
Epoch 22/150:  81%|████████  | 243/300 [00:00<00:00, 449.77it/s]
Epoch 22/150:  97%|█████████▋| 291/300 [00:00<00:00, 456.53it/s]
Epoch 22/150: 100%|██████████| 300/300 [00:00<00:00, 386.00it/s]

Epoch 23/150:   0%|          | 0/300 [00:00<?, ?it/s]
Epoch 23/150:   0%|          | 1/300 [00:00<00:29,  9.97it/s]
Epoch 23/150:  16%|█▋        | 49/300 [00:00<00:00, 284.65it/s]
Epoch 23/150:  34%|███▎      | 101/300 [00:00<00:00, 388.44it/s]
Epoch 23/150:  49%|████▊     | 146/300 [00:00<00:00, 264.46it/s]
Epoch 23/150:  66%|██████▋   | 199/300 [00:00<00:00, 333.95it/s]
Epoch 23/150:  82%|████████▏ | 245/300 [00:00<00:00, 367.02it/s]
Epoch 23/150: 100%|█████████▉| 299/300 [00:00<00:00, 414.32it/s]
Epoch 23/150: 100%|██████████| 300/300 [00:00<00:00, 331.22it/s]

Epoch 24/150:   0%|          | 0/300 [00:00<?, ?it/s]
Epoch 24/150:   0%|          | 1/300 [00:00<00:30,  9.71it/s]
Epoch 24/150:  18%|█▊        | 55/300 [00:00<00:00, 317.00it/s]
Epoch 24/150:  37%|███▋      | 111/300 [00:00<00:00, 424.46it/s]
Epoch 24/150:  52%|█████▏    | 156/300 [00:00<00:00, 434.37it/s]
Epoch 24/150:  70%|███████   | 211/300 [00:00<00:00, 473.75it/s]
Epoch 24/150:  87%|████████▋ | 260/300 [00:00<00:00, 477.12it/s]
Epoch 24/150: 100%|██████████| 300/300 [00:00<00:00, 395.44it/s]

Epoch 25/150:   0%|          | 0/300 [00:00<?, ?it/s]
Epoch 25/150:   0%|          | 1/300 [00:00<00:30,  9.77it/s]
Epoch 25/150:  15%|█▌        | 45/300 [00:00<00:00, 259.06it/s]
Epoch 25/150:  33%|███▎      | 99/300 [00:00<00:00, 384.21it/s]
Epoch 25/150:  52%|█████▏    | 155/300 [00:00<00:00, 451.00it/s]
Epoch 25/150:  67%|██████▋   | 201/300 [00:00<00:00, 444.93it/s]
Epoch 25/150:  86%|████████▌ | 257/300 [00:00<00:00, 481.26it/s]
Epoch 25/150: 100%|██████████| 300/300 [00:00<00:00, 403.86it/s]

Epoch 26/150:   0%|          | 0/300 [00:00<?, ?it/s]
Epoch 26/150:   0%|          | 1/300 [00:00<00:32,  9.30it/s]
Epoch 26/150:  16%|█▌        | 48/300 [00:00<00:00, 269.80it/s]
Epoch 26/150:  34%|███▍      | 102/300 [00:00<00:00, 388.13it/s]
Epoch 26/150:  50%|█████     | 151/300 [00:00<00:00, 426.27it/s]
Epoch 26/150:  66%|██████▌   | 198/300 [00:00<00:00, 439.65it/s]
Epoch 26/150:  82%|████████▏ | 245/300 [00:00<00:00, 449.35it/s]
Epoch 26/150:  97%|█████████▋| 292/300 [00:00<00:00, 455.03it/s]
Epoch 26/150: 100%|██████████| 300/300 [00:00<00:00, 390.48it/s]

Epoch 27/150:   0%|          | 0/300 [00:00<?, ?it/s]
Epoch 27/150:   0%|          | 1/300 [00:00<00:30,  9.70it/s]
Epoch 27/150:  16%|█▋        | 49/300 [00:00<00:00, 280.04it/s]
Epoch 27/150:  32%|███▏      | 97/300 [00:00<00:00, 369.17it/s]
Epoch 27/150:  52%|█████▏    | 156/300 [00:00<00:00, 453.70it/s]
Epoch 27/150:  69%|██████▉   | 208/300 [00:00<00:00, 474.27it/s]
Epoch 27/150:  86%|████████▌ | 258/300 [00:00<00:00, 480.49it/s]
Epoch 27/150: 100%|██████████| 300/300 [00:00<00:00, 406.96it/s]

Epoch 28/150:   0%|          | 0/300 [00:00<?, ?it/s]
Epoch 28/150:   0%|          | 1/300 [00:00<00:31,  9.38it/s]
Epoch 28/150:  17%|█▋        | 51/300 [00:00<00:00, 290.15it/s]
Epoch 28/150:  36%|███▌      | 107/300 [00:00<00:00, 408.10it/s]
Epoch 28/150:  51%|█████     | 153/300 [00:00<00:00, 424.42it/s]
Epoch 28/150:  65%|██████▌   | 196/300 [00:00<00:00, 425.50it/s]
Epoch 28/150:  82%|████████▏ | 245/300 [00:00<00:00, 446.96it/s]
Epoch 28/150:  98%|█████████▊| 293/300 [00:00<00:00, 456.61it/s]
Epoch 28/150: 100%|██████████| 300/300 [00:00<00:00, 383.66it/s]

Epoch 29/150:   0%|          | 0/300 [00:00<?, ?it/s]
Epoch 29/150:   0%|          | 1/300 [00:00<00:31,  9.47it/s]
Epoch 29/150:  18%|█▊        | 53/300 [00:00<00:00, 301.46it/s]
Epoch 29/150:  34%|███▍      | 103/300 [00:00<00:00, 390.62it/s]
Epoch 29/150:  48%|████▊     | 144/300 [00:00<00:00, 396.85it/s]
Epoch 29/150:  64%|██████▍   | 192/300 [00:00<00:00, 423.87it/s]
Epoch 29/150:  81%|████████  | 242/300 [00:00<00:00, 446.97it/s]
Epoch 29/150:  97%|█████████▋| 292/300 [00:00<00:00, 461.34it/s]
Epoch 29/150: 100%|██████████| 300/300 [00:00<00:00, 386.14it/s]

Epoch 30/150:   0%|          | 0/300 [00:00<?, ?it/s]
Epoch 30/150:   0%|          | 1/300 [00:00<00:31,  9.35it/s]
Epoch 30/150:  18%|█▊        | 54/300 [00:00<00:00, 305.92it/s]
Epoch 30/150:  33%|███▎      | 99/300 [00:00<00:00, 364.67it/s]
Epoch 30/150:  51%|█████     | 152/300 [00:00<00:00, 426.77it/s]
Epoch 30/150:  69%|██████▉   | 208/300 [00:00<00:00, 473.58it/s]
Epoch 30/150:  86%|████████▌ | 257/300 [00:00<00:00, 477.20it/s]
Epoch 30/150: 100%|██████████| 300/300 [00:00<00:00, 395.59it/s]

Epoch 31/150:   0%|          | 0/300 [00:00<?, ?it/s]
Epoch 31/150:   0%|          | 1/300 [00:00<00:31,  9.63it/s]
Epoch 31/150:  15%|█▍        | 44/300 [00:00<00:01, 251.07it/s]
Epoch 31/150:  32%|███▏      | 96/300 [00:00<00:00, 370.70it/s]
Epoch 31/150:  46%|████▌     | 138/300 [00:00<00:00, 388.33it/s]
Epoch 31/150:  63%|██████▎   | 188/300 [00:00<00:00, 426.84it/s]
Epoch 31/150:  79%|███████▉  | 237/300 [00:00<00:00, 446.56it/s]
Epoch 31/150:  94%|█████████▍| 283/300 [00:00<00:00, 448.54it/s]
Epoch 31/150: 100%|██████████| 300/300 [00:00<00:00, 376.98it/s]

Epoch 32/150:   0%|          | 0/300 [00:00<?, ?it/s]
Epoch 32/150:   0%|          | 1/300 [00:00<00:31,  9.59it/s]
Epoch 32/150:  14%|█▎        | 41/300 [00:00<00:01, 234.96it/s]
Epoch 32/150:  32%|███▏      | 97/300 [00:00<00:00, 380.79it/s]
Epoch 32/150:  51%|█████     | 152/300 [00:00<00:00, 444.81it/s]
Epoch 32/150:  68%|██████▊   | 204/300 [00:00<00:00, 471.46it/s]
Epoch 32/150:  84%|████████▍ | 252/300 [00:00<00:00, 446.56it/s]
Epoch 32/150: 100%|██████████| 300/300 [00:00<00:00, 386.88it/s]

Epoch 33/150:   0%|          | 0/300 [00:00<?, ?it/s]
Epoch 33/150:   0%|          | 1/300 [00:00<00:30,  9.70it/s]
Epoch 33/150:  16%|█▋        | 49/300 [00:00<00:00, 281.56it/s]
Epoch 33/150:  30%|███       | 90/300 [00:00<00:00, 337.34it/s]
Epoch 33/150:  46%|████▋     | 139/300 [00:00<00:00, 395.77it/s]
Epoch 33/150:  63%|██████▎   | 190/300 [00:00<00:00, 435.11it/s]
Epoch 33/150:  80%|████████  | 241/300 [00:00<00:00, 459.61it/s]
Epoch 33/150:  96%|█████████▌| 288/300 [00:00<00:00, 444.98it/s]
Epoch 33/150: 100%|██████████| 300/300 [00:00<00:00, 377.14it/s]

Epoch 34/150:   0%|          | 0/300 [00:00<?, ?it/s]
Epoch 34/150:   0%|          | 1/300 [00:00<00:30,  9.67it/s]
Epoch 34/150:  17%|█▋        | 52/300 [00:00<00:00, 298.90it/s]
Epoch 34/150:  34%|███▍      | 102/300 [00:00<00:00, 388.47it/s]
Epoch 34/150:  47%|████▋     | 142/300 [00:00<00:00, 392.24it/s]
Epoch 34/150:  62%|██████▏   | 187/300 [00:00<00:00, 412.16it/s]
Epoch 34/150:  79%|███████▉  | 237/300 [00:00<00:00, 441.85it/s]
Epoch 34/150:  94%|█████████▍| 282/300 [00:00<00:00, 430.70it/s]
Epoch 34/150: 100%|██████████| 300/300 [00:00<00:00, 377.49it/s]

Epoch 35/150:   0%|          | 0/300 [00:00<?, ?it/s]
Epoch 35/150:   0%|          | 1/300 [00:00<00:30,  9.82it/s]
Epoch 35/150:  16%|█▋        | 49/300 [00:00<00:00, 281.37it/s]
Epoch 35/150:  32%|███▏      | 97/300 [00:00<00:00, 369.88it/s]
Epoch 35/150:  50%|█████     | 150/300 [00:00<00:00, 430.41it/s]
Epoch 35/150:  65%|██████▌   | 196/300 [00:00<00:00, 440.68it/s]
Epoch 35/150:  80%|████████  | 241/300 [00:00<00:00, 437.30it/s]
Epoch 35/150:  96%|█████████▋| 289/300 [00:00<00:00, 448.98it/s]
Epoch 35/150: 100%|██████████| 300/300 [00:00<00:00, 382.59it/s]

Epoch 36/150:   0%|          | 0/300 [00:00<?, ?it/s]
Epoch 36/150:   0%|          | 1/300 [00:00<00:34,  8.76it/s]
Epoch 36/150:  17%|█▋        | 52/300 [00:00<00:00, 287.07it/s]
Epoch 36/150:  36%|███▋      | 109/300 [00:00<00:00, 412.17it/s]
Epoch 36/150:  54%|█████▎    | 161/300 [00:00<00:00, 452.54it/s]
Epoch 36/150:  70%|███████   | 211/300 [00:00<00:00, 467.80it/s]
Epoch 36/150:  86%|████████▋ | 259/300 [00:00<00:00, 326.87it/s]
Epoch 36/150: 100%|██████████| 300/300 [00:00<00:00, 337.98it/s]

Epoch 37/150:   0%|          | 0/300 [00:00<?, ?it/s]
Epoch 37/150:   0%|          | 1/300 [00:00<00:32,  9.29it/s]
Epoch 37/150:  15%|█▌        | 45/300 [00:00<00:01, 252.23it/s]
Epoch 37/150:  29%|██▊       | 86/300 [00:00<00:00, 319.58it/s]
Epoch 37/150:  44%|████▍     | 133/300 [00:00<00:00, 376.20it/s]
Epoch 37/150:  60%|█████▉    | 179/300 [00:00<00:00, 405.11it/s]
Epoch 37/150:  75%|███████▌  | 226/300 [00:00<00:00, 425.67it/s]
Epoch 37/150:  90%|█████████ | 270/300 [00:00<00:00, 428.49it/s]
Epoch 37/150: 100%|██████████| 300/300 [00:00<00:00, 363.85it/s]

Epoch 38/150:   0%|          | 0/300 [00:00<?, ?it/s]
Epoch 38/150:   0%|          | 1/300 [00:00<00:33,  8.88it/s]
Epoch 38/150:  17%|█▋        | 50/300 [00:00<00:00, 275.31it/s]
Epoch 38/150:  35%|███▌      | 106/300 [00:00<00:00, 400.94it/s]
Epoch 38/150:  54%|█████▍    | 163/300 [00:00<00:00, 465.30it/s]
Epoch 38/150:  73%|███████▎  | 218/300 [00:00<00:00, 492.68it/s]
Epoch 38/150:  91%|█████████ | 273/300 [00:00<00:00, 509.63it/s]
Epoch 38/150: 100%|██████████| 300/300 [00:00<00:00, 416.91it/s]

Epoch 39/150:   0%|          | 0/300 [00:00<?, ?it/s]
Epoch 39/150:   0%|          | 1/300 [00:00<00:32,  9.27it/s]
Epoch 39/150:  18%|█▊        | 53/300 [00:00<00:00, 297.82it/s]
Epoch 39/150:  36%|███▋      | 109/300 [00:00<00:00, 411.67it/s]
Epoch 39/150:  55%|█████▌    | 165/300 [00:00<00:00, 468.05it/s]
Epoch 39/150:  74%|███████▎  | 221/300 [00:00<00:00, 500.35it/s]
Epoch 39/150:  91%|█████████ | 273/300 [00:00<00:00, 504.81it/s]
Epoch 39/150: 100%|██████████| 300/300 [00:00<00:00, 414.80it/s]

Epoch 40/150:   0%|          | 0/300 [00:00<?, ?it/s]
Epoch 40/150:   0%|          | 1/300 [00:00<00:31,  9.45it/s]
Epoch 40/150:  16%|█▋        | 49/300 [00:00<00:00, 277.68it/s]
Epoch 40/150:  31%|███       | 93/300 [00:00<00:00, 349.90it/s]
Epoch 40/150:  50%|████▉     | 149/300 [00:00<00:00, 429.71it/s]
Epoch 40/150:  68%|██████▊   | 205/300 [00:00<00:00, 475.96it/s]
Epoch 40/150:  87%|████████▋ | 261/300 [00:00<00:00, 503.96it/s]
Epoch 40/150: 100%|██████████| 300/300 [00:00<00:00, 415.33it/s]

Epoch 41/150:   0%|          | 0/300 [00:00<?, ?it/s]
Epoch 41/150:   0%|          | 1/300 [00:00<00:30,  9.78it/s]
Epoch 41/150:  16%|█▌        | 48/300 [00:00<00:00, 277.34it/s]
Epoch 41/150:  34%|███▍      | 102/300 [00:00<00:00, 396.34it/s]
Epoch 41/150:  52%|█████▏    | 157/300 [00:00<00:00, 454.89it/s]
Epoch 41/150:  71%|███████   | 212/300 [00:00<00:00, 486.12it/s]
Epoch 41/150:  88%|████████▊ | 265/300 [00:00<00:00, 499.20it/s]
Epoch 41/150: 100%|██████████| 300/300 [00:00<00:00, 411.56it/s]

Epoch 42/150:   0%|          | 0/300 [00:00<?, ?it/s]
Epoch 42/150:   0%|          | 1/300 [00:00<00:34,  8.72it/s]
Epoch 42/150:  19%|█▉        | 58/300 [00:00<00:00, 317.78it/s]
Epoch 42/150:  38%|███▊      | 115/300 [00:00<00:00, 428.43it/s]
Epoch 42/150:  55%|█████▌    | 166/300 [00:00<00:00, 455.74it/s]
Epoch 42/150:  71%|███████   | 213/300 [00:00<00:00, 423.57it/s]
Epoch 42/150:  86%|████████▌ | 257/300 [00:00<00:00, 428.18it/s]
Epoch 42/150: 100%|██████████| 300/300 [00:00<00:00, 388.44it/s]

Epoch 43/150:   0%|          | 0/300 [00:00<?, ?it/s]
Epoch 43/150:   0%|          | 1/300 [00:00<00:33,  9.03it/s]
Epoch 43/150:  17%|█▋        | 52/300 [00:00<00:00, 289.98it/s]
Epoch 43/150:  36%|███▌      | 107/300 [00:00<00:00, 405.04it/s]
Epoch 43/150:  53%|█████▎    | 159/300 [00:00<00:00, 448.72it/s]
Epoch 43/150:  71%|███████   | 212/300 [00:00<00:00, 476.61it/s]
Epoch 43/150:  89%|████████▊ | 266/300 [00:00<00:00, 496.41it/s]
Epoch 43/150: 100%|██████████| 300/300 [00:00<00:00, 418.50it/s]

Epoch 44/150:   0%|          | 0/300 [00:00<?, ?it/s]
Epoch 44/150:   0%|          | 1/300 [00:00<00:30,  9.66it/s]
Epoch 44/150:  16%|█▌        | 47/300 [00:00<00:00, 268.41it/s]
Epoch 44/150:  33%|███▎      | 98/300 [00:00<00:00, 373.67it/s]
Epoch 44/150:  49%|████▉     | 147/300 [00:00<00:00, 418.13it/s]
Epoch 44/150:  63%|██████▎   | 189/300 [00:00<00:00, 410.93it/s]
Epoch 44/150:  80%|████████  | 240/300 [00:00<00:00, 441.30it/s]
Epoch 44/150:  97%|█████████▋| 290/300 [00:00<00:00, 458.56it/s]
Epoch 44/150: 100%|██████████| 300/300 [00:00<00:00, 383.85it/s]

Epoch 45/150:   0%|          | 0/300 [00:00<?, ?it/s]
Epoch 45/150:   0%|          | 1/300 [00:00<00:31,  9.59it/s]
Epoch 45/150:  17%|█▋        | 52/300 [00:00<00:00, 297.96it/s]
Epoch 45/150:  35%|███▍      | 104/300 [00:00<00:00, 398.04it/s]
Epoch 45/150:  54%|█████▍    | 163/300 [00:00<00:00, 472.15it/s]
Epoch 45/150:  74%|███████▍  | 222/300 [00:00<00:00, 511.77it/s]
Epoch 45/150:  94%|█████████▍| 283/300 [00:00<00:00, 541.15it/s]
Epoch 45/150: 100%|██████████| 300/300 [00:00<00:00, 435.50it/s]

Epoch 46/150:   0%|          | 0/300 [00:00<?, ?it/s]
Epoch 46/150:   0%|          | 1/300 [00:00<00:30,  9.76it/s]
Epoch 46/150:  17%|█▋        | 52/300 [00:00<00:00, 299.64it/s]
Epoch 46/150:  37%|███▋      | 112/300 [00:00<00:00, 432.48it/s]
Epoch 46/150:  57%|█████▋    | 170/300 [00:00<00:00, 489.01it/s]
Epoch 46/150:  77%|███████▋  | 230/300 [00:00<00:00, 526.38it/s]
Epoch 46/150:  95%|█████████▌| 286/300 [00:00<00:00, 535.27it/s]
Epoch 46/150: 100%|██████████| 300/300 [00:00<00:00, 436.64it/s]

Epoch 47/150:   0%|          | 0/300 [00:00<?, ?it/s]
Epoch 47/150:   0%|          | 1/300 [00:00<00:31,  9.51it/s]
Epoch 47/150:  16%|█▋        | 49/300 [00:00<00:00, 278.15it/s]
Epoch 47/150:  34%|███▎      | 101/300 [00:00<00:00, 384.18it/s]
Epoch 47/150:  52%|█████▏    | 157/300 [00:00<00:00, 451.59it/s]
Epoch 47/150:  71%|███████   | 213/300 [00:00<00:00, 488.29it/s]
Epoch 47/150:  90%|█████████ | 270/300 [00:00<00:00, 513.71it/s]
Epoch 47/150: 100%|██████████| 300/300 [00:00<00:00, 419.55it/s]

Epoch 48/150:   0%|          | 0/300 [00:00<?, ?it/s]
Epoch 48/150:   0%|          | 1/300 [00:00<00:30,  9.74it/s]
Epoch 48/150:  17%|█▋        | 50/300 [00:00<00:00, 288.23it/s]
Epoch 48/150:  36%|███▌      | 107/300 [00:00<00:00, 413.60it/s]
Epoch 48/150:  55%|█████▍    | 164/300 [00:00<00:00, 474.62it/s]
Epoch 48/150:  74%|███████▍  | 222/300 [00:00<00:00, 509.39it/s]
Epoch 48/150:  93%|█████████▎| 279/300 [00:00<00:00, 528.41it/s]
Epoch 48/150: 100%|██████████| 300/300 [00:00<00:00, 431.64it/s]

Epoch 49/150:   0%|          | 0/300 [00:00<?, ?it/s]
Epoch 49/150:   0%|          | 1/300 [00:00<00:30,  9.76it/s]
Epoch 49/150:  17%|█▋        | 51/300 [00:00<00:00, 293.51it/s]
Epoch 49/150:  35%|███▍      | 104/300 [00:00<00:00, 397.64it/s]
Epoch 49/150:  54%|█████▎    | 161/300 [00:00<00:00, 462.28it/s]
Epoch 49/150:  73%|███████▎  | 218/300 [00:00<00:00, 500.00it/s]
Epoch 49/150:  91%|█████████▏| 274/300 [00:00<00:00, 517.27it/s]
Epoch 49/150: 100%|██████████| 300/300 [00:00<00:00, 428.55it/s]

Epoch 50/150:   0%|          | 0/300 [00:00<?, ?it/s]
Epoch 50/150:   0%|          | 1/300 [00:00<00:31,  9.59it/s]
Epoch 50/150:   9%|▉         | 27/300 [00:00<00:02, 99.81it/s]
Epoch 50/150:  26%|██▌       | 78/300 [00:00<00:00, 241.59it/s]
Epoch 50/150:  43%|████▎     | 130/300 [00:00<00:00, 332.84it/s]
Epoch 50/150:  62%|██████▏   | 185/300 [00:00<00:00, 402.32it/s]
Epoch 50/150:  80%|████████  | 240/300 [00:00<00:00, 446.72it/s]
Epoch 50/150:  99%|█████████▉| 297/300 [00:00<00:00, 482.65it/s]
Epoch 50/150: 100%|██████████| 300/300 [00:00<00:00, 346.80it/s]

Epoch 51/150:   0%|          | 0/300 [00:00<?, ?it/s]
Epoch 51/150:   0%|          | 1/300 [00:00<00:30,  9.73it/s]
Epoch 51/150:  17%|█▋        | 52/300 [00:00<00:00, 300.09it/s]
Epoch 51/150:  35%|███▌      | 105/300 [00:00<00:00, 402.27it/s]
Epoch 51/150:  53%|█████▎    | 160/300 [00:00<00:00, 460.12it/s]
Epoch 51/150:  72%|███████▏  | 215/300 [00:00<00:00, 489.31it/s]
Epoch 51/150:  90%|█████████ | 270/300 [00:00<00:00, 508.00it/s]
Epoch 51/150: 100%|██████████| 300/300 [00:00<00:00, 426.43it/s]

Epoch 52/150:   0%|          | 0/300 [00:00<?, ?it/s]
Epoch 52/150:   0%|          | 1/300 [00:00<00:30,  9.67it/s]
Epoch 52/150:  15%|█▌        | 46/300 [00:00<00:00, 264.43it/s]
Epoch 52/150:  33%|███▎      | 99/300 [00:00<00:00, 381.63it/s]
Epoch 52/150:  50%|█████     | 151/300 [00:00<00:00, 435.66it/s]
Epoch 52/150:  69%|██████▉   | 207/300 [00:00<00:00, 479.31it/s]
Epoch 52/150:  87%|████████▋ | 262/300 [00:00<00:00, 502.49it/s]
Epoch 52/150: 100%|██████████| 300/300 [00:00<00:00, 414.93it/s]

Epoch 53/150:   0%|          | 0/300 [00:00<?, ?it/s]
Epoch 53/150:   0%|          | 1/300 [00:00<00:31,  9.61it/s]
Epoch 53/150:  17%|█▋        | 52/300 [00:00<00:00, 297.65it/s]
Epoch 53/150:  33%|███▎      | 98/300 [00:00<00:00, 368.83it/s]
Epoch 53/150:  51%|█████▏    | 154/300 [00:00<00:00, 441.32it/s]
Epoch 53/150:  70%|███████   | 210/300 [00:00<00:00, 482.01it/s]
Epoch 53/150:  88%|████████▊ | 265/300 [00:00<00:00, 504.54it/s]
Epoch 53/150: 100%|██████████| 300/300 [00:00<00:00, 411.80it/s]

Epoch 54/150:   0%|          | 0/300 [00:00<?, ?it/s]
Epoch 54/150:   0%|          | 1/300 [00:00<00:29,  9.97it/s]
Epoch 54/150:  16%|█▋        | 49/300 [00:00<00:00, 284.39it/s]
Epoch 54/150:  35%|███▌      | 105/300 [00:00<00:00, 408.41it/s]
Epoch 54/150:  54%|█████▎    | 161/300 [00:00<00:00, 467.24it/s]
Epoch 54/150:  73%|███████▎  | 218/300 [00:00<00:00, 502.63it/s]
Epoch 54/150:  91%|█████████▏| 274/300 [00:00<00:00, 519.24it/s]
Epoch 54/150: 100%|██████████| 300/300 [00:00<00:00, 432.59it/s]

Epoch 55/150:   0%|          | 0/300 [00:00<?, ?it/s]
Epoch 55/150:   0%|          | 1/300 [00:00<00:30,  9.74it/s]
Epoch 55/150:  17%|█▋        | 52/300 [00:00<00:00, 298.58it/s]
Epoch 55/150:  36%|███▌      | 107/300 [00:00<00:00, 411.85it/s]
Epoch 55/150:  51%|█████▏    | 154/300 [00:00<00:00, 431.84it/s]
Epoch 55/150:  66%|██████▌   | 198/300 [00:00<00:00, 429.39it/s]
Epoch 55/150:  82%|████████▏ | 246/300 [00:00<00:00, 444.80it/s]
Epoch 55/150:  98%|█████████▊| 294/300 [00:00<00:00, 454.30it/s]
Epoch 55/150: 100%|██████████| 300/300 [00:00<00:00, 390.04it/s]
--- FCN-1D Training Settings ---
Sport: deadlift, Type: 3D
Kernels: [7, 5, 3], Dropout: 0.3
Applying augmentations: ['dtwwarp'] (this might take a while)...
Augmentations ['dtwwarp'] applied successfully.
Fold 0 | Input Dim: 70 | Train: 9578, Val: 720, Test: 1347
Epoch 1, Train Loss: 0.1942, Val Loss: 0.1841, Train F1: 0.5371, Val F1: 0.6267, LR: 0.000040
✅ Model Saved (Best F1-score)
Epoch 2, Train Loss: 0.1711, Val Loss: 0.1753, Train F1: 0.6709, Val F1: 0.6576, LR: 0.000060
✅ Model Saved (Best F1-score)
Epoch 3, Train Loss: 0.1635, Val Loss: 0.1769, Train F1: 0.6911, Val F1: 0.6673, LR: 0.000080
✅ Model Saved (Best F1-score)
Epoch 4, Train Loss: 0.1586, Val Loss: 0.1760, Train F1: 0.7030, Val F1: 0.6623, LR: 0.000100
Epoch 5, Train Loss: 0.1546, Val Loss: 0.1775, Train F1: 0.7083, Val F1: 0.6838, LR: 0.000100
✅ Model Saved (Best F1-score)
Epoch 6, Train Loss: 0.1505, Val Loss: 0.1766, Train F1: 0.7194, Val F1: 0.6689, LR: 0.000100
Epoch 7, Train Loss: 0.1476, Val Loss: 0.1802, Train F1: 0.7245, Val F1: 0.6538, LR: 0.000100
Epoch 8, Train Loss: 0.1438, Val Loss: 0.1778, Train F1: 0.7339, Val F1: 0.6759, LR: 0.000100
Epoch 9, Train Loss: 0.1404, Val Loss: 0.1852, Train F1: 0.7414, Val F1: 0.6680, LR: 0.000100
Epoch 10, Train Loss: 0.1378, Val Loss: 0.1869, Train F1: 0.7467, Val F1: 0.6765, LR: 0.000100
Epoch 11, Train Loss: 0.1336, Val Loss: 0.1805, Train F1: 0.7570, Val F1: 0.6665, LR: 0.000100
Epoch 12, Train Loss: 0.1319, Val Loss: 0.1921, Train F1: 0.7570, Val F1: 0.6720, LR: 0.000099
Epoch 13, Train Loss: 0.1285, Val Loss: 0.1939, Train F1: 0.7648, Val F1: 0.6725, LR: 0.000099
Epoch 14, Train Loss: 0.1251, Val Loss: 0.1965, Train F1: 0.7712, Val F1: 0.6650, LR: 0.000099
Epoch 15, Train Loss: 0.1234, Val Loss: 0.1930, Train F1: 0.7747, Val F1: 0.6714, LR: 0.000099
Epoch 16, Train Loss: 0.1205, Val Loss: 0.2005, Train F1: 0.7815, Val F1: 0.6750, LR: 0.000099
Epoch 17, Train Loss: 0.1184, Val Loss: 0.2066, Train F1: 0.7832, Val F1: 0.6719, LR: 0.000098
Epoch 18, Train Loss: 0.1169, Val Loss: 0.2129, Train F1: 0.7856, Val F1: 0.6717, LR: 0.000098
Epoch 19, Train Loss: 0.1124, Val Loss: 0.2208, Train F1: 0.7992, Val F1: 0.6655, LR: 0.000098
Epoch 20, Train Loss: 0.1108, Val Loss: 0.2136, Train F1: 0.8012, Val F1: 0.6613, LR: 0.000097
Epoch 21, Train Loss: 0.1082, Val Loss: 0.2190, Train F1: 0.8043, Val F1: 0.6802, LR: 0.000097
Epoch 22, Train Loss: 0.1065, Val Loss: 0.2259, Train F1: 0.8101, Val F1: 0.6594, LR: 0.000097
Epoch 23, Train Loss: 0.1024, Val Loss: 0.2355, Train F1: 0.8156, Val F1: 0.6566, LR: 0.000096
Epoch 24, Train Loss: 0.1005, Val Loss: 0.2531, Train F1: 0.8213, Val F1: 0.6606, LR: 0.000096
Epoch 25, Train Loss: 0.0995, Val Loss: 0.2332, Train F1: 0.8230, Val F1: 0.6563, LR: 0.000095
Epoch 26, Train Loss: 0.0965, Val Loss: 0.2354, Train F1: 0.8276, Val F1: 0.6425, LR: 0.000095
Epoch 27, Train Loss: 0.0963, Val Loss: 0.2295, Train F1: 0.8298, Val F1: 0.6739, LR: 0.000094
Epoch 28, Train Loss: 0.0931, Val Loss: 0.2577, Train F1: 0.8359, Val F1: 0.6506, LR: 0.000094
Epoch 29, Train Loss: 0.0917, Val Loss: 0.2580, Train F1: 0.8378, Val F1: 0.6560, LR: 0.000093
Epoch 30, Train Loss: 0.0907, Val Loss: 0.2607, Train F1: 0.8405, Val F1: 0.6532, LR: 0.000093
Epoch 31, Train Loss: 0.0880, Val Loss: 0.2722, Train F1: 0.8433, Val F1: 0.6482, LR: 0.000092
Epoch 32, Train Loss: 0.0868, Val Loss: 0.2875, Train F1: 0.8466, Val F1: 0.6555, LR: 0.000092
Epoch 33, Train Loss: 0.0845, Val Loss: 0.2769, Train F1: 0.8505, Val F1: 0.6521, LR: 0.000091
Epoch 34, Train Loss: 0.0849, Val Loss: 0.2664, Train F1: 0.8517, Val F1: 0.6543, LR: 0.000090
Epoch 35, Train Loss: 0.0823, Val Loss: 0.2813, Train F1: 0.8531, Val F1: 0.6486, LR: 0.000090
Epoch 36, Train Loss: 0.0807, Val Loss: 0.2763, Train F1: 0.8593, Val F1: 0.6552, LR: 0.000089
Epoch 37, Train Loss: 0.0799, Val Loss: 0.2729, Train F1: 0.8616, Val F1: 0.6445, LR: 0.000088
Epoch 38, Train Loss: 0.0768, Val Loss: 0.3105, Train F1: 0.8637, Val F1: 0.6491, LR: 0.000088
Epoch 39, Train Loss: 0.0764, Val Loss: 0.3069, Train F1: 0.8672, Val F1: 0.6652, LR: 0.000087
Epoch 40, Train Loss: 0.0751, Val Loss: 0.2910, Train F1: 0.8709, Val F1: 0.6410, LR: 0.000086
Epoch 41, Train Loss: 0.0732, Val Loss: 0.3243, Train F1: 0.8742, Val F1: 0.6422, LR: 0.000086
Epoch 42, Train Loss: 0.0737, Val Loss: 0.3047, Train F1: 0.8757, Val F1: 0.6545, LR: 0.000085
Epoch 43, Train Loss: 0.0694, Val Loss: 0.3463, Train F1: 0.8787, Val F1: 0.6628, LR: 0.000084
Epoch 44, Train Loss: 0.0689, Val Loss: 0.3414, Train F1: 0.8838, Val F1: 0.6465, LR: 0.000083
Epoch 45, Train Loss: 0.0674, Val Loss: 0.3597, Train F1: 0.8823, Val F1: 0.6560, LR: 0.000082
Epoch 46, Train Loss: 0.0665, Val Loss: 0.3271, Train F1: 0.8864, Val F1: 0.6547, LR: 0.000082
Epoch 47, Train Loss: 0.0661, Val Loss: 0.3556, Train F1: 0.8857, Val F1: 0.6491, LR: 0.000081
Epoch 48, Train Loss: 0.0643, Val Loss: 0.3500, Train F1: 0.8915, Val F1: 0.6370, LR: 0.000080
Epoch 49, Train Loss: 0.0643, Val Loss: 0.3395, Train F1: 0.8904, Val F1: 0.6411, LR: 0.000079
Epoch 50, Train Loss: 0.0624, Val Loss: 0.3834, Train F1: 0.8953, Val F1: 0.6408, LR: 0.000078
Epoch 51, Train Loss: 0.0607, Val Loss: 0.3532, Train F1: 0.8978, Val F1: 0.6349, LR: 0.000077
Epoch 52, Train Loss: 0.0596, Val Loss: 0.3477, Train F1: 0.9002, Val F1: 0.6517, LR: 0.000076
Epoch 53, Train Loss: 0.0591, Val Loss: 0.3967, Train F1: 0.9016, Val F1: 0.6355, LR: 0.000075
Epoch 54, Train Loss: 0.0591, Val Loss: 0.3529, Train F1: 0.9009, Val F1: 0.6537, LR: 0.000074
Epoch 55, Train Loss: 0.0577, Val Loss: 0.3665, Train F1: 0.9040, Val F1: 0.6334, LR: 0.000073
⏹️ Early Stopping Triggered
Fold 0 Test F1: 0.6676, Accuracy: 0.3890, cost 1.0667594167685279e-05 sec

✅ F1 scores from each Fold:
Fold 0: Macro F1 = 0.6676, Accuracy: 0.3890, cost time = 0.000011 sec
  - Correct: F1 = 0.5430
  - Far from the shins: F1 = 0.7023
  - Hips rise first: F1 = 0.7188
  - Collide with the knees: F1 = 0.6000
  - Lower back rounding: F1 = 0.6491

📊 Average F1 Score: 0.6676 ± 0.0000
  Average F1 Score per Class:
  - Correct: 0.5430 ± 0.0000
  - Far from the shins: 0.7023 ± 0.0000
  - Hips rise first: 0.7188 ± 0.0000
  - Collide with the knees: 0.6000 ± 0.0000
  - Lower back rounding: 0.6491 ± 0.0000
🏆 Best F1: 0.6676 from Fold 0
📁 Best model saved at: /home/pitt_huang/workspace/fitness_action_recognition/FCN-1D/checkpoints/FCN_Deadlift_3D/fcn1d_dtwwarp_best/FCN1D_model_fold0.pth

✅ 寫入完成：/home/pitt_huang/workspace/fitness_action_recognition/FCN-1D/checkpoints/FCN_Deadlift_3D/fcn1d_dtwwarp_best/results_summary.txt
